/home/app/static/main.html
public/file.html a/c
. . public x/abs
/a/b/d /y/z
/a/c . . x/
/a/b . / //
c.txt c b
.gz  . 
../../d b/c true
true false / /
a+b
2cf24dba5fb0a30e26e83b2ac5b9e29e1b161e5c1fa7425e73043362938b9824
qvTGHdzF6KLavt4PO0gs2a6pQ00=
5d41402abc4b2a76b9719d911017c592
bVGPizHRiC_qzhCpIV9djPWv4DdlKh0R2cFAjZiMKk9xpe38hdBxL6P04hssCiRMjA0zO6tFQxHiQGfSqD5eWQ
38b060a751ac96384cd9327eb1b1e36a21fdb71114be07434c0cc7bf63f6e1da274edebfe76f65fbd51ad2f14898b95b unsupported
40 then threw
^\/(?<id>[^/]+)\/(?<rest>[^/]+)$ true
rejected true
rejected true
gi bad flags bad flags
x+ g
