    Blocking waiting for file lock on package cache
   Compiling smelt-cli v0.1.0 (/home/lollo/Playground/smelt/crates/smelt-cli)
    Finished `dev` profile [unoptimized + debuginfo] target(s) in 3.52s
     Running `target/debug/smelt --manifest-path third_party/remeda/Smelt.toml build`
SMELT_DEBUG_LOWER /home/lollo/Playground/smelt/third_party/remeda/packages/remeda/src/internal/types/LazyResult.ts
SMELT_DEBUG_LOWER /home/lollo/Playground/smelt/third_party/remeda/packages/remeda/src/internal/types/LazyEvaluator.ts
SMELT_DEBUG_LOWER /home/lollo/Playground/smelt/third_party/remeda/packages/remeda/src/internal/types/StrictFunction.ts
SMELT_DEBUG_LOWER /home/lollo/Playground/smelt/third_party/remeda/packages/remeda/src/internal/lazyDataLastImpl.ts
SMELT_DEBUG_LOWER /home/lollo/Playground/smelt/third_party/remeda/packages/remeda/src/purry.ts
SMELT_DEBUG_LOWER /home/lollo/Playground/smelt/third_party/remeda/packages/remeda/src/add.ts
SMELT_DEBUG_LOWER third_party/remeda/packages/remeda/src/add.test.ts
SMELT_DEBUG_LOWER /home/lollo/Playground/smelt/third_party/remeda/packages/remeda/src/internal/types/UpsertProp.ts
SMELT_DEBUG_LOWER /home/lollo/Playground/smelt/third_party/remeda/packages/remeda/src/addProp.ts
SMELT_DEBUG_LOWER /home/lollo/Playground/smelt/third_party/remeda/packages/remeda/src/internal/types/LazyDefinition.ts
SMELT_DEBUG_LOWER /home/lollo/Playground/smelt/third_party/remeda/packages/remeda/src/internal/utilityEvaluators.ts
SMELT_DEBUG_LOWER /home/lollo/Playground/smelt/third_party/remeda/packages/remeda/src/pipe.ts
SMELT_DEBUG_LOWER third_party/remeda/packages/remeda/src/addProp.test.ts
SMELT_DEBUG_LOWER /home/lollo/Playground/smelt/third_party/remeda/packages/remeda/src/allPass.ts
SMELT_DEBUG_LOWER third_party/remeda/packages/remeda/src/allPass.test.ts
SMELT_DEBUG_LOWER /home/lollo/Playground/smelt/third_party/remeda/packages/remeda/src/anyPass.ts
SMELT_DEBUG_LOWER third_party/remeda/packages/remeda/src/anyPass.test.ts
SMELT_DEBUG_LOWER /home/lollo/Playground/smelt/third_party/remeda/packages/remeda/src/capitalize.ts
SMELT_DEBUG_LOWER third_party/remeda/packages/remeda/src/capitalize.test.ts
SMELT_DEBUG_LOWER /home/lollo/Playground/smelt/third_party/remeda/packages/remeda/src/internal/withPrecision.ts
SMELT_DEBUG_LOWER /home/lollo/Playground/smelt/third_party/remeda/packages/remeda/src/ceil.ts
SMELT_DEBUG_LOWER third_party/remeda/packages/remeda/src/ceil.test.ts
SMELT_DEBUG_LOWER /home/lollo/Playground/smelt/third_party/remeda/packages/remeda/src/internal/types/IntRangeInclusive.ts
SMELT_DEBUG_LOWER /home/lollo/Playground/smelt/third_party/remeda/packages/remeda/src/internal/types/IterableContainer.ts
SMELT_DEBUG_LOWER /home/lollo/Playground/smelt/third_party/remeda/packages/remeda/src/internal/types/NTuple.ts
SMELT_DEBUG_LOWER /home/lollo/Playground/smelt/third_party/remeda/packages/remeda/src/internal/types/NonEmptyArray.ts
SMELT_DEBUG_LOWER /home/lollo/Playground/smelt/third_party/remeda/packages/remeda/src/internal/types/PartialArray.ts
SMELT_DEBUG_LOWER /home/lollo/Playground/smelt/third_party/remeda/packages/remeda/src/internal/types/RemedaTypeError.ts
SMELT_DEBUG_LOWER /home/lollo/Playground/smelt/third_party/remeda/packages/remeda/src/internal/types/TupleParts.ts
SMELT_DEBUG_LOWER /home/lollo/Playground/smelt/third_party/remeda/packages/remeda/src/chunk.ts
SMELT_DEBUG_LOWER third_party/remeda/packages/remeda/src/chunk.test.ts
SMELT_DEBUG_LOWER /home/lollo/Playground/smelt/third_party/remeda/packages/remeda/src/clamp.ts
SMELT_DEBUG_LOWER third_party/remeda/packages/remeda/src/clamp.test.ts
SMELT_DEBUG_LOWER /home/lollo/Playground/smelt/third_party/remeda/packages/remeda/src/clone.ts
SMELT_DEBUG_LOWER third_party/remeda/packages/remeda/src/clone.test.ts
SMELT_DEBUG_LOWER /home/lollo/Playground/smelt/third_party/remeda/packages/remeda/src/concat.ts
SMELT_DEBUG_LOWER third_party/remeda/packages/remeda/src/concat.test.ts
SMELT_DEBUG_LOWER /home/lollo/Playground/smelt/third_party/remeda/packages/remeda/src/internal/purryOn.ts
SMELT_DEBUG_LOWER /home/lollo/Playground/smelt/third_party/remeda/packages/remeda/src/internal/types/GuardType.ts
SMELT_DEBUG_LOWER /home/lollo/Playground/smelt/third_party/remeda/packages/remeda/src/conditional.ts
SMELT_DEBUG_LOWER /home/lollo/Playground/smelt/third_party/remeda/packages/remeda/src/constant.ts
SMELT_DEBUG_LOWER /home/lollo/Playground/smelt/third_party/remeda/packages/remeda/src/isDeepEqual.ts
SMELT_DEBUG_LOWER third_party/remeda/packages/remeda/src/conditional.test.ts
SMELT_DEBUG_LOWER /home/lollo/Playground/smelt/third_party/remeda/packages/remeda/src/internal/types/Mapped.ts
SMELT_DEBUG_LOWER /home/lollo/Playground/smelt/third_party/remeda/packages/remeda/src/map.ts
SMELT_DEBUG_LOWER /home/lollo/Playground/smelt/third_party/remeda/packages/remeda/src/sliceString.ts
SMELT_DEBUG_LOWER /home/lollo/Playground/smelt/third_party/remeda/packages/remeda/src/times.ts
SMELT_DEBUG_LOWER third_party/remeda/packages/remeda/src/constant.test.ts
SMELT_DEBUG_LOWER /home/lollo/Playground/smelt/third_party/remeda/packages/remeda/src/internal/types/IsBounded.ts
SMELT_DEBUG_LOWER /home/lollo/Playground/smelt/third_party/remeda/packages/remeda/src/internal/types/IsBoundedRecord.ts
SMELT_DEBUG_LOWER /home/lollo/Playground/smelt/third_party/remeda/packages/remeda/src/internal/types/BoundedPartial.ts
SMELT_DEBUG_LOWER /home/lollo/Playground/smelt/third_party/remeda/packages/remeda/src/countBy.ts
SMELT_DEBUG_LOWER /home/lollo/Playground/smelt/third_party/remeda/packages/remeda/src/identity.ts
SMELT_DEBUG_LOWER /home/lollo/Playground/smelt/third_party/remeda/packages/remeda/src/internal/types/NarrowedTo.ts
SMELT_DEBUG_LOWER /home/lollo/Playground/smelt/third_party/remeda/packages/remeda/src/isString.ts
SMELT_DEBUG_LOWER /home/lollo/Playground/smelt/third_party/remeda/packages/remeda/src/internal/types/ClampedIntegerSubtract.ts
SMELT_DEBUG_LOWER /home/lollo/Playground/smelt/third_party/remeda/packages/remeda/src/internal/types/ArrayAt.ts
SMELT_DEBUG_LOWER /home/lollo/Playground/smelt/third_party/remeda/packages/remeda/src/prop.ts
SMELT_DEBUG_LOWER /home/lollo/Playground/smelt/third_party/remeda/packages/remeda/src/toLowerCase.ts
SMELT_DEBUG_LOWER /home/lollo/Playground/smelt/third_party/remeda/packages/remeda/src/when.ts
SMELT_DEBUG_LOWER /home/lollo/Playground/smelt/third_party/remeda/packages/remeda/src/isStrictEqual.ts
SMELT_DEBUG_LOWER third_party/remeda/packages/remeda/src/countBy.test.ts
SMELT_DEBUG_LOWER /home/lollo/Playground/smelt/third_party/remeda/packages/remeda/src/debounce.ts
SMELT_DEBUG_LOWER third_party/remeda/packages/remeda/src/debounce.test.ts
SMELT_DEBUG_LOWER /home/lollo/Playground/smelt/third_party/remeda/packages/remeda/src/defaultTo.ts
SMELT_DEBUG_LOWER third_party/remeda/packages/remeda/src/defaultTo.test.ts
SMELT_DEBUG_LOWER /home/lollo/Playground/smelt/third_party/remeda/packages/remeda/src/internal/purryFromLazy.ts
SMELT_DEBUG_LOWER /home/lollo/Playground/smelt/third_party/remeda/packages/remeda/src/difference.ts
SMELT_DEBUG_LOWER /home/lollo/Playground/smelt/third_party/remeda/packages/remeda/src/take.ts
SMELT_DEBUG_LOWER third_party/remeda/packages/remeda/src/difference.test.ts
SMELT_DEBUG_LOWER /home/lollo/Playground/smelt/third_party/remeda/packages/remeda/test/lazyInvocationCounter.ts
SMELT_DEBUG_LOWER /home/lollo/Playground/smelt/third_party/remeda/packages/remeda/src/differenceWith.ts
SMELT_DEBUG_LOWER third_party/remeda/packages/remeda/src/differenceWith.test.ts
SMELT_DEBUG_LOWER /home/lollo/Playground/smelt/third_party/remeda/packages/remeda/src/divide.ts
SMELT_DEBUG_LOWER third_party/remeda/packages/remeda/src/divide.test.ts
SMELT_DEBUG_LOWER /home/lollo/Playground/smelt/third_party/remeda/packages/remeda/src/doNothing.ts
SMELT_DEBUG_LOWER third_party/remeda/packages/remeda/src/doNothing.test.ts
SMELT_DEBUG_LOWER /home/lollo/Playground/smelt/third_party/remeda/packages/remeda/src/internal/types/CoercedArray.ts
SMELT_DEBUG_LOWER /home/lollo/Playground/smelt/third_party/remeda/packages/remeda/src/drop.ts
SMELT_DEBUG_LOWER third_party/remeda/packages/remeda/src/drop.test.ts
SMELT_DEBUG_LOWER /home/lollo/Playground/smelt/third_party/remeda/packages/remeda/src/internal/types/ArrayRequiredPrefix.ts
SMELT_DEBUG_LOWER /home/lollo/Playground/smelt/third_party/remeda/packages/remeda/src/hasAtLeast.ts
SMELT_DEBUG_LOWER /home/lollo/Playground/smelt/third_party/remeda/packages/remeda/src/internal/swapInPlace.ts
SMELT_DEBUG_LOWER /home/lollo/Playground/smelt/third_party/remeda/packages/remeda/src/internal/types/CompareFunction.ts
SMELT_DEBUG_LOWER /home/lollo/Playground/smelt/third_party/remeda/packages/remeda/src/internal/heap.ts
SMELT_DEBUG_LOWER /home/lollo/Playground/smelt/third_party/remeda/packages/remeda/src/internal/purryOrderRules.ts
SMELT_DEBUG_LOWER /home/lollo/Playground/smelt/third_party/remeda/packages/remeda/src/dropFirstBy.ts
SMELT_DEBUG_LOWER third_party/remeda/packages/remeda/src/dropFirstBy.test.ts
SMELT_DEBUG_LOWER /home/lollo/Playground/smelt/third_party/remeda/packages/remeda/src/dropLast.ts
SMELT_DEBUG_LOWER third_party/remeda/packages/remeda/src/dropLast.test.ts
SMELT_DEBUG_LOWER /home/lollo/Playground/smelt/third_party/remeda/packages/remeda/src/dropLastWhile.ts
SMELT_DEBUG_LOWER third_party/remeda/packages/remeda/src/dropLastWhile.test.ts
SMELT_DEBUG_LOWER /home/lollo/Playground/smelt/third_party/remeda/packages/remeda/src/dropWhile.ts
SMELT_DEBUG_LOWER third_party/remeda/packages/remeda/src/dropWhile.test.ts
SMELT_DEBUG_LOWER /home/lollo/Playground/smelt/third_party/remeda/packages/remeda/src/endsWith.ts
SMELT_DEBUG_LOWER third_party/remeda/packages/remeda/src/endsWith.test.ts
SMELT_DEBUG_LOWER /home/lollo/Playground/smelt/third_party/remeda/packages/remeda/src/internal/types/ToString.ts
SMELT_DEBUG_LOWER /home/lollo/Playground/smelt/third_party/remeda/packages/remeda/src/entries.ts
SMELT_DEBUG_LOWER third_party/remeda/packages/remeda/src/entries.test.ts
SMELT_DEBUG_LOWER /home/lollo/Playground/smelt/third_party/remeda/packages/remeda/src/evolve.ts
SMELT_DEBUG_LOWER /home/lollo/Playground/smelt/third_party/remeda/packages/remeda/src/length.ts
SMELT_DEBUG_LOWER /home/lollo/Playground/smelt/third_party/remeda/packages/remeda/src/internal/types/PartitionByUnion.ts
SMELT_DEBUG_LOWER /home/lollo/Playground/smelt/third_party/remeda/packages/remeda/src/internal/types/SimplifiedWritable.ts
SMELT_DEBUG_LOWER /home/lollo/Playground/smelt/third_party/remeda/packages/remeda/src/omit.ts
SMELT_DEBUG_LOWER /home/lollo/Playground/smelt/third_party/remeda/packages/remeda/src/reduce.ts
SMELT_DEBUG_LOWER /home/lollo/Playground/smelt/third_party/remeda/packages/remeda/src/set.ts
SMELT_DEBUG_LOWER third_party/remeda/packages/remeda/src/evolve.test.ts
SMELT_DEBUG_LOWER /home/lollo/Playground/smelt/third_party/remeda/packages/remeda/src/internal/types/FilteredArray.ts
SMELT_DEBUG_LOWER /home/lollo/Playground/smelt/third_party/remeda/packages/remeda/src/filter.ts
SMELT_DEBUG_LOWER third_party/remeda/packages/remeda/src/filter.test.ts
SMELT_DEBUG_LOWER /home/lollo/Playground/smelt/third_party/remeda/packages/remeda/src/internal/toSingle.ts
SMELT_DEBUG_LOWER /home/lollo/Playground/smelt/third_party/remeda/packages/remeda/src/find.ts
SMELT_DEBUG_LOWER third_party/remeda/packages/remeda/src/find.test.ts
SMELT_DEBUG_LOWER /home/lollo/Playground/smelt/third_party/remeda/packages/remeda/src/findIndex.ts
SMELT_DEBUG_LOWER third_party/remeda/packages/remeda/src/findIndex.test.ts
SMELT_DEBUG_LOWER /home/lollo/Playground/smelt/third_party/remeda/packages/remeda/src/findLast.ts
SMELT_DEBUG_LOWER third_party/remeda/packages/remeda/src/findLast.test.ts
SMELT_DEBUG_LOWER /home/lollo/Playground/smelt/third_party/remeda/packages/remeda/src/findLastIndex.ts
SMELT_DEBUG_LOWER third_party/remeda/packages/remeda/src/findLastIndex.test.ts
SMELT_DEBUG_LOWER /home/lollo/Playground/smelt/third_party/remeda/packages/remeda/src/first.ts
SMELT_DEBUG_LOWER third_party/remeda/packages/remeda/src/first.test.ts
SMELT_DEBUG_LOWER /home/lollo/Playground/smelt/third_party/remeda/packages/remeda/src/firstBy.ts
SMELT_DEBUG_LOWER third_party/remeda/packages/remeda/src/firstBy.test.ts
SMELT_DEBUG_LOWER /home/lollo/Playground/smelt/third_party/remeda/packages/remeda/src/flat.ts
SMELT_DEBUG_LOWER third_party/remeda/packages/remeda/src/flat.test.ts
SMELT_DEBUG_LOWER /home/lollo/Playground/smelt/third_party/remeda/packages/remeda/src/flatMap.ts
SMELT_DEBUG_LOWER third_party/remeda/packages/remeda/src/flatMap.test.ts
SMELT_DEBUG_LOWER /home/lollo/Playground/smelt/third_party/remeda/packages/remeda/src/floor.ts
SMELT_DEBUG_LOWER third_party/remeda/packages/remeda/src/floor.test.ts
SMELT_DEBUG_LOWER /home/lollo/Playground/smelt/third_party/remeda/packages/remeda/src/forEach.ts
SMELT_DEBUG_LOWER third_party/remeda/packages/remeda/src/forEach.test.ts
SMELT_DEBUG_LOWER /home/lollo/Playground/smelt/third_party/remeda/packages/remeda/src/internal/types/EnumerableStringKeyOf.ts
SMELT_DEBUG_LOWER /home/lollo/Playground/smelt/third_party/remeda/packages/remeda/src/internal/types/EnumerableStringKeyedValueOf.ts
SMELT_DEBUG_LOWER /home/lollo/Playground/smelt/third_party/remeda/packages/remeda/src/forEachObj.ts
SMELT_DEBUG_LOWER third_party/remeda/packages/remeda/src/forEachObj.test.ts
SMELT_DEBUG_LOWER /home/lollo/Playground/smelt/third_party/remeda/packages/remeda/src/fromEntries.ts
SMELT_DEBUG_LOWER third_party/remeda/packages/remeda/src/fromEntries.test.ts
SMELT_DEBUG_LOWER /home/lollo/Playground/smelt/third_party/remeda/packages/remeda/src/fromKeys.ts
SMELT_DEBUG_LOWER third_party/remeda/packages/remeda/src/fromKeys.test.ts
SMELT_DEBUG_LOWER /home/lollo/Playground/smelt/third_party/remeda/packages/remeda/test/sleep.ts
SMELT_DEBUG_LOWER /home/lollo/Playground/smelt/third_party/remeda/packages/remeda/src/funnel.ts
SMELT_DEBUG_LOWER third_party/remeda/packages/remeda/src/funnel.lodash-debounce-with-cached-value.test.ts
SMELT_DEBUG_LOWER third_party/remeda/packages/remeda/src/funnel.lodash-debounce.test.ts
SMELT_DEBUG_LOWER third_party/remeda/packages/remeda/src/funnel.lodash-throttle-with-cached-value.test.ts
SMELT_DEBUG_LOWER third_party/remeda/packages/remeda/src/funnel.lodash-throttle.test.ts
SMELT_DEBUG_LOWER third_party/remeda/packages/remeda/src/funnel.reference-batch.test.ts
SMELT_DEBUG_LOWER third_party/remeda/packages/remeda/src/funnel.remeda-debounce.test.ts
SMELT_DEBUG_LOWER third_party/remeda/packages/remeda/src/funnel.test.ts
SMELT_DEBUG_LOWER /home/lollo/Playground/smelt/third_party/remeda/packages/remeda/src/groupBy.ts
SMELT_DEBUG_LOWER third_party/remeda/packages/remeda/src/groupBy.test.ts
SMELT_DEBUG_LOWER /home/lollo/Playground/smelt/third_party/remeda/packages/remeda/src/groupByProp.ts
SMELT_DEBUG_LOWER third_party/remeda/packages/remeda/src/groupByProp.test.ts
SMELT_DEBUG_LOWER third_party/remeda/packages/remeda/src/hasAtLeast.test.ts
SMELT_DEBUG_LOWER /home/lollo/Playground/smelt/third_party/remeda/packages/remeda/src/hasProp.ts
SMELT_DEBUG_LOWER third_party/remeda/packages/remeda/src/hasProp.test.ts
SMELT_DEBUG_LOWER /home/lollo/Playground/smelt/third_party/remeda/packages/remeda/src/hasSubObject.ts
SMELT_DEBUG_LOWER third_party/remeda/packages/remeda/src/hasSubObject.test.ts
SMELT_DEBUG_LOWER third_party/remeda/packages/remeda/src/identity.test.ts
SMELT_DEBUG_LOWER /home/lollo/Playground/smelt/third_party/remeda/packages/remeda/src/indexBy.ts
SMELT_DEBUG_LOWER /home/lollo/Playground/smelt/third_party/remeda/packages/remeda/src/intersection.ts
SMELT_DEBUG_LOWER /home/lollo/Playground/smelt/third_party/remeda/packages/remeda/src/intersectionWith.ts
SMELT_DEBUG_LOWER /home/lollo/Playground/smelt/third_party/remeda/packages/remeda/src/invert.ts
SMELT_DEBUG_LOWER /home/lollo/Playground/smelt/third_party/remeda/packages/remeda/src/isArray.ts
SMELT_DEBUG_LOWER /home/lollo/Playground/smelt/third_party/remeda/packages/remeda/src/isBigInt.ts
SMELT_DEBUG_LOWER /home/lollo/Playground/smelt/third_party/remeda/packages/remeda/src/isBoolean.ts
SMELT_DEBUG_LOWER /home/lollo/Playground/smelt/third_party/remeda/packages/remeda/src/isDate.ts
SMELT_DEBUG_LOWER /home/lollo/Playground/smelt/third_party/remeda/packages/remeda/src/isDefined.ts
SMELT_DEBUG_LOWER /home/lollo/Playground/smelt/third_party/remeda/packages/remeda/src/isEmpty.ts
SMELT_DEBUG_LOWER /home/lollo/Playground/smelt/third_party/remeda/packages/remeda/src/internal/types/HasWritableKeys.ts
SMELT_DEBUG_LOWER /home/lollo/Playground/smelt/third_party/remeda/packages/remeda/src/isEmptyish.ts
SMELT_DEBUG_LOWER /home/lollo/Playground/smelt/third_party/remeda/packages/remeda/src/isError.ts
SMELT_DEBUG_LOWER /home/lollo/Playground/smelt/third_party/remeda/packages/remeda/src/isFunction.ts
SMELT_DEBUG_LOWER /home/lollo/Playground/smelt/third_party/remeda/packages/remeda/src/isIncludedIn.ts
SMELT_DEBUG_LOWER /home/lollo/Playground/smelt/third_party/remeda/packages/remeda/src/isNonNull.ts
SMELT_DEBUG_LOWER /home/lollo/Playground/smelt/third_party/remeda/packages/remeda/src/isNonNullish.ts
SMELT_DEBUG_LOWER /home/lollo/Playground/smelt/third_party/remeda/packages/remeda/src/isNot.ts
SMELT_DEBUG_LOWER /home/lollo/Playground/smelt/third_party/remeda/packages/remeda/src/isNullish.ts
SMELT_DEBUG_LOWER /home/lollo/Playground/smelt/third_party/remeda/packages/remeda/src/isNumber.ts
SMELT_DEBUG_LOWER /home/lollo/Playground/smelt/third_party/remeda/packages/remeda/src/isObjectType.ts
SMELT_DEBUG_LOWER /home/lollo/Playground/smelt/third_party/remeda/packages/remeda/src/isPlainObject.ts
SMELT_DEBUG_LOWER /home/lollo/Playground/smelt/third_party/remeda/packages/remeda/src/isPromise.ts
SMELT_DEBUG_LOWER /home/lollo/Playground/smelt/third_party/remeda/packages/remeda/src/isShallowEqual.ts
SMELT_DEBUG_LOWER /home/lollo/Playground/smelt/third_party/remeda/packages/remeda/src/isSymbol.ts
SMELT_DEBUG_LOWER /home/lollo/Playground/smelt/third_party/remeda/packages/remeda/src/isTruthy.ts
SMELT_DEBUG_LOWER /home/lollo/Playground/smelt/third_party/remeda/packages/remeda/src/join.ts
SMELT_DEBUG_LOWER /home/lollo/Playground/smelt/third_party/remeda/packages/remeda/src/keys.ts
SMELT_DEBUG_LOWER /home/lollo/Playground/smelt/third_party/remeda/packages/remeda/src/last.ts
SMELT_DEBUG_LOWER /home/lollo/Playground/smelt/third_party/remeda/packages/remeda/src/mapKeys.ts
SMELT_DEBUG_LOWER /home/lollo/Playground/smelt/third_party/remeda/packages/remeda/src/mapToObj.ts
SMELT_DEBUG_LOWER /home/lollo/Playground/smelt/third_party/remeda/packages/remeda/src/mapValues.ts
SMELT_DEBUG_LOWER /home/lollo/Playground/smelt/third_party/remeda/packages/remeda/src/mapWithFeedback.ts
SMELT_DEBUG_LOWER /home/lollo/Playground/smelt/third_party/remeda/packages/remeda/src/sum.ts
SMELT_DEBUG_LOWER /home/lollo/Playground/smelt/third_party/remeda/packages/remeda/src/mean.ts
SMELT_DEBUG_LOWER /home/lollo/Playground/smelt/third_party/remeda/packages/remeda/src/meanBy.ts
SMELT_DEBUG_LOWER /home/lollo/Playground/smelt/third_party/remeda/packages/remeda/src/median.ts
SMELT_DEBUG_LOWER /home/lollo/Playground/smelt/third_party/remeda/packages/remeda/src/merge.ts
SMELT_DEBUG_LOWER /home/lollo/Playground/smelt/third_party/remeda/packages/remeda/src/internal/types/DisjointUnionFields.ts
SMELT_DEBUG_LOWER /home/lollo/Playground/smelt/third_party/remeda/packages/remeda/src/mergeAll.ts
SMELT_DEBUG_LOWER /home/lollo/Playground/smelt/third_party/remeda/packages/remeda/src/mergeDeep.ts
SMELT_DEBUG_LOWER /home/lollo/Playground/smelt/third_party/remeda/packages/remeda/src/multiply.ts
SMELT_DEBUG_LOWER /home/lollo/Playground/smelt/third_party/remeda/packages/remeda/src/internal/quickSelect.ts
SMELT_DEBUG_LOWER /home/lollo/Playground/smelt/third_party/remeda/packages/remeda/src/nthBy.ts
SMELT_DEBUG_LOWER /home/lollo/Playground/smelt/third_party/remeda/packages/remeda/src/objOf.ts
SMELT_DEBUG_LOWER /home/lollo/Playground/smelt/third_party/remeda/packages/remeda/src/omitBy.ts
SMELT_DEBUG_LOWER /home/lollo/Playground/smelt/third_party/remeda/packages/remeda/src/once.ts
SMELT_DEBUG_LOWER /home/lollo/Playground/smelt/third_party/remeda/packages/remeda/src/only.ts
SMELT_DEBUG_LOWER /home/lollo/Playground/smelt/third_party/remeda/packages/remeda/src/internal/types/TupleSplits.ts
SMELT_DEBUG_LOWER /home/lollo/Playground/smelt/third_party/remeda/packages/remeda/src/partialBind.ts
SMELT_DEBUG_LOWER /home/lollo/Playground/smelt/third_party/remeda/packages/remeda/src/partialLastBind.ts
SMELT_DEBUG_LOWER /home/lollo/Playground/smelt/third_party/remeda/packages/remeda/src/partition.ts
SMELT_DEBUG_LOWER /home/lollo/Playground/smelt/third_party/remeda/packages/remeda/src/pathOr.ts
SMELT_DEBUG_LOWER /home/lollo/Playground/smelt/third_party/remeda/packages/remeda/src/pick.ts
SMELT_DEBUG_LOWER /home/lollo/Playground/smelt/third_party/remeda/packages/remeda/src/pickBy.ts
SMELT_DEBUG_LOWER /home/lollo/Playground/smelt/third_party/remeda/packages/remeda/src/piped.ts
SMELT_DEBUG_LOWER /home/lollo/Playground/smelt/third_party/remeda/packages/remeda/src/product.ts
SMELT_DEBUG_LOWER /home/lollo/Playground/smelt/third_party/remeda/packages/remeda/src/pullObject.ts
SMELT_DEBUG_LOWER /home/lollo/Playground/smelt/third_party/remeda/packages/remeda/src/randomBigInt.ts
SMELT_DEBUG_LOWER /home/lollo/Playground/smelt/third_party/remeda/packages/remeda/src/randomInteger.ts
SMELT_DEBUG_LOWER /home/lollo/Playground/smelt/third_party/remeda/packages/remeda/src/randomString.ts
SMELT_DEBUG_LOWER /home/lollo/Playground/smelt/third_party/remeda/packages/remeda/src/range.ts
SMELT_DEBUG_LOWER /home/lollo/Playground/smelt/third_party/remeda/packages/remeda/src/rankBy.ts
SMELT_DEBUG_LOWER /home/lollo/Playground/smelt/third_party/remeda/packages/remeda/src/reverse.ts
SMELT_DEBUG_LOWER /home/lollo/Playground/smelt/third_party/remeda/packages/remeda/src/round.ts
SMELT_DEBUG_LOWER /home/lollo/Playground/smelt/third_party/remeda/packages/remeda/src/sample.ts
SMELT_DEBUG_LOWER /home/lollo/Playground/smelt/third_party/remeda/packages/remeda/src/setPath.ts
SMELT_DEBUG_LOWER /home/lollo/Playground/smelt/third_party/remeda/packages/remeda/src/internal/types/ReorderedArray.ts
SMELT_DEBUG_LOWER /home/lollo/Playground/smelt/third_party/remeda/packages/remeda/src/shuffle.ts
SMELT_DEBUG_LOWER /home/lollo/Playground/smelt/third_party/remeda/packages/remeda/src/sort.ts
SMELT_DEBUG_LOWER /home/lollo/Playground/smelt/third_party/remeda/packages/remeda/src/sortBy.ts
SMELT_DEBUG_LOWER /home/lollo/Playground/smelt/third_party/remeda/packages/remeda/src/internal/binarySearchCutoffIndex.ts
SMELT_DEBUG_LOWER /home/lollo/Playground/smelt/third_party/remeda/packages/remeda/src/sortedIndex.ts
SMELT_DEBUG_LOWER /home/lollo/Playground/smelt/third_party/remeda/packages/remeda/src/sortedIndexBy.ts
SMELT_DEBUG_LOWER /home/lollo/Playground/smelt/third_party/remeda/packages/remeda/src/sortedIndexWith.ts
SMELT_DEBUG_LOWER /home/lollo/Playground/smelt/third_party/remeda/packages/remeda/src/sortedLastIndex.ts
SMELT_DEBUG_LOWER /home/lollo/Playground/smelt/third_party/remeda/packages/remeda/src/sortedLastIndexBy.ts
SMELT_DEBUG_LOWER /home/lollo/Playground/smelt/third_party/remeda/packages/remeda/src/splice.ts
SMELT_DEBUG_LOWER /home/lollo/Playground/smelt/third_party/remeda/packages/remeda/src/split.ts
SMELT_DEBUG_LOWER /home/lollo/Playground/smelt/third_party/remeda/packages/remeda/src/splitAt.ts
SMELT_DEBUG_LOWER /home/lollo/Playground/smelt/third_party/remeda/packages/remeda/src/splitWhen.ts
SMELT_DEBUG_LOWER /home/lollo/Playground/smelt/third_party/remeda/packages/remeda/src/startsWith.ts
SMELT_DEBUG_LOWER /home/lollo/Playground/smelt/third_party/remeda/packages/remeda/src/stringToPath.ts
SMELT_DEBUG_LOWER /home/lollo/Playground/smelt/third_party/remeda/packages/remeda/src/subtract.ts
SMELT_DEBUG_LOWER /home/lollo/Playground/smelt/third_party/remeda/packages/remeda/src/sumBy.ts
SMELT_DEBUG_LOWER /home/lollo/Playground/smelt/third_party/remeda/packages/remeda/src/swapIndices.ts
SMELT_DEBUG_LOWER /home/lollo/Playground/smelt/third_party/remeda/packages/remeda/src/swapProps.ts
SMELT_DEBUG_LOWER /home/lollo/Playground/smelt/third_party/remeda/packages/remeda/src/takeFirstBy.ts
SMELT_DEBUG_LOWER /home/lollo/Playground/smelt/third_party/remeda/packages/remeda/src/takeLast.ts
SMELT_DEBUG_LOWER /home/lollo/Playground/smelt/third_party/remeda/packages/remeda/src/takeLastWhile.ts
SMELT_DEBUG_LOWER /home/lollo/Playground/smelt/third_party/remeda/packages/remeda/src/takeWhile.ts
SMELT_DEBUG_LOWER /home/lollo/Playground/smelt/third_party/remeda/packages/remeda/src/tap.ts
SMELT_DEBUG_LOWER /home/lollo/Playground/smelt/third_party/remeda/packages/remeda/src/internal/types/OptionalOptionsWithDefaults.ts
SMELT_DEBUG_LOWER /home/lollo/Playground/smelt/third_party/remeda/packages/remeda/src/internal/words.ts
SMELT_DEBUG_LOWER /home/lollo/Playground/smelt/third_party/remeda/packages/remeda/src/toCamelCase.ts
SMELT_DEBUG_LOWER /home/lollo/Playground/smelt/third_party/remeda/packages/remeda/src/toKebabCase.ts
SMELT_DEBUG_LOWER /home/lollo/Playground/smelt/third_party/remeda/packages/remeda/src/toSnakeCase.ts
SMELT_DEBUG_LOWER /home/lollo/Playground/smelt/third_party/remeda/packages/remeda/src/toTitleCase.ts
SMELT_DEBUG_LOWER /home/lollo/Playground/smelt/third_party/remeda/packages/remeda/src/toUpperCase.ts
SMELT_DEBUG_LOWER /home/lollo/Playground/smelt/third_party/remeda/packages/remeda/src/internal/types/StringLength.ts
SMELT_DEBUG_LOWER /home/lollo/Playground/smelt/third_party/remeda/packages/remeda/src/truncate.ts
SMELT_DEBUG_LOWER /home/lollo/Playground/smelt/third_party/remeda/packages/remeda/src/uncapitalize.ts
SMELT_DEBUG_LOWER /home/lollo/Playground/smelt/third_party/remeda/packages/remeda/src/internal/types/Deduped.ts
SMELT_DEBUG_LOWER /home/lollo/Playground/smelt/third_party/remeda/packages/remeda/src/unique.ts
SMELT_DEBUG_LOWER /home/lollo/Playground/smelt/third_party/remeda/packages/remeda/src/internal/types/BrandedReturn.ts
SMELT_DEBUG_LOWER /home/lollo/Playground/smelt/third_party/remeda/packages/remeda/src/uniqueBy.ts
SMELT_DEBUG_LOWER /home/lollo/Playground/smelt/third_party/remeda/packages/remeda/src/uniqueWith.ts
SMELT_DEBUG_LOWER /home/lollo/Playground/smelt/third_party/remeda/packages/remeda/src/values.ts
SMELT_DEBUG_LOWER /home/lollo/Playground/smelt/third_party/remeda/packages/remeda/src/zip.ts
SMELT_DEBUG_LOWER /home/lollo/Playground/smelt/third_party/remeda/packages/remeda/src/zipWith.ts
SMELT_DEBUG_LOWER third_party/remeda/packages/remeda/src/index.ts
SMELT_DEBUG_LOWER third_party/remeda/packages/remeda/src/indexBy.test.ts
SMELT_DEBUG_LOWER third_party/remeda/packages/remeda/src/internal/binarySearchCutoffIndex.test.ts
SMELT_DEBUG_LOWER third_party/remeda/packages/remeda/src/internal/heap.test.ts
SMELT_DEBUG_LOWER third_party/remeda/packages/remeda/src/internal/purryFromLazy.test.ts
SMELT_DEBUG_LOWER third_party/remeda/packages/remeda/src/internal/withPrecision.test.ts
SMELT_DEBUG_LOWER third_party/remeda/packages/remeda/src/internal/words.test.ts
SMELT_DEBUG_LOWER third_party/remeda/packages/remeda/src/intersection.test.ts
SMELT_DEBUG_LOWER third_party/remeda/packages/remeda/src/intersectionWith.test.ts
SMELT_DEBUG_LOWER third_party/remeda/packages/remeda/src/invert.test.ts
SMELT_DEBUG_LOWER /home/lollo/Playground/smelt/third_party/remeda/packages/remeda/test/typesDataProvider.ts
SMELT_DEBUG_LOWER third_party/remeda/packages/remeda/src/isArray.test.ts
SMELT_DEBUG_LOWER third_party/remeda/packages/remeda/src/isBigInt.test.ts
SMELT_DEBUG_LOWER third_party/remeda/packages/remeda/src/isBoolean.test.ts
SMELT_DEBUG_LOWER third_party/remeda/packages/remeda/src/isDate.test.ts
SMELT_DEBUG_LOWER third_party/remeda/packages/remeda/src/isDeepEqual.test.ts
SMELT_DEBUG_LOWER third_party/remeda/packages/remeda/src/isDefined.test.ts
SMELT_DEBUG_LOWER third_party/remeda/packages/remeda/src/isEmpty.test.ts
SMELT_DEBUG_LOWER third_party/remeda/packages/remeda/src/isEmptyish.test.ts
SMELT_DEBUG_LOWER third_party/remeda/packages/remeda/src/isError.test.ts
SMELT_DEBUG_LOWER third_party/remeda/packages/remeda/src/isFunction.test.ts
SMELT_DEBUG_LOWER third_party/remeda/packages/remeda/src/isIncludedIn.test.ts
SMELT_DEBUG_LOWER third_party/remeda/packages/remeda/src/isNonNull.test.ts
SMELT_DEBUG_LOWER third_party/remeda/packages/remeda/src/isNonNullish.test.ts
SMELT_DEBUG_LOWER third_party/remeda/packages/remeda/src/isNot.test.ts
SMELT_DEBUG_LOWER third_party/remeda/packages/remeda/src/isNullish.test.ts
SMELT_DEBUG_LOWER third_party/remeda/packages/remeda/src/isNumber.test.ts
SMELT_DEBUG_LOWER third_party/remeda/packages/remeda/src/isObjectType.test.ts
SMELT_DEBUG_LOWER third_party/remeda/packages/remeda/src/isPlainObject.test.ts
SMELT_DEBUG_LOWER third_party/remeda/packages/remeda/src/isPromise.test.ts
SMELT_DEBUG_LOWER third_party/remeda/packages/remeda/src/isShallowEqual.test.ts
SMELT_DEBUG_LOWER third_party/remeda/packages/remeda/src/isStrictEqual.test.ts
SMELT_DEBUG_LOWER third_party/remeda/packages/remeda/src/isString.test.ts
SMELT_DEBUG_LOWER third_party/remeda/packages/remeda/src/isSymbol.test.ts
SMELT_DEBUG_LOWER third_party/remeda/packages/remeda/src/isTruthy.test.ts
SMELT_DEBUG_LOWER third_party/remeda/packages/remeda/src/join.test.ts
SMELT_DEBUG_LOWER third_party/remeda/packages/remeda/src/keys.test.ts
SMELT_DEBUG_LOWER third_party/remeda/packages/remeda/src/last.test.ts
SMELT_DEBUG_LOWER third_party/remeda/packages/remeda/src/length.test.ts
SMELT_DEBUG_LOWER third_party/remeda/packages/remeda/src/map.test.ts
SMELT_DEBUG_LOWER third_party/remeda/packages/remeda/src/mapKeys.test.ts
SMELT_DEBUG_LOWER third_party/remeda/packages/remeda/src/mapToObj.test.ts
SMELT_DEBUG_LOWER third_party/remeda/packages/remeda/src/mapValues.test.ts
SMELT_DEBUG_LOWER third_party/remeda/packages/remeda/src/mapWithFeedback.test.ts
SMELT_DEBUG_LOWER third_party/remeda/packages/remeda/src/mean.test.ts
SMELT_DEBUG_LOWER third_party/remeda/packages/remeda/src/meanBy.test.ts
SMELT_DEBUG_LOWER third_party/remeda/packages/remeda/src/median.test.ts
SMELT_DEBUG_LOWER third_party/remeda/packages/remeda/src/merge.test.ts
SMELT_DEBUG_LOWER third_party/remeda/packages/remeda/src/mergeAll.test.ts
SMELT_DEBUG_LOWER third_party/remeda/packages/remeda/src/mergeDeep.test.ts
SMELT_DEBUG_LOWER third_party/remeda/packages/remeda/src/multiply.test.ts
SMELT_DEBUG_LOWER third_party/remeda/packages/remeda/src/nthBy.test.ts
SMELT_DEBUG_LOWER third_party/remeda/packages/remeda/src/objOf.test.ts
SMELT_DEBUG_LOWER third_party/remeda/packages/remeda/src/omit.test.ts
SMELT_DEBUG_LOWER third_party/remeda/packages/remeda/src/omitBy.test.ts
SMELT_DEBUG_LOWER third_party/remeda/packages/remeda/src/once.test.ts
SMELT_DEBUG_LOWER third_party/remeda/packages/remeda/src/only.test.ts
SMELT_DEBUG_LOWER third_party/remeda/packages/remeda/src/partialBind.test.ts
SMELT_DEBUG_LOWER third_party/remeda/packages/remeda/src/partialLastBind.test.ts
SMELT_DEBUG_LOWER third_party/remeda/packages/remeda/src/partition.test.ts
SMELT_DEBUG_LOWER third_party/remeda/packages/remeda/src/pathOr.test.ts
SMELT_DEBUG_LOWER third_party/remeda/packages/remeda/src/pick.test.ts
SMELT_DEBUG_LOWER third_party/remeda/packages/remeda/src/pickBy.test.ts
SMELT_DEBUG_LOWER third_party/remeda/packages/remeda/src/pipe.test.ts
SMELT_DEBUG_LOWER third_party/remeda/packages/remeda/src/piped.test.ts
SMELT_DEBUG_LOWER third_party/remeda/packages/remeda/src/product.test.ts
SMELT_DEBUG_LOWER third_party/remeda/packages/remeda/src/prop.test.ts
SMELT_DEBUG_LOWER third_party/remeda/packages/remeda/src/pullObject.test.ts
SMELT_DEBUG_LOWER third_party/remeda/packages/remeda/src/purry.test.ts
SMELT_DEBUG_LOWER third_party/remeda/packages/remeda/src/randomBigInt.test.ts
SMELT_DEBUG_LOWER third_party/remeda/packages/remeda/src/randomInteger.test.ts
SMELT_DEBUG_LOWER third_party/remeda/packages/remeda/src/randomString.test.ts
SMELT_DEBUG_LOWER third_party/remeda/packages/remeda/src/range.test.ts
SMELT_DEBUG_LOWER third_party/remeda/packages/remeda/src/rankBy.test.ts
SMELT_DEBUG_LOWER third_party/remeda/packages/remeda/src/reduce.test.ts
SMELT_DEBUG_LOWER third_party/remeda/packages/remeda/src/reverse.test.ts
SMELT_DEBUG_LOWER third_party/remeda/packages/remeda/src/round.test.ts
SMELT_DEBUG_LOWER third_party/remeda/packages/remeda/src/sample.test.ts
SMELT_DEBUG_LOWER third_party/remeda/packages/remeda/src/set.test.ts
SMELT_DEBUG_LOWER third_party/remeda/packages/remeda/src/setPath.test.ts
SMELT_DEBUG_LOWER third_party/remeda/packages/remeda/src/shuffle.test.ts
SMELT_DEBUG_LOWER third_party/remeda/packages/remeda/src/sliceString.test.ts
SMELT_DEBUG_LOWER third_party/remeda/packages/remeda/src/sort.test.ts
SMELT_DEBUG_LOWER third_party/remeda/packages/remeda/src/sortBy.test.ts
SMELT_DEBUG_LOWER third_party/remeda/packages/remeda/src/sortedIndex.test.ts
SMELT_DEBUG_LOWER third_party/remeda/packages/remeda/src/sortedIndexBy.test.ts
SMELT_DEBUG_LOWER third_party/remeda/packages/remeda/src/sortedIndexWith.test.ts
SMELT_DEBUG_LOWER third_party/remeda/packages/remeda/src/sortedLastIndex.test.ts
SMELT_DEBUG_LOWER third_party/remeda/packages/remeda/src/sortedLastIndexBy.test.ts
SMELT_DEBUG_LOWER third_party/remeda/packages/remeda/src/splice.test.ts
SMELT_DEBUG_LOWER third_party/remeda/packages/remeda/src/split.test.ts
SMELT_DEBUG_LOWER third_party/remeda/packages/remeda/src/splitAt.test.ts
SMELT_DEBUG_LOWER third_party/remeda/packages/remeda/src/splitWhen.test.ts
SMELT_DEBUG_LOWER third_party/remeda/packages/remeda/src/startsWith.test.ts
SMELT_DEBUG_LOWER third_party/remeda/packages/remeda/src/stringToPath.test.ts
SMELT_DEBUG_LOWER third_party/remeda/packages/remeda/src/subtract.test.ts
SMELT_DEBUG_LOWER third_party/remeda/packages/remeda/src/sum.test.ts
SMELT_DEBUG_LOWER third_party/remeda/packages/remeda/src/sumBy.test.ts
SMELT_DEBUG_LOWER third_party/remeda/packages/remeda/src/swapIndices.test.ts
SMELT_DEBUG_LOWER third_party/remeda/packages/remeda/src/swapProps.test.ts
SMELT_DEBUG_LOWER third_party/remeda/packages/remeda/src/take.test.ts
SMELT_DEBUG_LOWER third_party/remeda/packages/remeda/src/takeFirstBy.test.ts
SMELT_DEBUG_LOWER third_party/remeda/packages/remeda/src/takeLast.test.ts
SMELT_DEBUG_LOWER third_party/remeda/packages/remeda/src/takeLastWhile.test.ts
SMELT_DEBUG_LOWER third_party/remeda/packages/remeda/src/takeWhile.test.ts
SMELT_DEBUG_LOWER third_party/remeda/packages/remeda/src/tap.test.ts
SMELT_DEBUG_LOWER third_party/remeda/packages/remeda/src/times.test.ts
SMELT_DEBUG_LOWER third_party/remeda/packages/remeda/src/toCamelCase.test.ts
SMELT_DEBUG_LOWER third_party/remeda/packages/remeda/src/toKebabCase.test.ts
SMELT_DEBUG_LOWER third_party/remeda/packages/remeda/src/toLowerCase.test.ts
SMELT_DEBUG_LOWER third_party/remeda/packages/remeda/src/toSnakeCase.test.ts
SMELT_DEBUG_LOWER third_party/remeda/packages/remeda/src/toTitleCase.test.ts
SMELT_DEBUG_LOWER third_party/remeda/packages/remeda/src/toUpperCase.test.ts
SMELT_DEBUG_LOWER third_party/remeda/packages/remeda/src/truncate.test.ts
SMELT_DEBUG_LOWER third_party/remeda/packages/remeda/src/uncapitalize.test.ts
SMELT_DEBUG_LOWER third_party/remeda/packages/remeda/src/unique.test.ts
SMELT_DEBUG_LOWER third_party/remeda/packages/remeda/src/uniqueBy.test.ts
SMELT_DEBUG_LOWER third_party/remeda/packages/remeda/src/uniqueWith.test.ts
SMELT_DEBUG_LOWER third_party/remeda/packages/remeda/src/values.test.ts
SMELT_DEBUG_LOWER third_party/remeda/packages/remeda/src/when.test.ts
SMELT_DEBUG_LOWER third_party/remeda/packages/remeda/src/zip.test.ts
SMELT_DEBUG_LOWER third_party/remeda/packages/remeda/src/zipWith.test.ts
