   Compiling smelt-codegen-rust v0.1.0 (/home/lollo/Playground/smelt/crates/smelt-codegen-rust)
   Compiling smelt-cli v0.1.0 (/home/lollo/Playground/smelt/crates/smelt-cli)
    Finished `dev` profile [unoptimized + debuginfo] target(s) in 2.73s
     Running `target/debug/smelt --manifest-path third_party/remeda/Smelt.toml build`
emit lazy_data_last_impl
done lazy_data_last_impl
emit purry
done purry
emit add
done add
emit add_implementation
done add_implementation
emit test_data_first
done test_data_first
emit test_data_last
done test_data_last
emit add_prop
done add_prop
emit add_prop_implementation
done add_prop_implementation
emit lazy_empty_evaluator
done lazy_empty_evaluator
emit lazy_identity_evaluator
done lazy_identity_evaluator
emit pipe
done pipe
emit process_item
done process_item
emit prepare_lazy_function
emit is_iterable
done is_iterable
emit test_data_first_simple
done test_data_first_simple
emit test_data_last_simple
done test_data_last_simple
emit all_pass
done all_pass
emit all_pass_implementation
done all_pass_implementation
emit test_data_first_allpass
done test_data_first_allpass
emit test_data_last_allpass
done test_data_last_allpass
emit any_pass
done any_pass
emit any_pass_implementation
done any_pass_implementation
emit test_data_first_anypass
done test_data_first_anypass
emit test_data_last_anypass
done test_data_last_anypass
emit capitalize
done capitalize
emit capitalize_implementation
done capitalize_implementation
emit test_data_first_empty_string
done test_data_first_empty_string
emit test_data_first_on_lower_case
done test_data_first_on_lower_case
emit test_data_first_on_upper_case
done test_data_first_on_upper_case
emit test_data_first_on_mixed_case
done test_data_first_on_mixed_case
emit test_data_last_empty_string
done test_data_last_empty_string
emit test_data_last_on_lower_case
done test_data_last_on_lower_case
emit test_data_last_on_upper_case
done test_data_last_on_upper_case
emit test_data_last_on_mixed_case
done test_data_last_on_mixed_case
emit test_unicode_maintains_diacritics_in_rest_of_word
done test_unicode_maintains_diacritics_in_rest_of_word
emit test_unicode_handles_non_latin_scripts
done test_unicode_handles_non_latin_scripts
emit test_unicode_handles_surrogate_pairs_astral_plane
done test_unicode_handles_surrogate_pairs_astral_plane
emit test_unicode_doesn_t_explode_on_emojis
done test_unicode_doesn_t_explode_on_emojis
emit test_unicode_handles_combining_characters
done test_unicode_handles_combining_characters
emit test_unicode_single_accented_char
done test_unicode_single_accented_char
emit test_unicode_single_surrogate_pair
done test_unicode_single_surrogate_pair
emit shift_decimal_point
done shift_decimal_point
emit with_precision
done with_precision
emit ceil
done ceil
emit test_data_first_should_work_with_positive_precision
done test_data_first_should_work_with_positive_precision
emit test_data_first_should_work_with_negative_precision
done test_data_first_should_work_with_negative_precision
emit test_data_first_does_not_output_floating_point_number_for_negative_precision
done test_data_first_does_not_output_floating_point_number_for_negative_precision
emit test_data_first_should_work_with_precision_0
done test_data_first_should_work_with_precision_0
emit test_data_first_case_0_should_throw_for_d_precision
done test_data_first_case_0_should_throw_for_d_precision
emit test_data_first_case_1_should_throw_for_d_precision
done test_data_first_case_1_should_throw_for_d_precision
emit test_data_first_should_throw_for_non_integer_precision
done test_data_first_should_throw_for_non_integer_precision
emit test_data_first_should_throw_for_precision_higher_than_15_and_lower_than_15
done test_data_first_should_throw_for_precision_higher_than_15_and_lower_than_15
emit test_data_first_case_0_should_return_d_when_passed_as_value_regardless_of_precision
done test_data_first_case_0_should_return_d_when_passed_as_value_regardless_of_precision
emit test_data_first_case_1_should_return_d_when_passed_as_value_regardless_of_precision
done test_data_first_case_1_should_return_d_when_passed_as_value_regardless_of_precision
emit test_data_first_case_2_should_return_d_when_passed_as_value_regardless_of_precision
done test_data_first_case_2_should_return_d_when_passed_as_value_regardless_of_precision
emit test_data_last_should_work_with_positive_precision
done test_data_last_should_work_with_positive_precision
emit test_data_last_should_work_with_negative_precision
done test_data_last_should_work_with_negative_precision
emit test_data_last_should_work_with_precision_0
done test_data_last_should_work_with_precision_0
emit test_data_last_case_0_should_throw_for_d_precision
done test_data_last_case_0_should_throw_for_d_precision
emit test_data_last_case_1_should_throw_for_d_precision
done test_data_last_case_1_should_throw_for_d_precision
emit test_data_last_should_throw_for_non_integer_precision
done test_data_last_should_throw_for_non_integer_precision
emit test_data_last_should_throw_for_precision_higher_than_15_and_lower_than_15
done test_data_last_should_throw_for_precision_higher_than_15_and_lower_than_15
emit test_data_last_case_0_should_return_d_when_passed_as_value_regardless_of_precision
done test_data_last_case_0_should_return_d_when_passed_as_value_regardless_of_precision
emit test_data_last_case_1_should_return_d_when_passed_as_value_regardless_of_precision
done test_data_last_case_1_should_return_d_when_passed_as_value_regardless_of_precision
emit test_data_last_case_2_should_return_d_when_passed_as_value_regardless_of_precision
done test_data_last_case_2_should_return_d_when_passed_as_value_regardless_of_precision
emit chunk
done chunk
emit chunk_implementation
done chunk_implementation
emit test_data_first_equal_size
done test_data_first_equal_size
emit test_data_first_not_equal_size
done test_data_first_not_equal_size
emit test_data_first_1_element
done test_data_first_1_element
emit test_data_first_empty_array
done test_data_first_empty_array
emit test_data_last_equal_size
done test_data_last_equal_size
emit test_edge_cases_throws_on_0_size
done test_edge_cases_throws_on_0_size
emit test_edge_cases_throws_on_negative_size
done test_edge_cases_throws_on_negative_size
emit test_edge_cases_size_data_length
done test_edge_cases_size_data_length
emit test_edge_cases_chunk_of_size_1
done test_edge_cases_chunk_of_size_1
emit clamp
done clamp
emit clamp_implementation
done clamp_implementation
emit test_min_value
done test_min_value
emit test_max_value
done test_max_value
emit test_ok_value
done test_ok_value
emit clone
done clone
emit clone_implementation
done clone_implementation
emit deep_clone_object
done deep_clone_object
emit deep_clone_array
done deep_clone_array
emit test_primitive_types_number
done test_primitive_types_number
emit test_primitive_types_string
done test_primitive_types_string
emit test_primitive_types_boolean
done test_primitive_types_boolean
emit test_objects_clones_shallow_object
done test_objects_clones_shallow_object
emit test_objects_clones_deep_object
done test_objects_clones_deep_object
emit test_objects_clones_objects_with_circular_references
done test_objects_clones_objects_with_circular_references
emit test_arrays_clones_shallow_arrays
done test_arrays_clones_shallow_arrays
emit test_arrays_clones_deep_arrays
done test_arrays_clones_deep_arrays
emit test_functions_keep_reference_to_function
done test_functions_keep_reference_to_function
emit test_built_in_types_clones_date_object
done test_built_in_types_clones_date_object
emit test_built_in_types_case_0_clones_regexp_object_s
done test_built_in_types_case_0_clones_regexp_object_s
emit test_built_in_types_case_1_clones_regexp_object_s
done test_built_in_types_case_1_clones_regexp_object_s
emit test_built_in_types_case_2_clones_regexp_object_s
done test_built_in_types_case_2_clones_regexp_object_s
emit test_built_in_types_case_3_clones_regexp_object_s
done test_built_in_types_case_3_clones_regexp_object_s
emit test_built_in_types_case_4_clones_regexp_object_s
done test_built_in_types_case_4_clones_regexp_object_s
emit test_built_in_types_case_5_clones_regexp_object_s
done test_built_in_types_case_5_clones_regexp_object_s
emit test_built_in_types_case_6_clones_regexp_object_s
done test_built_in_types_case_6_clones_regexp_object_s
emit test_built_in_types_case_7_clones_regexp_object_s
done test_built_in_types_case_7_clones_regexp_object_s
emit test_built_in_types_case_8_clones_regexp_object_s
done test_built_in_types_case_8_clones_regexp_object_s
emit test_built_in_types_case_9_clones_regexp_object_s
done test_built_in_types_case_9_clones_regexp_object_s
emit test_nested_mixed_objects_clones_array_with_objects
done test_nested_mixed_objects_clones_array_with_objects
emit test_nested_mixed_objects_clones_array_with_arrays_nulls
done test_nested_mixed_objects_clones_array_with_arrays_nulls
emit test_nested_mixed_objects_clones_array_with_arrays_clones_array_with_mutual_ref_object
done test_nested_mixed_objects_clones_array_with_arrays_clones_array_with_mutual_ref_object
emit test_edge_cases_undefined
done test_edge_cases_undefined
emit test_edge_cases_nulls
done test_edge_cases_nulls
emit test_edge_cases_empty_object
done test_edge_cases_empty_object
emit test_edge_cases_empty_array
done test_edge_cases_empty_array
emit concat
done concat
emit concat_implementation
done concat_implementation
emit test_data_first_concat
done test_data_first_concat
emit test_data_last_concat
done test_data_last_concat
emit purry_on
done purry_on
emit conditional
done conditional
emit conditional_implementation
done conditional_implementation
emit is_case
done is_case
emit constant
done constant
emit is_deep_equal
done is_deep_equal
emit is_deep_equal_implementation
done is_deep_equal_implementation
emit is_comparable_prototype
done is_comparable_prototype
emit is_deep_equal_arrays
done is_deep_equal_arrays
emit is_deep_equal_maps
done is_deep_equal_maps
emit is_deep_equal_sets
done is_deep_equal_sets
emit test_runtime_datafirst_accepts_and_runs_a_default_fallback_case
done test_runtime_datafirst_accepts_and_runs_a_default_fallback_case
emit test_runtime_datafirst_falls_back_to_our_default
done test_runtime_datafirst_falls_back_to_our_default
emit test_runtime_datafirst_works_with_a_single_case
done test_runtime_datafirst_works_with_a_single_case
emit test_runtime_datafirst_works_with_two_cases
done test_runtime_datafirst_works_with_two_cases
emit test_runtime_datafirst_picks_the_first_matching_case
done test_runtime_datafirst_picks_the_first_matching_case
emit test_runtime_datafirst_throws_when_no_matching_case
done test_runtime_datafirst_throws_when_no_matching_case
emit test_runtime_datalast_should_return_value_of_first_pair
done test_runtime_datalast_should_return_value_of_first_pair
emit map
done map
emit map_implementation
done map_implementation
emit lazy_implementation
done lazy_implementation
emit slice_string
done slice_string
emit times
done times
emit times_implementation
done times_implementation
emit test_works
done test_works
emit test_returns_identity_doesn_t_clone
done test_returns_identity_doesn_t_clone
emit test_works_with_more_than_one_argument
done test_works_with_more_than_one_argument
emit test_works_with_variadic_arguments
done test_works_with_variadic_arguments
emit test_can_be_put_in_a_pipe
done test_can_be_put_in_a_pipe
emit test_can_completely_change_the_type_of_the_pipe
done test_can_completely_change_the_type_of_the_pipe
emit test_can_be_used_as_a_fill_function_with_times
done test_can_be_used_as_a_fill_function_with_times
emit count_by
done count_by
emit count_by_implementation
done count_by_implementation
emit identity
done identity
emit identity_implementation
done identity_implementation
emit is_string
done is_string
emit prop
done prop
emit prop_implementation
done prop_implementation
emit to_lower_case
done to_lower_case
emit to_lower_case_implementation
done to_lower_case_implementation
emit when
done when
emit when_implementation
done when_implementation
emit is_strict_equal
done is_strict_equal
emit is_strictly_equal_implementation
done is_strictly_equal_implementation
emit test_datafirst_countby
done test_datafirst_countby
emit test_datafirst_array_of_strings
done test_datafirst_array_of_strings
emit test_datafirst_array_of_objects
done test_datafirst_array_of_objects
emit test_datafirst_symbols
done test_datafirst_symbols
emit test_datafirst_mixed_data_types
done test_datafirst_mixed_data_types
emit test_datafirst_indexed
done test_datafirst_indexed
emit test_datalast_countby
done test_datalast_countby
emit test_datalast_array_of_strings
done test_datalast_array_of_strings
emit test_datalast_array_of_objects
done test_datalast_array_of_objects
emit test_datalast_symbols
done test_datalast_symbols
emit test_datalast_mixed_data_types
done test_datalast_mixed_data_types
emit test_datalast_indexed
done test_datalast_indexed
emit test_empty_array
done test_empty_array
emit test_category_is_an_object_instance_method_name
done test_category_is_an_object_instance_method_name
emit test_skip_items
done test_skip_items
emit debounce
done debounce
emit sleep
done sleep
emit test_main_functionality_should_debounce_a_function
done test_main_functionality_should_debounce_a_function
emit test_main_functionality_subsequent_debounced_calls_return_the_last_func_result
done test_main_functionality_subsequent_debounced_calls_return_the_last_func_result
emit test_main_functionality_should_not_immediately_call_func_when_wait_is_0
done test_main_functionality_should_not_immediately_call_func_when_wait_is_0
emit test_main_functionality_should_apply_default_options
done test_main_functionality_should_apply_default_options
emit test_main_functionality_should_support_a_leading_option
done test_main_functionality_should_support_a_leading_option
emit test_main_functionality_subsequent_leading_debounced_calls_return_the_last_func_result
done test_main_functionality_subsequent_leading_debounced_calls_return_the_last_func_result
emit test_main_functionality_should_support_a_trailing_option
done test_main_functionality_should_support_a_trailing_option
emit test_optional_param_maxwaitms_should_support_a_maxwait_option
done test_optional_param_maxwaitms_should_support_a_maxwait_option
emit test_optional_param_maxwaitms_should_support_maxwait_in_a_tight_loop
done test_optional_param_maxwaitms_should_support_maxwait_in_a_tight_loop
emit test_optional_param_maxwaitms_should_queue_a_trailing_call_for_subsequent_debounced_calls_after_maxwait
done test_optional_param_maxwaitms_should_queue_a_trailing_call_for_subsequent_debounced_calls_after_maxwait
emit test_optional_param_maxwaitms_should_cancel_maxdelayed_when_delayed_is_invoked
done test_optional_param_maxwaitms_should_cancel_maxdelayed_when_delayed_is_invoked
emit test_optional_param_maxwaitms_works_like_a_leaky_bucket_when_only_maxwaitms_is_set
done test_optional_param_maxwaitms_works_like_a_leaky_bucket_when_only_maxwaitms_is_set
emit test_additional_functionality_can_cancel_before_the_timer_starts
done test_additional_functionality_can_cancel_before_the_timer_starts
emit test_additional_functionality_can_cancel_the_timer
done test_additional_functionality_can_cancel_the_timer
emit test_additional_functionality_can_cancel_after_the_timer_ends
done test_additional_functionality_can_cancel_after_the_timer_ends
emit test_additional_functionality_can_cancel_maxwait_timer
done test_additional_functionality_can_cancel_maxwait_timer
emit test_additional_functionality_can_return_a_cached_value
done test_additional_functionality_can_return_a_cached_value
emit test_additional_functionality_can_check_for_inflight_timers_trailing
done test_additional_functionality_can_check_for_inflight_timers_trailing
emit test_additional_functionality_can_check_for_inflight_timers_leading
done test_additional_functionality_can_check_for_inflight_timers_leading
emit test_additional_functionality_can_flush_before_a_cool_down
done test_additional_functionality_can_flush_before_a_cool_down
emit test_additional_functionality_can_flush_during_a_cool_down
done test_additional_functionality_can_flush_during_a_cool_down
emit test_additional_functionality_can_flush_after_a_cool_down
done test_additional_functionality_can_flush_after_a_cool_down
emit test_errors_prevents_maxwaitms_to_be_less_than_waitms
done test_errors_prevents_maxwaitms_to_be_less_than_waitms
emit default_to
done default_to
emit default_to_implementation
done default_to_implementation
emit test_falsy_values_nullish_undefined
done test_falsy_values_nullish_undefined
emit test_falsy_values_nullish_null
done test_falsy_values_nullish_null
emit test_falsy_values_non_nullish_nan
done test_falsy_values_non_nullish_nan
emit test_falsy_values_non_nullish_empty_string
done test_falsy_values_non_nullish_empty_string
emit test_falsy_values_non_nullish_false
done test_falsy_values_non_nullish_false
emit test_falsy_values_non_nullish_zero
done test_falsy_values_non_nullish_zero
emit test_falsy_values_non_nullish_empty_array
done test_falsy_values_non_nullish_empty_array
emit test_falsy_values_non_nullish_empty_object
done test_falsy_values_non_nullish_empty_object
emit test_truthy_values_string
done test_truthy_values_string
emit test_truthy_values_number
done test_truthy_values_number
emit test_truthy_values_boolean
done test_truthy_values_boolean
emit test_truthy_values_array
done test_truthy_values_array
emit test_truthy_values_object
done test_truthy_values_object
emit test_object_identity_value_isn_t_cloned
done test_object_identity_value_isn_t_cloned
emit test_object_identity_fallback_isn_t_cloned
done test_object_identity_fallback_isn_t_cloned
emit test_undefined_fallback
done test_undefined_fallback
emit purry_from_lazy
done purry_from_lazy
emit difference
done difference
emit lazy_implementation
done lazy_implementation
emit take
done take
emit lazy_implementation
done lazy_implementation
emit take_implementation
done take_implementation
emit test_returns_empty_array_on_empty_input
done test_returns_empty_array_on_empty_input
emit test_removes_nothing_on_empty_other_array
done test_removes_nothing_on_empty_other_array
emit test_returns_a_shallow_clone_when_nothing_is_removed
done test_returns_a_shallow_clone_when_nothing_is_removed
emit test_removes_an_item_that_is_in_the_input
done test_removes_an_item_that_is_in_the_input
emit test_doesn_t_remove_items_that_are_not_in_the_other_array
done test_doesn_t_remove_items_that_are_not_in_the_other_array
emit test_maintains_multi_set_semantics_removes_only_one_copy
done test_maintains_multi_set_semantics_removes_only_one_copy
emit test_works_if_the_other_array_has_more_copies_than_the_input
done test_works_if_the_other_array_has_more_copies_than_the_input
emit test_preserves_the_original_order_in_source_array
done test_preserves_the_original_order_in_source_array
emit test_accounts_and_removes_multiple_copies
done test_accounts_and_removes_multiple_copies
emit test_works_with_strings
done test_works_with_strings
emit test_works_with_objects
done test_works_with_objects
emit test_compares_objects_by_reference
done test_compares_objects_by_reference
emit test_lazy
done test_lazy
emit create_lazy_invocation_counter
done create_lazy_invocation_counter
emit difference_with
done difference_with
emit test_data_first_should_return_difference
done test_data_first_should_return_difference
emit test_data_first_should_allow_differencing_different_data_types
done test_data_first_should_allow_differencing_different_data_types
emit test_data_last_should_return_difference
done test_data_last_should_return_difference
emit test_data_last_should_allow_differencing_different_data_types
done test_data_last_should_allow_differencing_different_data_types
emit test_data_last_lazy
done test_data_last_lazy
emit divide
done divide
emit divide_implementation
done divide_implementation
emit test_data_first
done test_data_first
emit test_data_last
done test_data_last
emit do_nothing
done do_nothing
emit does_nothing
done does_nothing
emit test_does_nothing_when_called_with_no_arguments
done test_does_nothing_when_called_with_no_arguments
emit test_ignores_any_parameters_sent_to_the_function
done test_ignores_any_parameters_sent_to_the_function
emit drop
done drop
emit lazy_implementation
done lazy_implementation
emit drop_implementation
done drop_implementation
emit test_data_first_works_on_regular_inputs
done test_data_first_works_on_regular_inputs
emit test_data_first_works_trivially_on_empty_arrays
done test_data_first_works_trivially_on_empty_arrays
emit test_data_first_works_trivially_with_negative_numbers
done test_data_first_works_trivially_with_negative_numbers
emit test_data_first_works_when_dropping_more_than_the_length_of_the_array
done test_data_first_works_when_dropping_more_than_the_length_of_the_array
emit test_data_first_returns_a_shallow_clone_when_no_items_are_dropped
done test_data_first_returns_a_shallow_clone_when_no_items_are_dropped
emit test_data_last_works_on_regular_inputs
done test_data_last_works_on_regular_inputs
emit test_data_last_works_trivially_on_empty_arrays
done test_data_last_works_trivially_on_empty_arrays
emit test_data_last_works_trivially_with_negative_numbers
done test_data_last_works_trivially_with_negative_numbers
emit test_data_last_works_when_dropping_more_than_the_length_of_the_array
done test_data_last_works_when_dropping_more_than_the_length_of_the_array
emit test_data_last_lazy_impl
done test_data_last_lazy_impl
emit has_at_least
done has_at_least
emit has_at_least_implementation
done has_at_least_implementation
emit swap_in_place
done swap_in_place
emit heapify
done heapify
emit heap_maybe_insert
done heap_maybe_insert
emit heap_sift_down
done heap_sift_down
emit purry_order_rules
done purry_order_rules
emit purry_order_rules_with_argument
done purry_order_rules_with_argument
emit order_rule_comparer
done order_rule_comparer
emit is_order_rule
done is_order_rule
emit is_projection
done is_projection
emit drop_first_by
done drop_first_by
emit drop_first_by_implementation
done drop_first_by_implementation
emit test_runtime_datafirst_works
done test_runtime_datafirst_works
emit test_runtime_datafirst_handles_empty_arrays_gracefully
done test_runtime_datafirst_handles_empty_arrays_gracefully
emit test_runtime_datafirst_handles_negative_numbers_gracefully
done test_runtime_datafirst_handles_negative_numbers_gracefully
emit test_runtime_datafirst_handles_overflowing_numbers_gracefully
done test_runtime_datafirst_handles_overflowing_numbers_gracefully
emit test_runtime_datafirst_clones_the_input_when_needed
done test_runtime_datafirst_clones_the_input_when_needed
emit test_runtime_datafirst_works_with_complex_compare_rules
done test_runtime_datafirst_works_with_complex_compare_rules
emit test_runtime_datalast_works
done test_runtime_datalast_works
emit test_runtime_datalast_handles_empty_arrays_gracefully
done test_runtime_datalast_handles_empty_arrays_gracefully
emit test_runtime_datalast_handles_negative_numbers_gracefully
done test_runtime_datalast_handles_negative_numbers_gracefully
emit test_runtime_datalast_handles_overflowing_numbers_gracefully
done test_runtime_datalast_handles_overflowing_numbers_gracefully
emit test_runtime_datalast_clones_the_data_when_needed
done test_runtime_datalast_clones_the_data_when_needed
emit test_runtime_datalast_works_with_complex_compare_rules
done test_runtime_datalast_works_with_complex_compare_rules
emit drop_last
done drop_last
emit drop_last_implementation
done drop_last_implementation
emit test_empty_array
done test_empty_array
emit test_n_0
done test_n_0
emit test_n_0
done test_n_0
emit test_n_length
done test_n_length
emit test_n_length
done test_n_length
emit test_n_length
done test_n_length
emit test_should_return_a_new_array_even_if_there_was_no_drop
done test_should_return_a_new_array_even_if_there_was_no_drop
emit drop_last_while
done drop_last_while
emit drop_last_while_implementation
done drop_last_while_implementation
emit test_data_first_should_return_items_until_the_last_predicate_failure
done test_data_first_should_return_items_until_the_last_predicate_failure
emit test_data_first_should_return_an_empty_array_when_all_items_pass_the_predicate
done test_data_first_should_return_an_empty_array_when_all_items_pass_the_predicate
emit test_data_first_should_return_an_empty_array_when_an_empty_array_is_passed
done test_data_first_should_return_an_empty_array_when_an_empty_array_is_passed
emit test_data_first_should_return_first_item_when_first_item_fails_the_predicate
done test_data_first_should_return_first_item_when_first_item_fails_the_predicate
emit test_data_first_should_return_a_copy_of_the_array_when_the_last_item_fails_the_predicate
done test_data_first_should_return_a_copy_of_the_array_when_the_last_item_fails_the_predicate
emit test_data_last_should_return_items_until_the_last_predicate_failure
done test_data_last_should_return_items_until_the_last_predicate_failure
emit test_data_last_should_return_an_empty_array_when_all_items_pass_the_predicate
done test_data_last_should_return_an_empty_array_when_all_items_pass_the_predicate
emit test_data_last_should_return_an_empty_array_when_an_empty_array_is_passed
done test_data_last_should_return_an_empty_array_when_an_empty_array_is_passed
emit test_data_last_should_return_first_item_when_first_item_fails_the_predicate
done test_data_last_should_return_first_item_when_first_item_fails_the_predicate
emit test_data_last_should_return_a_copy_of_the_array_when_the_last_item_fails_the_predicate
done test_data_last_should_return_a_copy_of_the_array_when_the_last_item_fails_the_predicate
emit drop_while
done drop_while
emit drop_while_implementation
done drop_while_implementation
emit test_data_first_should_return_items_starting_from_the_first_predicate_failure
done test_data_first_should_return_items_starting_from_the_first_predicate_failure
emit test_data_first_should_return_an_empty_array_when_all_items_pass_the_predicate
done test_data_first_should_return_an_empty_array_when_all_items_pass_the_predicate
emit test_data_first_should_return_an_empty_array_when_an_empty_array_is_passed
done test_data_first_should_return_an_empty_array_when_an_empty_array_is_passed
emit test_data_first_should_return_last_item_when_last_item_fails_the_predicate
done test_data_first_should_return_last_item_when_last_item_fails_the_predicate
emit test_data_first_should_return_a_copy_of_the_array_when_the_first_item_fails_the_predicate
done test_data_first_should_return_a_copy_of_the_array_when_the_first_item_fails_the_predicate
emit test_data_last_should_return_items_starting_from_the_first_predicate_failure
done test_data_last_should_return_items_starting_from_the_first_predicate_failure
emit test_data_last_should_return_an_empty_array_when_all_items_pass_the_predicate
done test_data_last_should_return_an_empty_array_when_all_items_pass_the_predicate
emit test_data_last_should_return_an_empty_array_when_an_empty_array_is_passed
done test_data_last_should_return_an_empty_array_when_an_empty_array_is_passed
emit test_data_last_should_return_last_item_when_last_item_fails_the_predicate
done test_data_last_should_return_last_item_when_last_item_fails_the_predicate
emit test_data_last_should_return_a_copy_of_the_array_when_the_first_item_fails_the_predicate
done test_data_last_should_return_a_copy_of_the_array_when_the_first_item_fails_the_predicate
emit ends_with
done ends_with
emit ends_with_implementation
done ends_with_implementation
emit test_empty_data
done test_empty_data
emit test_ends_with
done test_ends_with
emit test_doesn_t_ends_with
done test_doesn_t_ends_with
emit test_matches_case
done test_matches_case
emit test_data_last
done test_data_last
emit entries
done entries
emit test_should_return_pairs
done test_should_return_pairs
emit test_should_ignore_symbol_keys
done test_should_ignore_symbol_keys
emit test_should_turn_numbers_to_strings
done test_should_turn_numbers_to_strings
emit test_returns_symbol_values
done test_returns_symbol_values
emit test_works_with_complex_objects_as_values
done test_works_with_complex_objects_as_values
emit evolve
done evolve
emit evolve_implementation
done evolve_implementation
emit length
done length
emit length_implementation
done length_implementation
emit omit
done omit
emit omit_implementation
done omit_implementation
emit reduce
done reduce
emit reduce_implementation
done reduce_implementation
emit set
done set
emit set_implementation
done set_implementation
emit test_data_first_creates_a_new_object_by_evolving_the_data_according_to_the_transformation_functions
done test_data_first_creates_a_new_object_by_evolving_the_data_according_to_the_transformation_functions
emit test_data_first_does_not_invoke_function_if_data_does_not_contain_the_key
done test_data_first_does_not_invoke_function_if_data_does_not_contain_the_key
emit test_data_first_is_not_destructive_and_is_immutable
done test_data_first_is_not_destructive_and_is_immutable
emit test_data_first_is_recursive
done test_data_first_is_recursive
emit test_data_first_ignores_undefined_transformations
done test_data_first_ignores_undefined_transformations
emit test_data_first_can_handle_data_that_is_complex_nested_objects
done test_data_first_can_handle_data_that_is_complex_nested_objects
emit test_data_first_accept_function_whose_second_and_subsequent_arguments_are_optional
done test_data_first_accept_function_whose_second_and_subsequent_arguments_are_optional
emit test_data_first_doesn_t_evolve_symbol_keys
done test_data_first_doesn_t_evolve_symbol_keys
emit test_data_first_ignore_transformers_for_non_object_values
done test_data_first_ignore_transformers_for_non_object_values
emit test_data_last_creates_a_new_object_by_evolving_the_data_according_to_the_transformation_functions
done test_data_last_creates_a_new_object_by_evolving_the_data_according_to_the_transformation_functions
emit test_data_last_does_not_invoke_function_if_data_does_not_contain_the_key
done test_data_last_does_not_invoke_function_if_data_does_not_contain_the_key
emit test_data_last_is_not_destructive_and_is_immutable
done test_data_last_is_not_destructive_and_is_immutable
emit test_data_last_is_recursive
done test_data_last_is_recursive
emit test_data_last_ignores_undefined_transformations
done test_data_last_ignores_undefined_transformations
emit test_data_last_can_handle_data_that_is_complex_nested_objects
done test_data_last_can_handle_data_that_is_complex_nested_objects
emit test_data_last_accept_function_whose_second_and_subsequent_arguments_are_optional
done test_data_last_accept_function_whose_second_and_subsequent_arguments_are_optional
emit filter
done filter
emit filter_implementation
done filter_implementation
emit is_number
done is_number
emit test_data_first_filter
done test_data_first_filter
emit test_data_first_data_first_with_typescript_guard
done test_data_first_data_first_with_typescript_guard
emit test_data_first_filter_indexed
done test_data_first_filter_indexed
emit test_data_last_filter
done test_data_last_filter
emit test_data_last_filter_with_typescript_guard
done test_data_last_filter_with_typescript_guard
emit test_data_last_filter_indexed
done test_data_last_filter_indexed
emit to_single
done to_single
emit find
done find
emit find_implementation
done find_implementation
emit test_data_first_find
done test_data_first_find
emit test_data_first_indexed
done test_data_first_indexed
emit test_data_last_find
done test_data_last_find
emit test_data_last_indexed
done test_data_last_indexed
emit find_index
done find_index
emit find_index_implementation
done find_index_implementation
emit test_data_first_found
done test_data_first_found
emit test_data_first_not_found
done test_data_first_not_found
emit test_data_last_found
done test_data_last_found
emit test_data_last_not_found
done test_data_last_not_found
emit find_last
done find_last
emit find_last_implementation
done find_last_implementation
emit test_data_first_findlast
done test_data_first_findlast
emit test_data_first_indexed
done test_data_first_indexed
emit test_data_first_findlast_first_value
done test_data_first_findlast_first_value
emit test_data_first_findlast_no_match
done test_data_first_findlast_no_match
emit test_data_last_findlast
done test_data_last_findlast
emit test_data_last_indexed
done test_data_last_indexed
emit find_last_index
done find_last_index
emit find_last_index_implementation
done find_last_index_implementation
emit test_data_first_findlastindex
done test_data_first_findlastindex
emit test_data_first_findlast_first_value
done test_data_first_findlast_first_value
emit test_data_first_findlastindex_1
done test_data_first_findlastindex_1
emit test_data_last_found
done test_data_last_found
emit test_data_last_not_found
done test_data_last_not_found
emit first
done first
emit first_implementation
done first_implementation
emit first_lazy
done first_lazy
emit assert_is_defined
done assert_is_defined
emit test_should_return_first
done test_should_return_first
emit test_empty_array
done test_empty_array
emit test_pipe_as_fn
done test_pipe_as_fn
emit test_pipe_with_filter
done test_pipe_with_filter
emit test_pipe_empty_array
done test_pipe_empty_array
emit test_pipe_2_x_first
done test_pipe_2_x_first
emit test_pipe_complex
done test_pipe_complex
emit test_simple_empty_array
done test_simple_empty_array
emit test_simple_array
done test_simple_array
emit test_simple_non_empty_array
done test_simple_non_empty_array
emit test_simple_tuple
done test_simple_tuple
emit test_array_with_more_than_one_item
done test_array_with_more_than_one_item
emit test_trivial_empty_array
done test_trivial_empty_array
emit test_array_with_last
done test_array_with_last
emit test_tuple_with_last
done test_tuple_with_last
emit test_simple_empty_readonly_array
done test_simple_empty_readonly_array
emit test_simple_readonly_array
done test_simple_readonly_array
emit test_simple_non_empty_readonly_array
done test_simple_non_empty_readonly_array
emit test_simple_readonly_tuple
done test_simple_readonly_tuple
emit test_readonly_array_with_more_than_one_item
done test_readonly_array_with_more_than_one_item
emit test_readonly_trivial_empty_array
done test_readonly_trivial_empty_array
emit test_readonly_array_with_last
done test_readonly_array_with_last
emit test_readonly_tuple_with_last
done test_readonly_tuple_with_last
emit first_by
done first_by
emit first_by_implementation
done first_by_implementation
emit test_runtime_datafirst_returns_undefined_on_empty
done test_runtime_datafirst_returns_undefined_on_empty
emit test_runtime_datafirst_returns_the_item_on_a_single_item_array
done test_runtime_datafirst_returns_the_item_on_a_single_item_array
emit test_runtime_datafirst_finds_the_minimum
done test_runtime_datafirst_finds_the_minimum
emit test_runtime_datafirst_finds_the_minimum_with_a_non_trivial_order_rule
done test_runtime_datafirst_finds_the_minimum_with_a_non_trivial_order_rule
emit test_runtime_datafirst_finds_the_max_with_desc_order_rules
done test_runtime_datafirst_finds_the_max_with_desc_order_rules
emit test_runtime_datafirst_finds_the_max_with_non_trivial_desc_order_rules
done test_runtime_datafirst_finds_the_max_with_non_trivial_desc_order_rules
emit test_runtime_datafirst_breaks_ties_with_multiple_order_rules
done test_runtime_datafirst_breaks_ties_with_multiple_order_rules
emit test_runtime_datafirst_can_compare_strings
done test_runtime_datafirst_can_compare_strings
emit test_runtime_datafirst_can_compare_numbers
done test_runtime_datafirst_can_compare_numbers
emit test_runtime_datafirst_can_compare_booleans
done test_runtime_datafirst_can_compare_booleans
emit test_runtime_datafirst_can_compare_valueofs
done test_runtime_datafirst_can_compare_valueofs
emit test_runtime_datalast_returns_undefined_on_empty
done test_runtime_datalast_returns_undefined_on_empty
emit test_runtime_datalast_returns_the_item_on_a_single_item_array
done test_runtime_datalast_returns_the_item_on_a_single_item_array
emit test_runtime_datalast_finds_the_minimum
done test_runtime_datalast_finds_the_minimum
emit test_runtime_datalast_finds_the_minimum_with_a_non_trivial_order_rule
done test_runtime_datalast_finds_the_minimum_with_a_non_trivial_order_rule
emit test_runtime_datalast_finds_the_max_with_desc_order_rules
done test_runtime_datalast_finds_the_max_with_desc_order_rules
emit test_runtime_datalast_finds_the_max_with_non_trivial_desc_order_rules
done test_runtime_datalast_finds_the_max_with_non_trivial_desc_order_rules
emit test_runtime_datalast_breaks_ties_with_multiple_order_rules
done test_runtime_datalast_breaks_ties_with_multiple_order_rules
emit test_runtime_datalast_can_compare_strings
done test_runtime_datalast_can_compare_strings
emit test_runtime_datalast_can_compare_numbers
done test_runtime_datalast_can_compare_numbers
emit test_runtime_datalast_can_compare_booleans
done test_runtime_datalast_can_compare_booleans
emit test_runtime_datalast_can_compare_valueofs
done test_runtime_datalast_can_compare_valueofs
emit flat
done flat
emit flat_implementation
done flat_implementation
emit lazy_shallow
done lazy_shallow
emit test_datafirst_works_on_empty_arrays
done test_datafirst_works_on_empty_arrays
emit test_datafirst_works_on_flat_arrays
done test_datafirst_works_on_flat_arrays
emit test_datafirst_flattens_shallow_nested_arrays
done test_datafirst_flattens_shallow_nested_arrays
emit test_datafirst_stops_at_the_given_depth
done test_datafirst_stops_at_the_given_depth
emit test_datafirst_works_with_deeper_depth
done test_datafirst_works_with_deeper_depth
emit test_datafirst_handles_optional_depth_as_if_it_was_1
done test_datafirst_handles_optional_depth_as_if_it_was_1
emit test_datafirst_handles_objects
done test_datafirst_handles_objects
emit test_datafirst_clones_the_array_on_depth_0
done test_datafirst_clones_the_array_on_depth_0
emit test_datafirst_clones_the_array_when_no_nested_items
done test_datafirst_clones_the_array_when_no_nested_items
emit test_datalast_works_on_empty_arrays
done test_datalast_works_on_empty_arrays
emit test_datalast_works_on_flat_arrays
done test_datalast_works_on_flat_arrays
emit test_datalast_flattens_shallow_nested_arrays
done test_datalast_flattens_shallow_nested_arrays
emit test_datalast_stops_at_the_given_depth
done test_datalast_stops_at_the_given_depth
emit test_datalast_works_with_deeper_depth
done test_datalast_works_with_deeper_depth
emit test_datalast_handles_optional_depth_as_if_it_was_1
done test_datalast_handles_optional_depth_as_if_it_was_1
emit test_datalast_handles_objects
done test_datalast_handles_objects
emit test_datalast_works_lazily_shallow
done test_datalast_works_lazily_shallow
emit test_datalast_works_lazily_deep
done test_datalast_works_lazily_deep
emit test_datalast_works_lazily_with_trivial_depth_0
done test_datalast_works_lazily_with_trivial_depth_0
emit test_can_go_very_very_deep
done test_can_go_very_very_deep
emit test_legacy_flatten_equivalent_depth_1_flatten
done test_legacy_flatten_equivalent_depth_1_flatten
emit test_legacy_flatten_equivalent_depth_1_nested
done test_legacy_flatten_equivalent_depth_1_nested
emit test_legacy_flatten_equivalent_depth_1_datalast_flatten_multiple_values
done test_legacy_flatten_equivalent_depth_1_datalast_flatten_multiple_values
emit test_legacy_flatten_equivalent_depth_1_datalast_flatten_single_value
done test_legacy_flatten_equivalent_depth_1_datalast_flatten_single_value
emit test_legacy_flatten_equivalent_depth_1_datalast_lazy
done test_legacy_flatten_equivalent_depth_1_datalast_lazy
emit test_legacy_flattendeep_equivalent_depth_4_flatten
done test_legacy_flattendeep_equivalent_depth_4_flatten
emit test_legacy_flattendeep_equivalent_depth_4_nested
done test_legacy_flattendeep_equivalent_depth_4_nested
emit test_legacy_flattendeep_equivalent_depth_4_lazy
done test_legacy_flattendeep_equivalent_depth_4_lazy
emit flat_map
done flat_map
emit flat_map_implementation
done flat_map_implementation
emit test_datafirst_flatmap
done test_datafirst_flatmap
emit test_datafirst_should_accept_fn_returning_a_readonly_array
done test_datafirst_should_accept_fn_returning_a_readonly_array
emit test_datalast_flatmap
done test_datalast_flatmap
emit test_datalast_should_accept_fn_returning_a_readonly_array
done test_datalast_should_accept_fn_returning_a_readonly_array
emit test_datalast_works_with_non_array_outputs
done test_datalast_works_with_non_array_outputs
emit test_datalast_pipe_with_find
done test_datalast_pipe_with_find
emit floor
done floor
emit test_data_first_should_work_with_positive_precision
done test_data_first_should_work_with_positive_precision
emit test_data_first_should_work_with_negative_precision
done test_data_first_should_work_with_negative_precision
emit test_data_first_does_not_output_floating_point_number_for_negative_precision
done test_data_first_does_not_output_floating_point_number_for_negative_precision
emit test_data_first_should_work_with_precision_0
done test_data_first_should_work_with_precision_0
emit test_data_first_case_0_should_throw_for_d_precision
done test_data_first_case_0_should_throw_for_d_precision
emit test_data_first_case_1_should_throw_for_d_precision
done test_data_first_case_1_should_throw_for_d_precision
emit test_data_first_should_throw_for_non_integer_precision
done test_data_first_should_throw_for_non_integer_precision
emit test_data_first_should_throw_for_precision_higher_than_15_and_lower_than_15
done test_data_first_should_throw_for_precision_higher_than_15_and_lower_than_15
emit test_data_first_case_0_should_return_d_when_passed_as_value_regardless_of_precision
done test_data_first_case_0_should_return_d_when_passed_as_value_regardless_of_precision
emit test_data_first_case_1_should_return_d_when_passed_as_value_regardless_of_precision
done test_data_first_case_1_should_return_d_when_passed_as_value_regardless_of_precision
emit test_data_first_case_2_should_return_d_when_passed_as_value_regardless_of_precision
done test_data_first_case_2_should_return_d_when_passed_as_value_regardless_of_precision
emit test_data_last_should_work_with_positive_precision
done test_data_last_should_work_with_positive_precision
emit test_data_last_should_work_with_negative_precision
done test_data_last_should_work_with_negative_precision
emit test_data_last_should_work_with_precision_0
done test_data_last_should_work_with_precision_0
emit test_data_last_case_0_should_throw_for_d_precision
done test_data_last_case_0_should_throw_for_d_precision
emit test_data_last_case_1_should_throw_for_d_precision
done test_data_last_case_1_should_throw_for_d_precision
emit test_data_last_should_throw_for_non_integer_precision
done test_data_last_should_throw_for_non_integer_precision
emit test_data_last_should_throw_for_precision_higher_than_15_and_lower_than_15
done test_data_last_should_throw_for_precision_higher_than_15_and_lower_than_15
emit test_data_last_case_0_should_return_d_when_passed_as_value_regardless_of_precision
done test_data_last_case_0_should_return_d_when_passed_as_value_regardless_of_precision
emit test_data_last_case_1_should_return_d_when_passed_as_value_regardless_of_precision
done test_data_last_case_1_should_return_d_when_passed_as_value_regardless_of_precision
emit test_data_last_case_2_should_return_d_when_passed_as_value_regardless_of_precision
done test_data_last_case_2_should_return_d_when_passed_as_value_regardless_of_precision
emit for_each
done for_each
emit for_each_implementation
done for_each_implementation
emit test_datafirst
done test_datafirst
emit test_datalast
done test_datalast
emit test_pipe
done test_pipe
emit test_with_take
done test_with_take
emit for_each_obj
done for_each_obj
emit for_each_obj_implementation
done for_each_obj_implementation
emit test_datafirst
done test_datafirst
emit test_doesn_t_run_on_symbol_keys
done test_doesn_t_run_on_symbol_keys
emit test_number_keys_are_translated_to_string
done test_number_keys_are_translated_to_string
emit test_datalast
done test_datalast
emit from_entries
done from_entries
emit test_datafirst
done test_datafirst
emit test_datalast
done test_datalast
emit test_empty_array
done test_empty_array
emit test_single_entry
done test_single_entry
emit test_boolean_values
done test_boolean_values
emit test_string_values
done test_string_values
emit test_number_keys_and_values
done test_number_keys_and_values
emit from_keys
done from_keys
emit from_keys_implementation
done from_keys_implementation
emit test_works_on_trivially_empty_arrays
done test_works_on_trivially_empty_arrays
emit test_works_on_regular_arrays
done test_works_on_regular_arrays
emit test_works_with_duplicates
done test_works_with_duplicates
emit test_uses_the_last_value
done test_uses_the_last_value
emit test_works_with_number_keys
done test_works_with_number_keys
emit test_works_with_symbols
done test_works_with_symbols
emit test_works_with_a_mix_of_key_types
done test_works_with_a_mix_of_key_types
emit test_datalast_works_on_trivially_empty_arrays
done test_datalast_works_on_trivially_empty_arrays
emit test_datalast_works_on_regular_arrays
done test_datalast_works_on_regular_arrays
emit test_datalast_works_with_duplicates
done test_datalast_works_with_duplicates
emit test_datalast_uses_the_last_value
done test_datalast_uses_the_last_value
emit test_datalast_works_with_number_keys
done test_datalast_works_with_number_keys
emit test_datalast_works_with_symbols
done test_datalast_works_with_symbols
emit test_datalast_works_with_a_mix_of_key_types
done test_datalast_works_with_a_mix_of_key_types
emit sleep
done sleep
emit funnel
done funnel
emit void_reducer
done void_reducer
emit debounce_with_cached_value
done debounce_with_cached_value
emit test_https_github_com_lodash_lodash_blob_4_17_21_test_test_js_l4187_should_debounce_a_function
done test_https_github_com_lodash_lodash_blob_4_17_21_test_test_js_l4187_should_debounce_a_function
emit test_https_github_com_lodash_lodash_blob_4_17_21_test_test_js_l4187_subsequent_debounced_calls_return_the_last_func_result
done test_https_github_com_lodash_lodash_blob_4_17_21_test_test_js_l4187_subsequent_debounced_calls_return_the_last_func_result
emit test_https_github_com_lodash_lodash_blob_4_17_21_test_test_js_l4187_subsequent_leading_debounced_calls_return_the_last_func_result
done test_https_github_com_lodash_lodash_blob_4_17_21_test_test_js_l4187_subsequent_leading_debounced_calls_return_the_last_func_result
emit test_https_github_com_lodash_lodash_blob_4_17_21_test_test_js_l4187_should_invoke_the_trailing_call_with_the_correct_arguments_and_this_binding
done test_https_github_com_lodash_lodash_blob_4_17_21_test_test_js_l4187_should_invoke_the_trailing_call_with_the_correct_arguments_and_this_binding
emit test_https_github_com_lodash_lodash_blob_4_17_21_test_test_js_l23038_should_reset_lastcalled_after_cancelling
done test_https_github_com_lodash_lodash_blob_4_17_21_test_test_js_l23038_should_reset_lastcalled_after_cancelling
emit test_https_github_com_lodash_lodash_blob_4_17_21_test_test_js_l23038_should_support_flushing_delayed_calls
done test_https_github_com_lodash_lodash_blob_4_17_21_test_test_js_l23038_should_support_flushing_delayed_calls
emit test_https_github_com_lodash_lodash_blob_4_17_21_test_test_js_l23038_should_noop_cancel_and_flush_when_nothing_is_queued
done test_https_github_com_lodash_lodash_blob_4_17_21_test_test_js_l23038_should_noop_cancel_and_flush_when_nothing_is_queued
emit test_features_not_tested_by_lodash_does_nothing_when_neither_leading_nor_trailing_are_enabled
done test_features_not_tested_by_lodash_does_nothing_when_neither_leading_nor_trailing_are_enabled
emit debounce
done debounce
emit yield_execution
done yield_execution
emit test_https_github_com_lodash_lodash_blob_4_17_21_test_test_js_l4187_should_debounce_a_function
done test_https_github_com_lodash_lodash_blob_4_17_21_test_test_js_l4187_should_debounce_a_function
emit test_https_github_com_lodash_lodash_blob_4_17_21_test_test_js_l4187_should_not_immediately_call_func_when_wait_is_0
done test_https_github_com_lodash_lodash_blob_4_17_21_test_test_js_l4187_should_not_immediately_call_func_when_wait_is_0
emit test_https_github_com_lodash_lodash_blob_4_17_21_test_test_js_l4187_should_apply_default_options
done test_https_github_com_lodash_lodash_blob_4_17_21_test_test_js_l4187_should_apply_default_options
emit test_https_github_com_lodash_lodash_blob_4_17_21_test_test_js_l4187_should_support_a_leading_option
done test_https_github_com_lodash_lodash_blob_4_17_21_test_test_js_l4187_should_support_a_leading_option
emit test_https_github_com_lodash_lodash_blob_4_17_21_test_test_js_l4187_should_support_a_trailing_option
done test_https_github_com_lodash_lodash_blob_4_17_21_test_test_js_l4187_should_support_a_trailing_option
emit test_https_github_com_lodash_lodash_blob_4_17_21_test_test_js_l4187_should_support_a_maxwait_option
done test_https_github_com_lodash_lodash_blob_4_17_21_test_test_js_l4187_should_support_a_maxwait_option
emit test_https_github_com_lodash_lodash_blob_4_17_21_test_test_js_l4187_should_support_maxwait_in_a_tight_loop
done test_https_github_com_lodash_lodash_blob_4_17_21_test_test_js_l4187_should_support_maxwait_in_a_tight_loop
emit test_https_github_com_lodash_lodash_blob_4_17_21_test_test_js_l4187_should_queue_a_trailing_call_for_subsequent_debounced_calls_after_maxwait
done test_https_github_com_lodash_lodash_blob_4_17_21_test_test_js_l4187_should_queue_a_trailing_call_for_subsequent_debounced_calls_after_maxwait
emit test_https_github_com_lodash_lodash_blob_4_17_21_test_test_js_l4187_should_cancel_maxdelayed_when_delayed_is_invoked
done test_https_github_com_lodash_lodash_blob_4_17_21_test_test_js_l4187_should_cancel_maxdelayed_when_delayed_is_invoked
emit test_https_github_com_lodash_lodash_blob_4_17_21_test_test_js_l4187_should_invoke_the_trailing_call_with_the_correct_arguments_and_this_binding
done test_https_github_com_lodash_lodash_blob_4_17_21_test_test_js_l4187_should_invoke_the_trailing_call_with_the_correct_arguments_and_this_binding
emit test_https_github_com_lodash_lodash_blob_4_17_21_test_test_js_l23038_should_use_a_default_wait_of_0
done test_https_github_com_lodash_lodash_blob_4_17_21_test_test_js_l23038_should_use_a_default_wait_of_0
emit test_https_github_com_lodash_lodash_blob_4_17_21_test_test_js_l23038_supports_recursive_calls
done test_https_github_com_lodash_lodash_blob_4_17_21_test_test_js_l23038_supports_recursive_calls
emit test_https_github_com_lodash_lodash_blob_4_17_21_test_test_js_l23038_should_support_cancelling_delayed_calls
done test_https_github_com_lodash_lodash_blob_4_17_21_test_test_js_l23038_should_support_cancelling_delayed_calls
emit test_https_github_com_lodash_lodash_blob_4_17_21_test_test_js_l23038_should_reset_lastcalled_after_cancelling
done test_https_github_com_lodash_lodash_blob_4_17_21_test_test_js_l23038_should_reset_lastcalled_after_cancelling
emit test_https_github_com_lodash_lodash_blob_4_17_21_test_test_js_l23038_should_support_flushing_delayed_calls
done test_https_github_com_lodash_lodash_blob_4_17_21_test_test_js_l23038_should_support_flushing_delayed_calls
emit test_https_github_com_lodash_lodash_blob_4_17_21_test_test_js_l23038_should_noop_cancel_and_flush_when_nothing_is_queued
done test_https_github_com_lodash_lodash_blob_4_17_21_test_test_js_l23038_should_noop_cancel_and_flush_when_nothing_is_queued
emit throttle_with_cached_value
done throttle_with_cached_value
emit test_https_github_com_lodash_lodash_blob_4_17_21_test_test_js_l22768_subsequent_calls_should_return_the_result_of_the_first_call
done test_https_github_com_lodash_lodash_blob_4_17_21_test_test_js_l22768_subsequent_calls_should_return_the_result_of_the_first_call
emit test_https_github_com_lodash_lodash_blob_4_17_21_test_test_js_l22768_should_support_a_leading_option
done test_https_github_com_lodash_lodash_blob_4_17_21_test_test_js_l22768_should_support_a_leading_option
emit test_https_github_com_lodash_lodash_blob_4_17_21_test_test_js_l22768_should_support_a_trailing_option
done test_https_github_com_lodash_lodash_blob_4_17_21_test_test_js_l22768_should_support_a_trailing_option
emit test_https_github_com_lodash_lodash_blob_4_17_21_test_test_js_l23038_should_reset_lastcalled_after_cancelling
done test_https_github_com_lodash_lodash_blob_4_17_21_test_test_js_l23038_should_reset_lastcalled_after_cancelling
emit test_https_github_com_lodash_lodash_blob_4_17_21_test_test_js_l23038_should_support_flushing_delayed_calls
done test_https_github_com_lodash_lodash_blob_4_17_21_test_test_js_l23038_should_support_flushing_delayed_calls
emit test_https_github_com_lodash_lodash_blob_4_17_21_test_test_js_l23038_should_noop_cancel_and_flush_when_nothing_is_queued
done test_https_github_com_lodash_lodash_blob_4_17_21_test_test_js_l23038_should_noop_cancel_and_flush_when_nothing_is_queued
emit test_features_not_tested_by_lodash_does_nothing_when_neither_leading_nor_trailing_are_enabled
done test_features_not_tested_by_lodash_does_nothing_when_neither_leading_nor_trailing_are_enabled
emit throttle
done throttle
emit test_https_github_com_lodash_lodash_blob_4_17_21_test_test_js_l22768_should_throttle_a_function
done test_https_github_com_lodash_lodash_blob_4_17_21_test_test_js_l22768_should_throttle_a_function
emit test_https_github_com_lodash_lodash_blob_4_17_21_test_test_js_l22768_should_clear_timeout_when_func_is_called
done test_https_github_com_lodash_lodash_blob_4_17_21_test_test_js_l22768_should_clear_timeout_when_func_is_called
emit test_https_github_com_lodash_lodash_blob_4_17_21_test_test_js_l22768_should_not_trigger_a_trailing_call_when_invoked_once
done test_https_github_com_lodash_lodash_blob_4_17_21_test_test_js_l22768_should_not_trigger_a_trailing_call_when_invoked_once
emit test_https_github_com_lodash_lodash_blob_4_17_21_test_test_js_l22768_should_trigger_a_call_when_invoked_repeatedly
done test_https_github_com_lodash_lodash_blob_4_17_21_test_test_js_l22768_should_trigger_a_call_when_invoked_repeatedly
emit test_https_github_com_lodash_lodash_blob_4_17_21_test_test_js_l22768_should_trigger_a_call_when_invoked_repeatedly_and_leading_is_false
done test_https_github_com_lodash_lodash_blob_4_17_21_test_test_js_l22768_should_trigger_a_call_when_invoked_repeatedly_and_leading_is_false
emit test_https_github_com_lodash_lodash_blob_4_17_21_test_test_js_l22768_should_trigger_a_second_throttled_call_as_soon_as_possible
done test_https_github_com_lodash_lodash_blob_4_17_21_test_test_js_l22768_should_trigger_a_second_throttled_call_as_soon_as_possible
emit test_https_github_com_lodash_lodash_blob_4_17_21_test_test_js_l22768_should_apply_default_options
done test_https_github_com_lodash_lodash_blob_4_17_21_test_test_js_l22768_should_apply_default_options
emit test_https_github_com_lodash_lodash_blob_4_17_21_test_test_js_l22768_should_support_a_leading_option
done test_https_github_com_lodash_lodash_blob_4_17_21_test_test_js_l22768_should_support_a_leading_option
emit test_https_github_com_lodash_lodash_blob_4_17_21_test_test_js_l22768_should_support_a_trailing_option
done test_https_github_com_lodash_lodash_blob_4_17_21_test_test_js_l22768_should_support_a_trailing_option
emit test_https_github_com_lodash_lodash_blob_4_17_21_test_test_js_l22768_should_not_update_lastcalled_at_the_end_of_the_timeout_when_trailing_is_false
done test_https_github_com_lodash_lodash_blob_4_17_21_test_test_js_l22768_should_not_update_lastcalled_at_the_end_of_the_timeout_when_trailing_is_false
emit test_https_github_com_lodash_lodash_blob_4_17_21_test_test_js_l23038_should_use_a_default_wait_of_0
done test_https_github_com_lodash_lodash_blob_4_17_21_test_test_js_l23038_should_use_a_default_wait_of_0
emit test_https_github_com_lodash_lodash_blob_4_17_21_test_test_js_l23038_supports_recursive_calls
done test_https_github_com_lodash_lodash_blob_4_17_21_test_test_js_l23038_supports_recursive_calls
emit test_https_github_com_lodash_lodash_blob_4_17_21_test_test_js_l23038_should_support_cancelling_delayed_calls
done test_https_github_com_lodash_lodash_blob_4_17_21_test_test_js_l23038_should_support_cancelling_delayed_calls
emit test_https_github_com_lodash_lodash_blob_4_17_21_test_test_js_l23038_should_reset_lastcalled_after_cancelling
done test_https_github_com_lodash_lodash_blob_4_17_21_test_test_js_l23038_should_reset_lastcalled_after_cancelling
emit test_https_github_com_lodash_lodash_blob_4_17_21_test_test_js_l23038_should_support_flushing_delayed_calls
done test_https_github_com_lodash_lodash_blob_4_17_21_test_test_js_l23038_should_support_flushing_delayed_calls
emit test_https_github_com_lodash_lodash_blob_4_17_21_test_test_js_l23038_should_noop_cancel_and_flush_when_nothing_is_queued
done test_https_github_com_lodash_lodash_blob_4_17_21_test_test_js_l23038_should_noop_cancel_and_flush_when_nothing_is_queued
emit test_not_tested_by_lodash_should_do_nothing_when_leading_and_trailing_are_both_disabled
done test_not_tested_by_lodash_should_do_nothing_when_leading_and_trailing_are_both_disabled
emit batch
done batch
emit test_showcase_results_as_object
done test_showcase_results_as_object
emit test_showcase_results_as_array
done test_showcase_results_as_array
emit test_showcase_error_handling
done test_showcase_error_handling
emit debounce
done debounce
emit test_main_functionality_should_debounce_a_function
done test_main_functionality_should_debounce_a_function
emit test_main_functionality_subsequent_debounced_calls_return_the_last_func_result
done test_main_functionality_subsequent_debounced_calls_return_the_last_func_result
emit test_main_functionality_should_not_immediately_call_func_when_wait_is_0
done test_main_functionality_should_not_immediately_call_func_when_wait_is_0
emit test_main_functionality_should_apply_default_options
done test_main_functionality_should_apply_default_options
emit test_main_functionality_should_support_a_leading_option
done test_main_functionality_should_support_a_leading_option
emit test_main_functionality_subsequent_leading_debounced_calls_return_the_last_func_result
done test_main_functionality_subsequent_leading_debounced_calls_return_the_last_func_result
emit test_main_functionality_should_support_a_trailing_option
done test_main_functionality_should_support_a_trailing_option
emit test_optional_param_maxwaitms_should_support_a_maxwait_option
done test_optional_param_maxwaitms_should_support_a_maxwait_option
emit test_optional_param_maxwaitms_should_support_maxwait_in_a_tight_loop
done test_optional_param_maxwaitms_should_support_maxwait_in_a_tight_loop
emit test_optional_param_maxwaitms_should_queue_a_trailing_call_for_subsequent_debounced_calls_after_maxwait
done test_optional_param_maxwaitms_should_queue_a_trailing_call_for_subsequent_debounced_calls_after_maxwait
emit test_optional_param_maxwaitms_should_cancel_maxdelayed_when_delayed_is_invoked
done test_optional_param_maxwaitms_should_cancel_maxdelayed_when_delayed_is_invoked
emit test_optional_param_maxwaitms_works_like_a_leaky_bucket_when_only_maxwaitms_is_set
done test_optional_param_maxwaitms_works_like_a_leaky_bucket_when_only_maxwaitms_is_set
emit test_additional_functionality_can_cancel_before_the_timer_starts
done test_additional_functionality_can_cancel_before_the_timer_starts
emit test_additional_functionality_can_cancel_the_timer
done test_additional_functionality_can_cancel_the_timer
emit test_additional_functionality_can_cancel_after_the_timer_ends
done test_additional_functionality_can_cancel_after_the_timer_ends
emit test_additional_functionality_can_cancel_maxwait_timer
done test_additional_functionality_can_cancel_maxwait_timer
emit test_additional_functionality_can_return_a_cached_value
done test_additional_functionality_can_return_a_cached_value
emit test_additional_functionality_can_check_for_inflight_timers_trailing
done test_additional_functionality_can_check_for_inflight_timers_trailing
emit test_additional_functionality_can_check_for_inflight_timers_leading
done test_additional_functionality_can_check_for_inflight_timers_leading
emit test_additional_functionality_can_flush_before_a_cool_down
done test_additional_functionality_can_flush_before_a_cool_down
emit test_additional_functionality_can_flush_during_a_cool_down
done test_additional_functionality_can_flush_during_a_cool_down
emit test_additional_functionality_can_flush_after_a_cool_down
done test_additional_functionality_can_flush_after_a_cool_down
emit test_errors_prevents_maxwaitms_to_be_less_than_waitms
done test_errors_prevents_maxwaitms_to_be_less_than_waitms
emit test_without_a_reducer_still_calls_the_executor
done test_without_a_reducer_still_calls_the_executor
emit test_without_a_reducer_handles_multiple_calls
done test_without_a_reducer_handles_multiple_calls
emit test_reducer_behavior_passes_the_reduced_arg_to_the_executor
done test_reducer_behavior_passes_the_reduced_arg_to_the_executor
emit test_reducer_behavior_reduces_call_args
done test_reducer_behavior_reduces_call_args
emit test_reducer_behavior_does_not_invoke_if_reduceargs_returns_undefined
done test_reducer_behavior_does_not_invoke_if_reduceargs_returns_undefined
emit test_reducer_behavior_supports_multiple_arguments
done test_reducer_behavior_supports_multiple_arguments
emit test_reducer_behavior_reducer_isn_t_called_again_when_invokedat_start
done test_reducer_behavior_reducer_isn_t_called_again_when_invokedat_start
emit test_non_trivial_0ms_timer_duration_delay_timer_invokedat_start
done test_non_trivial_0ms_timer_duration_delay_timer_invokedat_start
emit test_non_trivial_0ms_timer_duration_delay_timer_invokedat_both
done test_non_trivial_0ms_timer_duration_delay_timer_invokedat_both
emit test_non_trivial_0ms_timer_duration_delay_timer_invocations_in_the_middle_of_a_window
done test_non_trivial_0ms_timer_duration_delay_timer_invocations_in_the_middle_of_a_window
emit test_non_trivial_0ms_timer_duration_burst_timer_invokedat_start
done test_non_trivial_0ms_timer_duration_burst_timer_invokedat_start
emit test_non_trivial_0ms_timer_duration_burst_timer_invokedat_both
done test_non_trivial_0ms_timer_duration_burst_timer_invokedat_both
emit test_non_trivial_0ms_timer_duration_burst_timer_invokedat_end
done test_non_trivial_0ms_timer_duration_burst_timer_invokedat_end
emit test_non_trivial_0ms_timer_duration_burst_timer_invocations_in_the_middle_of_a_window
done test_non_trivial_0ms_timer_duration_burst_timer_invocations_in_the_middle_of_a_window
emit test_non_trivial_0ms_timer_duration_burst_timer_maxburstdurationms_limits_the_burst_duration
done test_non_trivial_0ms_timer_duration_burst_timer_maxburstdurationms_limits_the_burst_duration
emit test_non_trivial_0ms_timer_duration_both_timers_delay_is_longer_than_burst
done test_non_trivial_0ms_timer_duration_both_timers_delay_is_longer_than_burst
emit test_non_trivial_0ms_timer_duration_both_timers_burst_is_longer_than_delay
done test_non_trivial_0ms_timer_duration_both_timers_burst_is_longer_than_delay
emit test_non_trivial_0ms_timer_duration_both_timers_burst_and_delay_are_equal
done test_non_trivial_0ms_timer_duration_both_timers_burst_and_delay_are_equal
emit test_non_trivial_0ms_timer_duration_both_timers_delay_and_maxburstdurationms_are_equal
done test_non_trivial_0ms_timer_duration_both_timers_delay_and_maxburstdurationms_are_equal
emit test_immediate_0_timer_durations_delay_timer_invokedat_start
done test_immediate_0_timer_durations_delay_timer_invokedat_start
emit test_immediate_0_timer_durations_delay_timer_invokedat_both
done test_immediate_0_timer_durations_delay_timer_invokedat_both
emit test_immediate_0_timer_durations_delay_timer_with_a_non_trivial_burst_timer
done test_immediate_0_timer_durations_delay_timer_with_a_non_trivial_burst_timer
emit test_immediate_0_timer_durations_burst_timer_invokedat_start
done test_immediate_0_timer_durations_burst_timer_invokedat_start
emit test_immediate_0_timer_durations_burst_timer_invokedat_both
done test_immediate_0_timer_durations_burst_timer_invokedat_both
emit test_immediate_0_timer_durations_burst_timer_invokedat_end
done test_immediate_0_timer_durations_burst_timer_invokedat_end
emit test_immediate_0_timer_durations_burst_timer_with_a_non_trivial_delay_timer
done test_immediate_0_timer_durations_burst_timer_with_a_non_trivial_delay_timer
emit test_immediate_0_timer_durations_burst_timer_burst_timer_with_non_trivial_maxburstduration
done test_immediate_0_timer_durations_burst_timer_burst_timer_with_non_trivial_maxburstduration
emit test_immediate_0_timer_durations_both_timers
done test_immediate_0_timer_durations_both_timers
emit test_immediate_0_timer_durations_maxburstdurationms_0_limits_the_burst_immediately
done test_immediate_0_timer_durations_maxburstdurationms_0_limits_the_burst_immediately
emit test_immediate_0_timer_durations_all_timeouts_zero
done test_immediate_0_timer_durations_all_timeouts_zero
emit test_default_minquietperiodms_0_when_mingapms_is_not_defined_invokedat_start
done test_default_minquietperiodms_0_when_mingapms_is_not_defined_invokedat_start
emit test_default_minquietperiodms_0_when_mingapms_is_not_defined_invokedat_both
done test_default_minquietperiodms_0_when_mingapms_is_not_defined_invokedat_both
emit test_utility_functions_flush_flush_triggers_an_immediate_invocation
done test_utility_functions_flush_flush_triggers_an_immediate_invocation
emit test_utility_functions_flush_flush_during_active_burst
done test_utility_functions_flush_flush_during_active_burst
emit test_utility_functions_cancel_cancel_prevents_invocation
done test_utility_functions_cancel_cancel_prevents_invocation
emit test_utility_functions_cancel_cancel_during_delay_period
done test_utility_functions_cancel_cancel_during_delay_period
emit test_utility_functions_isidle_isidle_reflects_the_funnel_s_state
done test_utility_functions_isidle_isidle_reflects_the_funnel_s_state
emit test_utility_functions_isidle_isidle_works_when_burst_duration_is_0
done test_utility_functions_isidle_isidle_works_when_burst_duration_is_0
emit test_edge_cases_bursts_that_start_late_don_t_prevent_delayed_invocations
done test_edge_cases_bursts_that_start_late_don_t_prevent_delayed_invocations
emit test_edge_cases_delay_timeouts_don_t_cause_an_invocation_in_the_middle_of_bursts
done test_edge_cases_delay_timeouts_don_t_cause_an_invocation_in_the_middle_of_bursts
emit group_by
done group_by
emit group_by_implementation
done group_by_implementation
emit test_data_first_groupby
done test_data_first_groupby
emit test_data_last_groupby
done test_data_last_groupby
emit test_filtering_on_undefined_grouper_result_regular
done test_filtering_on_undefined_grouper_result_regular
emit test_filtering_on_undefined_grouper_result_regular_indexed
done test_filtering_on_undefined_grouper_result_regular_indexed
emit test_key_is_an_object_instance_method_name_groupby
done test_key_is_an_object_instance_method_name_groupby
emit group_by_prop
done group_by_prop
emit group_by_prop_implementation
done group_by_prop_implementation
emit test_empty_array
done test_empty_array
emit test_data_first_must_be_grouped_correctly_by_string
done test_data_first_must_be_grouped_correctly_by_string
emit test_data_first_must_be_grouped_correctly_by_number
done test_data_first_must_be_grouped_correctly_by_number
emit test_data_first_must_be_grouped_correctly_by_symbol
done test_data_first_must_be_grouped_correctly_by_symbol
emit test_data_last_must_be_grouped_correctly_by_string
done test_data_last_must_be_grouped_correctly_by_string
emit test_data_last_must_be_grouped_correctly_by_number
done test_data_last_must_be_grouped_correctly_by_number
emit test_data_last_must_be_grouped_correctly_by_symbol
done test_data_last_must_be_grouped_correctly_by_symbol
emit test_handles_undefined_as_optional_elements
done test_handles_undefined_as_optional_elements
emit test_grouping_value_is_a_key_of_object_prototype_issue_1049
done test_grouping_value_is_a_key_of_object_prototype_issue_1049
emit test_datafirst_works_on_empty_arrays
done test_datafirst_works_on_empty_arrays
emit test_datafirst_works_on_single_item_arrays
done test_datafirst_works_on_single_item_arrays
emit test_datafirst_works_on_large_arrays
done test_datafirst_works_on_large_arrays
emit test_datafirst_works_on_sparse_arrays
done test_datafirst_works_on_sparse_arrays
emit test_datalast_works_on_empty_arrays
done test_datalast_works_on_empty_arrays
emit test_datalast_works_on_single_item_arrays
done test_datalast_works_on_single_item_arrays
emit test_datalast_works_on_large_arrays
done test_datalast_works_on_large_arrays
emit test_datalast_works_on_sparse_arrays
done test_datalast_works_on_sparse_arrays
emit has_prop
done has_prop
emit has_prop_implementation
done has_prop_implementation
emit test_returns_true_for_an_own_property
done test_returns_true_for_an_own_property
emit test_returns_true_for_an_own_property_whose_value_is_undefined
done test_returns_true_for_an_own_property_whose_value_is_undefined
emit test_returns_false_for_a_missing_optional_property
done test_returns_false_for_a_missing_optional_property
emit test_returns_false_for_inherited_prototype_properties
done test_returns_false_for_inherited_prototype_properties
emit test_returns_false_for_properties_only_on_a_custom_prototype
done test_returns_false_for_properties_only_on_a_custom_prototype
emit test_returns_true_for_own_properties_on_a_null_prototype_object
done test_returns_true_for_own_properties_on_a_null_prototype_object
emit test_returns_true_for_own_symbol_keys
done test_returns_true_for_own_symbol_keys
emit test_returns_true_for_numeric_keys
done test_returns_true_for_numeric_keys
emit test_arrays_returns_true_for_an_array_index_that_exists
done test_arrays_returns_true_for_an_array_index_that_exists
emit test_arrays_returns_false_for_an_array_index_past_the_end
done test_arrays_returns_false_for_an_array_index_past_the_end
emit test_arrays_returns_true_for_the_array_length_own_property
done test_arrays_returns_true_for_the_array_length_own_property
emit test_arrays_returns_false_for_inherited_array_members
done test_arrays_returns_false_for_inherited_array_members
emit test_data_last_returns_true_for_an_own_property
done test_data_last_returns_true_for_an_own_property
emit test_data_last_returns_false_for_a_missing_optional_property
done test_data_last_returns_false_for_a_missing_optional_property
emit test_data_last_returns_true_for_an_own_property_whose_value_is_undefined
done test_data_last_returns_true_for_an_own_property_whose_value_is_undefined
emit test_data_last_returns_false_for_inherited_prototype_properties
done test_data_last_returns_false_for_inherited_prototype_properties
emit has_sub_object
done has_sub_object
emit has_sub_object_implementation
done has_sub_object_implementation
emit test_data_first_works_with_empty_sub_object
done test_data_first_works_with_empty_sub_object
emit test_data_first_works_with_primitives
done test_data_first_works_with_primitives
emit test_data_first_works_with_deep_objects
done test_data_first_works_with_deep_objects
emit test_data_first_checks_for_matching_key
done test_data_first_checks_for_matching_key
emit test_data_last_works_with_empty_sub_object
done test_data_last_works_with_empty_sub_object
emit test_data_last_works_with_primitives
done test_data_last_works_with_primitives
emit test_data_last_works_with_deep_objects
done test_data_last_works_with_deep_objects
emit test_works
done test_works
emit test_works_with_more_than_one_argument
done test_works_with_more_than_one_argument
emit test_works_with_variadic_arguments
done test_works_with_variadic_arguments
emit test_can_be_put_in_a_pipe
done test_can_be_put_in_a_pipe
emit test_can_be_used_as_a_fill_function_with_times
done test_can_be_used_as_a_fill_function_with_times
emit index_by
done index_by
emit index_by_implementation
done index_by_implementation
emit intersection
done intersection
emit lazy_implementation
done lazy_implementation
emit intersection_with
done intersection_with
emit invert
done invert
emit invert_implementation
done invert_implementation
emit is_array
done is_array
emit is_big_int
done is_big_int
emit is_boolean
done is_boolean
emit is_date
done is_date
emit is_defined
done is_defined
emit is_empty
done is_empty
emit is_emptyish
done is_emptyish
emit is_error
done is_error
emit is_function
done is_function
emit is_included_in
done is_included_in
emit is_non_null
done is_non_null
emit is_non_nullish
done is_non_nullish
emit is_not
done is_not
emit is_nullish
done is_nullish
emit is_number
done is_number
emit is_object_type
done is_object_type
emit is_plain_object
done is_plain_object
emit is_promise
done is_promise
emit is_shallow_equal
done is_shallow_equal
emit is_shallow_equal_implementation
done is_shallow_equal_implementation
emit is_map_shallow_equal
done is_map_shallow_equal
emit is_set_shallow_equal
done is_set_shallow_equal
emit is_symbol
done is_symbol
emit is_truthy
done is_truthy
emit join
done join
emit join_implementation
done join_implementation
emit keys
done keys
emit last
done last
emit last_implementation
done last_implementation
emit map_keys
done map_keys
emit map_keys_implementation
done map_keys_implementation
emit map_to_obj
done map_to_obj
emit map_to_obj_implementation
done map_to_obj_implementation
emit map_values
done map_values
emit map_values_implementation
done map_values_implementation
emit map_with_feedback
done map_with_feedback
emit sum
done sum
emit sum_implementation
done sum_implementation
emit mean
done mean
emit mean_implementation
done mean_implementation
emit mean_by
done mean_by
emit mean_by_implementation
done mean_by_implementation
emit median
done median
emit median_implementation
done median_implementation
emit number_comparator
done number_comparator
emit merge
done merge
emit merge_implementation
done merge_implementation
emit merge_all
done merge_all
emit merge_deep
done merge_deep
emit merge_deep_implementation
done merge_deep_implementation
emit multiply
done multiply
emit multiply_implementation
done multiply_implementation
emit quick_select_implementation
done quick_select_implementation
emit partition
