   Compiling remeda_smelt_probe v0.1.0 (/home/lollo/Playground/smelt/third_party/remeda/dist-smelt)
error[E0057]: this function takes 1 argument but 0 arguments were supplied
  --> src/constant_test.rs:14:20
   |
14 |     _smelt_tmp_2 = (&mut *one.borrow_mut())();
   |                    ^^^^^^^^^^^^^^^^^^^^^^^^-- argument #1 of type `Vec<SmeltUnknown>` is missing
   |
help: provide the argument
   |
14 |     _smelt_tmp_2 = (&mut *one.borrow_mut())(/* Vec<SmeltUnknown> */);
   |                                             +++++++++++++++++++++++

error[E0057]: this function takes 1 argument but 0 arguments were supplied
  --> src/constant_test.rs:48:20
   |
48 |     _smelt_tmp_5 = (&mut *empty_obj.borrow_mut())();
   |                    ^^^^^^^^^^^^^^^^^^^^^^^^^^^^^^-- argument #1 of type `Vec<SmeltUnknown>` is missing
   |
help: provide the argument
   |
48 |     _smelt_tmp_5 = (&mut *empty_obj.borrow_mut())(/* Vec<SmeltUnknown> */);
   |                                                   +++++++++++++++++++++++

error[E0057]: this function takes 1 argument but 0 arguments were supplied
  --> src/constant_test.rs:68:21
   |
68 |     _smelt_tmp_14 = (&mut *empty_obj.borrow_mut())();
   |                     ^^^^^^^^^^^^^^^^^^^^^^^^^^^^^^-- argument #1 of type `Vec<SmeltUnknown>` is missing
   |
help: provide the argument
   |
68 |     _smelt_tmp_14 = (&mut *empty_obj.borrow_mut())(/* Vec<SmeltUnknown> */);
   |                                                    +++++++++++++++++++++++

error[E0057]: this function takes 1 argument but 0 arguments were supplied
  --> src/constant_test.rs:75:21
   |
75 |     _smelt_tmp_18 = (&mut *empty_obj.borrow_mut())();
   |                     ^^^^^^^^^^^^^^^^^^^^^^^^^^^^^^-- argument #1 of type `Vec<SmeltUnknown>` is missing
   |
help: provide the argument
   |
75 |     _smelt_tmp_18 = (&mut *empty_obj.borrow_mut())(/* Vec<SmeltUnknown> */);
   |                                                    +++++++++++++++++++++++

error[E0057]: this function takes 1 argument but 0 arguments were supplied
   --> src/constant_test.rs:116:20
    |
116 |     _smelt_tmp_5 = (&mut *one.borrow_mut())();
    |                    ^^^^^^^^^^^^^^^^^^^^^^^^-- argument #1 of type `Vec<SmeltUnknown>` is missing
    |
help: provide the argument
    |
116 |     _smelt_tmp_5 = (&mut *one.borrow_mut())(/* Vec<SmeltUnknown> */);
    |                                             +++++++++++++++++++++++

error[E0057]: this function takes 1 argument but 0 arguments were supplied
   --> src/constant_test.rs:122:20
    |
122 |     _smelt_tmp_8 = (&mut *one.borrow_mut())();
    |                    ^^^^^^^^^^^^^^^^^^^^^^^^-- argument #1 of type `Vec<SmeltUnknown>` is missing
    |
help: provide the argument
    |
122 |     _smelt_tmp_8 = (&mut *one.borrow_mut())(/* Vec<SmeltUnknown> */);
    |                                             +++++++++++++++++++++++

error[E0057]: this function takes 1 argument but 0 arguments were supplied
  --> src/doNothing_test.rs:14:20
   |
14 |     _smelt_tmp_3 = (&mut *does_nothing.borrow_mut())();
   |                    ^^^^^^^^^^^^^^^^^^^^^^^^^^^^^^^^^-- argument #1 of type `Vec<SmeltUnknown>` is missing
   |
help: provide the argument
   |
14 |     _smelt_tmp_3 = (&mut *does_nothing.borrow_mut())(/* Vec<SmeltUnknown> */);
   |                                                      +++++++++++++++++++++++

error[E0057]: this function takes 1 argument but 0 arguments were supplied
  --> src/doNothing_test.rs:44:20
   |
44 |     _smelt_tmp_8 = (&mut *does_nothing.borrow_mut())();
   |                    ^^^^^^^^^^^^^^^^^^^^^^^^^^^^^^^^^-- argument #1 of type `Vec<SmeltUnknown>` is missing
   |
help: provide the argument
   |
44 |     _smelt_tmp_8 = (&mut *does_nothing.borrow_mut())(/* Vec<SmeltUnknown> */);
   |                                                      +++++++++++++++++++++++

error[E0057]: this function takes 1 argument but 0 arguments were supplied
  --> src/doNothing_test.rs:49:20
   |
49 |     _smelt_tmp_9 = (&mut *does_nothing.borrow_mut())();
   |                    ^^^^^^^^^^^^^^^^^^^^^^^^^^^^^^^^^-- argument #1 of type `Vec<SmeltUnknown>` is missing
   |
help: provide the argument
   |
49 |     _smelt_tmp_9 = (&mut *does_nothing.borrow_mut())(/* Vec<SmeltUnknown> */);
   |                                                      +++++++++++++++++++++++

error[E0057]: this function takes 1 argument but 0 arguments were supplied
   --> src/funnel_lodash_debounce_test.rs:193:20
    |
193 |     _smelt_tmp_3 = (&mut *debounced.borrow_mut())();
    |                    ^^^^^^^^^^^^^^^^^^^^^^^^^^^^^^-- argument #1 of type `Vec<SmeltUnknown>` is missing
    |
help: provide the argument
    |
193 |     _smelt_tmp_3 = (&mut *debounced.borrow_mut())(/* Vec<SmeltUnknown> */);
    |                                                   +++++++++++++++++++++++

error[E0057]: this function takes 1 argument but 0 arguments were supplied
   --> src/funnel_lodash_debounce_test.rs:194:20
    |
194 |     _smelt_tmp_4 = (&mut *debounced.borrow_mut())();
    |                    ^^^^^^^^^^^^^^^^^^^^^^^^^^^^^^-- argument #1 of type `Vec<SmeltUnknown>` is missing
    |
help: provide the argument
    |
194 |     _smelt_tmp_4 = (&mut *debounced.borrow_mut())(/* Vec<SmeltUnknown> */);
    |                                                   +++++++++++++++++++++++

error[E0057]: this function takes 1 argument but 0 arguments were supplied
   --> src/funnel_lodash_debounce_test.rs:229:20
    |
229 |     _smelt_tmp_4 = (&mut *debounced.borrow_mut())();
    |                    ^^^^^^^^^^^^^^^^^^^^^^^^^^^^^^-- argument #1 of type `Vec<SmeltUnknown>` is missing
    |
help: provide the argument
    |
229 |     _smelt_tmp_4 = (&mut *debounced.borrow_mut())(/* Vec<SmeltUnknown> */);
    |                                                   +++++++++++++++++++++++

error[E0057]: this function takes 1 argument but 0 arguments were supplied
   --> src/funnel_lodash_debounce_test.rs:289:20
    |
289 |     _smelt_tmp_8 = (&mut *with_leading.borrow_mut())();
    |                    ^^^^^^^^^^^^^^^^^^^^^^^^^^^^^^^^^-- argument #1 of type `Vec<SmeltUnknown>` is missing
    |
help: provide the argument
    |
289 |     _smelt_tmp_8 = (&mut *with_leading.borrow_mut())(/* Vec<SmeltUnknown> */);
    |                                                      +++++++++++++++++++++++

error[E0057]: this function takes 1 argument but 0 arguments were supplied
   --> src/funnel_lodash_debounce_test.rs:295:21
    |
295 |     _smelt_tmp_14 = (&mut *with_leading_and_trailing.borrow_mut())();
    |                     ^^^^^^^^^^^^^^^^^^^^^^^^^^^^^^^^^^^^^^^^^^^^^^-- argument #1 of type `Vec<SmeltUnknown>` is missing
    |
help: provide the argument
    |
295 |     _smelt_tmp_14 = (&mut *with_leading_and_trailing.borrow_mut())(/* Vec<SmeltUnknown> */);
    |                                                                    +++++++++++++++++++++++

error[E0057]: this function takes 1 argument but 0 arguments were supplied
   --> src/funnel_lodash_debounce_test.rs:296:21
    |
296 |     _smelt_tmp_15 = (&mut *with_leading_and_trailing.borrow_mut())();
    |                     ^^^^^^^^^^^^^^^^^^^^^^^^^^^^^^^^^^^^^^^^^^^^^^-- argument #1 of type `Vec<SmeltUnknown>` is missing
    |
help: provide the argument
    |
296 |     _smelt_tmp_15 = (&mut *with_leading_and_trailing.borrow_mut())(/* Vec<SmeltUnknown> */);
    |                                                                    +++++++++++++++++++++++

error[E0057]: this function takes 1 argument but 0 arguments were supplied
   --> src/funnel_lodash_debounce_test.rs:315:21
    |
315 |     _smelt_tmp_34 = (&mut *with_leading.borrow_mut())();
    |                     ^^^^^^^^^^^^^^^^^^^^^^^^^^^^^^^^^-- argument #1 of type `Vec<SmeltUnknown>` is missing
    |
help: provide the argument
    |
315 |     _smelt_tmp_34 = (&mut *with_leading.borrow_mut())(/* Vec<SmeltUnknown> */);
    |                                                       +++++++++++++++++++++++

error[E0057]: this function takes 1 argument but 0 arguments were supplied
   --> src/funnel_lodash_debounce_test.rs:360:20
    |
360 |     _smelt_tmp_8 = (&mut *with_trailing.borrow_mut())();
    |                    ^^^^^^^^^^^^^^^^^^^^^^^^^^^^^^^^^^-- argument #1 of type `Vec<SmeltUnknown>` is missing
    |
help: provide the argument
    |
360 |     _smelt_tmp_8 = (&mut *with_trailing.borrow_mut())(/* Vec<SmeltUnknown> */);
    |                                                       +++++++++++++++++++++++

error[E0057]: this function takes 1 argument but 0 arguments were supplied
   --> src/funnel_lodash_debounce_test.rs:366:21
    |
366 |     _smelt_tmp_14 = (&mut *without_trailing.borrow_mut())();
    |                     ^^^^^^^^^^^^^^^^^^^^^^^^^^^^^^^^^^^^^-- argument #1 of type `Vec<SmeltUnknown>` is missing
    |
help: provide the argument
    |
366 |     _smelt_tmp_14 = (&mut *without_trailing.borrow_mut())(/* Vec<SmeltUnknown> */);
    |                                                           +++++++++++++++++++++++

error[E0057]: this function takes 1 argument but 0 arguments were supplied
   --> src/funnel_lodash_debounce_test.rs:423:20
    |
423 |     _smelt_tmp_5 = (&mut *debounced.borrow_mut())();
    |                    ^^^^^^^^^^^^^^^^^^^^^^^^^^^^^^-- argument #1 of type `Vec<SmeltUnknown>` is missing
    |
help: provide the argument
    |
423 |     _smelt_tmp_5 = (&mut *debounced.borrow_mut())(/* Vec<SmeltUnknown> */);
    |                                                   +++++++++++++++++++++++

error[E0057]: this function takes 1 argument but 0 arguments were supplied
   --> src/funnel_lodash_debounce_test.rs:424:20
    |
424 |     _smelt_tmp_6 = (&mut *debounced.borrow_mut())();
    |                    ^^^^^^^^^^^^^^^^^^^^^^^^^^^^^^-- argument #1 of type `Vec<SmeltUnknown>` is missing
    |
help: provide the argument
    |
424 |     _smelt_tmp_6 = (&mut *debounced.borrow_mut())(/* Vec<SmeltUnknown> */);
    |                                                   +++++++++++++++++++++++

error[E0057]: this function takes 1 argument but 0 arguments were supplied
   --> src/funnel_lodash_debounce_test.rs:438:21
    |
438 |     _smelt_tmp_20 = (&mut *debounced.borrow_mut())();
    |                     ^^^^^^^^^^^^^^^^^^^^^^^^^^^^^^-- argument #1 of type `Vec<SmeltUnknown>` is missing
    |
help: provide the argument
    |
438 |     _smelt_tmp_20 = (&mut *debounced.borrow_mut())(/* Vec<SmeltUnknown> */);
    |                                                    +++++++++++++++++++++++

error[E0057]: this function takes 1 argument but 0 arguments were supplied
   --> src/funnel_lodash_debounce_test.rs:439:21
    |
439 |     _smelt_tmp_21 = (&mut *debounced.borrow_mut())();
    |                     ^^^^^^^^^^^^^^^^^^^^^^^^^^^^^^-- argument #1 of type `Vec<SmeltUnknown>` is missing
    |
help: provide the argument
    |
439 |     _smelt_tmp_21 = (&mut *debounced.borrow_mut())(/* Vec<SmeltUnknown> */);
    |                                                    +++++++++++++++++++++++

error[E0057]: this function takes 1 argument but 0 arguments were supplied
   --> src/funnel_lodash_debounce_test.rs:507:21
    |
507 |     _smelt_tmp_16 = (&mut *with_max_wait.borrow_mut())();
    |                     ^^^^^^^^^^^^^^^^^^^^^^^^^^^^^^^^^^-- argument #1 of type `Vec<SmeltUnknown>` is missing
    |
help: provide the argument
    |
507 |     _smelt_tmp_16 = (&mut *with_max_wait.borrow_mut())(/* Vec<SmeltUnknown> */);
    |                                                        +++++++++++++++++++++++

error[E0057]: this function takes 1 argument but 0 arguments were supplied
   --> src/funnel_lodash_debounce_test.rs:508:21
    |
508 |     _smelt_tmp_17 = (&mut *without_max_wait.borrow_mut())();
    |                     ^^^^^^^^^^^^^^^^^^^^^^^^^^^^^^^^^^^^^-- argument #1 of type `Vec<SmeltUnknown>` is missing
    |
help: provide the argument
    |
508 |     _smelt_tmp_17 = (&mut *without_max_wait.borrow_mut())(/* Vec<SmeltUnknown> */);
    |                                                           +++++++++++++++++++++++

error[E0057]: this function takes 1 argument but 0 arguments were supplied
   --> src/funnel_lodash_debounce_test.rs:560:20
    |
560 |     _smelt_tmp_6 = (&mut *debounced.borrow_mut())();
    |                    ^^^^^^^^^^^^^^^^^^^^^^^^^^^^^^-- argument #1 of type `Vec<SmeltUnknown>` is missing
    |
help: provide the argument
    |
560 |     _smelt_tmp_6 = (&mut *debounced.borrow_mut())(/* Vec<SmeltUnknown> */);
    |                                                   +++++++++++++++++++++++

error[E0057]: this function takes 1 argument but 0 arguments were supplied
   --> src/funnel_lodash_debounce_test.rs:564:21
    |
564 |     _smelt_tmp_10 = (&mut *debounced.borrow_mut())();
    |                     ^^^^^^^^^^^^^^^^^^^^^^^^^^^^^^-- argument #1 of type `Vec<SmeltUnknown>` is missing
    |
help: provide the argument
    |
564 |     _smelt_tmp_10 = (&mut *debounced.borrow_mut())(/* Vec<SmeltUnknown> */);
    |                                                    +++++++++++++++++++++++

error[E0057]: this function takes 1 argument but 0 arguments were supplied
   --> src/funnel_lodash_debounce_test.rs:568:21
    |
568 |     _smelt_tmp_14 = (&mut *debounced.borrow_mut())();
    |                     ^^^^^^^^^^^^^^^^^^^^^^^^^^^^^^-- argument #1 of type `Vec<SmeltUnknown>` is missing
    |
help: provide the argument
    |
568 |     _smelt_tmp_14 = (&mut *debounced.borrow_mut())(/* Vec<SmeltUnknown> */);
    |                                                    +++++++++++++++++++++++

error[E0057]: this function takes 1 argument but 0 arguments were supplied
   --> src/funnel_lodash_debounce_test.rs:572:21
    |
572 |     _smelt_tmp_18 = (&mut *debounced.borrow_mut())();
    |                     ^^^^^^^^^^^^^^^^^^^^^^^^^^^^^^-- argument #1 of type `Vec<SmeltUnknown>` is missing
    |
help: provide the argument
    |
572 |     _smelt_tmp_18 = (&mut *debounced.borrow_mut())(/* Vec<SmeltUnknown> */);
    |                                                    +++++++++++++++++++++++

error[E0057]: this function takes 1 argument but 0 arguments were supplied
   --> src/funnel_lodash_debounce_test.rs:607:20
    |
607 |     _smelt_tmp_5 = (&mut *debounced.borrow_mut())();
    |                    ^^^^^^^^^^^^^^^^^^^^^^^^^^^^^^-- argument #1 of type `Vec<SmeltUnknown>` is missing
    |
help: provide the argument
    |
607 |     _smelt_tmp_5 = (&mut *debounced.borrow_mut())(/* Vec<SmeltUnknown> */);
    |                                                   +++++++++++++++++++++++

error[E0057]: this function takes 1 argument but 0 arguments were supplied
   --> src/funnel_lodash_debounce_test.rs:611:20
    |
611 |     _smelt_tmp_9 = (&mut *debounced.borrow_mut())();
    |                    ^^^^^^^^^^^^^^^^^^^^^^^^^^^^^^-- argument #1 of type `Vec<SmeltUnknown>` is missing
    |
help: provide the argument
    |
611 |     _smelt_tmp_9 = (&mut *debounced.borrow_mut())(/* Vec<SmeltUnknown> */);
    |                                                   +++++++++++++++++++++++

error[E0057]: this function takes 1 argument but 0 arguments were supplied
   --> src/funnel_lodash_debounce_test.rs:672:21
    |
672 |     _smelt_tmp_10 = (&mut *debounced.borrow_mut())();
    |                     ^^^^^^^^^^^^^^^^^^^^^^^^^^^^^^-- argument #1 of type `Vec<SmeltUnknown>` is missing
    |
help: provide the argument
    |
672 |     _smelt_tmp_10 = (&mut *debounced.borrow_mut())(/* Vec<SmeltUnknown> */);
    |                                                    +++++++++++++++++++++++

error[E0057]: this function takes 1 argument but 0 arguments were supplied
   --> src/funnel_lodash_debounce_test.rs:693:21
    |
693 |     _smelt_tmp_10 = (&mut *debounced.borrow_mut())();
    |                     ^^^^^^^^^^^^^^^^^^^^^^^^^^^^^^-- argument #1 of type `Vec<SmeltUnknown>` is missing
    |
help: provide the argument
    |
693 |     _smelt_tmp_10 = (&mut *debounced.borrow_mut())(/* Vec<SmeltUnknown> */);
    |                                                    +++++++++++++++++++++++

error[E0057]: this function takes 1 argument but 0 arguments were supplied
   --> src/funnel_lodash_debounce_test.rs:714:21
    |
714 |     _smelt_tmp_10 = (&mut *debounced.borrow_mut())();
    |                     ^^^^^^^^^^^^^^^^^^^^^^^^^^^^^^-- argument #1 of type `Vec<SmeltUnknown>` is missing
    |
help: provide the argument
    |
714 |     _smelt_tmp_10 = (&mut *debounced.borrow_mut())(/* Vec<SmeltUnknown> */);
    |                                                    +++++++++++++++++++++++

error[E0057]: this function takes 1 argument but 0 arguments were supplied
   --> src/funnel_lodash_debounce_test.rs:735:21
    |
735 |     _smelt_tmp_10 = (&mut *debounced.borrow_mut())();
    |                     ^^^^^^^^^^^^^^^^^^^^^^^^^^^^^^-- argument #1 of type `Vec<SmeltUnknown>` is missing
    |
help: provide the argument
    |
735 |     _smelt_tmp_10 = (&mut *debounced.borrow_mut())(/* Vec<SmeltUnknown> */);
    |                                                    +++++++++++++++++++++++

error[E0057]: this function takes 1 argument but 0 arguments were supplied
   --> src/funnel_lodash_debounce_test.rs:756:21
    |
756 |     _smelt_tmp_10 = (&mut *debounced.borrow_mut())();
    |                     ^^^^^^^^^^^^^^^^^^^^^^^^^^^^^^-- argument #1 of type `Vec<SmeltUnknown>` is missing
    |
help: provide the argument
    |
756 |     _smelt_tmp_10 = (&mut *debounced.borrow_mut())(/* Vec<SmeltUnknown> */);
    |                                                    +++++++++++++++++++++++

error[E0057]: this function takes 1 argument but 0 arguments were supplied
   --> src/funnel_lodash_debounce_test.rs:777:21
    |
777 |     _smelt_tmp_10 = (&mut *debounced.borrow_mut())();
    |                     ^^^^^^^^^^^^^^^^^^^^^^^^^^^^^^-- argument #1 of type `Vec<SmeltUnknown>` is missing
    |
help: provide the argument
    |
777 |     _smelt_tmp_10 = (&mut *debounced.borrow_mut())(/* Vec<SmeltUnknown> */);
    |                                                    +++++++++++++++++++++++

error[E0057]: this function takes 1 argument but 0 arguments were supplied
   --> src/funnel_lodash_debounce_test.rs:798:21
    |
798 |     _smelt_tmp_10 = (&mut *debounced.borrow_mut())();
    |                     ^^^^^^^^^^^^^^^^^^^^^^^^^^^^^^-- argument #1 of type `Vec<SmeltUnknown>` is missing
    |
help: provide the argument
    |
798 |     _smelt_tmp_10 = (&mut *debounced.borrow_mut())(/* Vec<SmeltUnknown> */);
    |                                                    +++++++++++++++++++++++

error[E0057]: this function takes 1 argument but 0 arguments were supplied
   --> src/funnel_lodash_debounce_test.rs:819:21
    |
819 |     _smelt_tmp_10 = (&mut *debounced.borrow_mut())();
    |                     ^^^^^^^^^^^^^^^^^^^^^^^^^^^^^^-- argument #1 of type `Vec<SmeltUnknown>` is missing
    |
help: provide the argument
    |
819 |     _smelt_tmp_10 = (&mut *debounced.borrow_mut())(/* Vec<SmeltUnknown> */);
    |                                                    +++++++++++++++++++++++

error[E0057]: this function takes 1 argument but 0 arguments were supplied
   --> src/funnel_lodash_debounce_test.rs:840:21
    |
840 |     _smelt_tmp_10 = (&mut *debounced.borrow_mut())();
    |                     ^^^^^^^^^^^^^^^^^^^^^^^^^^^^^^-- argument #1 of type `Vec<SmeltUnknown>` is missing
    |
help: provide the argument
    |
840 |     _smelt_tmp_10 = (&mut *debounced.borrow_mut())(/* Vec<SmeltUnknown> */);
    |                                                    +++++++++++++++++++++++

error[E0057]: this function takes 1 argument but 0 arguments were supplied
   --> src/funnel_lodash_debounce_test.rs:861:21
    |
861 |     _smelt_tmp_10 = (&mut *debounced.borrow_mut())();
    |                     ^^^^^^^^^^^^^^^^^^^^^^^^^^^^^^-- argument #1 of type `Vec<SmeltUnknown>` is missing
    |
help: provide the argument
    |
861 |     _smelt_tmp_10 = (&mut *debounced.borrow_mut())(/* Vec<SmeltUnknown> */);
    |                                                    +++++++++++++++++++++++

error[E0057]: this function takes 1 argument but 0 arguments were supplied
   --> src/funnel_lodash_debounce_test.rs:882:21
    |
882 |     _smelt_tmp_10 = (&mut *debounced.borrow_mut())();
    |                     ^^^^^^^^^^^^^^^^^^^^^^^^^^^^^^-- argument #1 of type `Vec<SmeltUnknown>` is missing
    |
help: provide the argument
    |
882 |     _smelt_tmp_10 = (&mut *debounced.borrow_mut())(/* Vec<SmeltUnknown> */);
    |                                                    +++++++++++++++++++++++

error[E0057]: this function takes 1 argument but 0 arguments were supplied
   --> src/funnel_lodash_debounce_test.rs:903:21
    |
903 |     _smelt_tmp_10 = (&mut *debounced.borrow_mut())();
    |                     ^^^^^^^^^^^^^^^^^^^^^^^^^^^^^^-- argument #1 of type `Vec<SmeltUnknown>` is missing
    |
help: provide the argument
    |
903 |     _smelt_tmp_10 = (&mut *debounced.borrow_mut())(/* Vec<SmeltUnknown> */);
    |                                                    +++++++++++++++++++++++

error[E0057]: this function takes 1 argument but 0 arguments were supplied
   --> src/funnel_lodash_debounce_test.rs:924:21
    |
924 |     _smelt_tmp_10 = (&mut *debounced.borrow_mut())();
    |                     ^^^^^^^^^^^^^^^^^^^^^^^^^^^^^^-- argument #1 of type `Vec<SmeltUnknown>` is missing
    |
help: provide the argument
    |
924 |     _smelt_tmp_10 = (&mut *debounced.borrow_mut())(/* Vec<SmeltUnknown> */);
    |                                                    +++++++++++++++++++++++

error[E0057]: this function takes 1 argument but 0 arguments were supplied
   --> src/funnel_lodash_debounce_test.rs:945:21
    |
945 |     _smelt_tmp_10 = (&mut *debounced.borrow_mut())();
    |                     ^^^^^^^^^^^^^^^^^^^^^^^^^^^^^^-- argument #1 of type `Vec<SmeltUnknown>` is missing
    |
help: provide the argument
    |
945 |     _smelt_tmp_10 = (&mut *debounced.borrow_mut())(/* Vec<SmeltUnknown> */);
    |                                                    +++++++++++++++++++++++

error[E0057]: this function takes 1 argument but 0 arguments were supplied
   --> src/funnel_lodash_debounce_test.rs:966:21
    |
966 |     _smelt_tmp_10 = (&mut *debounced.borrow_mut())();
    |                     ^^^^^^^^^^^^^^^^^^^^^^^^^^^^^^-- argument #1 of type `Vec<SmeltUnknown>` is missing
    |
help: provide the argument
    |
966 |     _smelt_tmp_10 = (&mut *debounced.borrow_mut())(/* Vec<SmeltUnknown> */);
    |                                                    +++++++++++++++++++++++

error[E0057]: this function takes 1 argument but 0 arguments were supplied
   --> src/funnel_lodash_debounce_test.rs:987:21
    |
987 |     _smelt_tmp_10 = (&mut *debounced.borrow_mut())();
    |                     ^^^^^^^^^^^^^^^^^^^^^^^^^^^^^^-- argument #1 of type `Vec<SmeltUnknown>` is missing
    |
help: provide the argument
    |
987 |     _smelt_tmp_10 = (&mut *debounced.borrow_mut())(/* Vec<SmeltUnknown> */);
    |                                                    +++++++++++++++++++++++

error[E0057]: this function takes 1 argument but 0 arguments were supplied
    --> src/funnel_lodash_debounce_test.rs:1008:21
     |
1008 |     _smelt_tmp_10 = (&mut *debounced.borrow_mut())();
     |                     ^^^^^^^^^^^^^^^^^^^^^^^^^^^^^^-- argument #1 of type `Vec<SmeltUnknown>` is missing
     |
help: provide the argument
     |
1008 |     _smelt_tmp_10 = (&mut *debounced.borrow_mut())(/* Vec<SmeltUnknown> */);
     |                                                    +++++++++++++++++++++++

error[E0057]: this function takes 1 argument but 0 arguments were supplied
    --> src/funnel_lodash_debounce_test.rs:1029:21
     |
1029 |     _smelt_tmp_10 = (&mut *debounced.borrow_mut())();
     |                     ^^^^^^^^^^^^^^^^^^^^^^^^^^^^^^-- argument #1 of type `Vec<SmeltUnknown>` is missing
     |
help: provide the argument
     |
1029 |     _smelt_tmp_10 = (&mut *debounced.borrow_mut())(/* Vec<SmeltUnknown> */);
     |                                                    +++++++++++++++++++++++

error[E0057]: this function takes 1 argument but 0 arguments were supplied
    --> src/funnel_lodash_debounce_test.rs:1050:21
     |
1050 |     _smelt_tmp_10 = (&mut *debounced.borrow_mut())();
     |                     ^^^^^^^^^^^^^^^^^^^^^^^^^^^^^^-- argument #1 of type `Vec<SmeltUnknown>` is missing
     |
help: provide the argument
     |
1050 |     _smelt_tmp_10 = (&mut *debounced.borrow_mut())(/* Vec<SmeltUnknown> */);
     |                                                    +++++++++++++++++++++++

error[E0057]: this function takes 1 argument but 0 arguments were supplied
    --> src/funnel_lodash_debounce_test.rs:1071:21
     |
1071 |     _smelt_tmp_10 = (&mut *debounced.borrow_mut())();
     |                     ^^^^^^^^^^^^^^^^^^^^^^^^^^^^^^-- argument #1 of type `Vec<SmeltUnknown>` is missing
     |
help: provide the argument
     |
1071 |     _smelt_tmp_10 = (&mut *debounced.borrow_mut())(/* Vec<SmeltUnknown> */);
     |                                                    +++++++++++++++++++++++

error[E0057]: this function takes 1 argument but 0 arguments were supplied
    --> src/funnel_lodash_debounce_test.rs:1092:21
     |
1092 |     _smelt_tmp_10 = (&mut *debounced.borrow_mut())();
     |                     ^^^^^^^^^^^^^^^^^^^^^^^^^^^^^^-- argument #1 of type `Vec<SmeltUnknown>` is missing
     |
help: provide the argument
     |
1092 |     _smelt_tmp_10 = (&mut *debounced.borrow_mut())(/* Vec<SmeltUnknown> */);
     |                                                    +++++++++++++++++++++++

error[E0057]: this function takes 1 argument but 0 arguments were supplied
    --> src/funnel_lodash_debounce_test.rs:1113:21
     |
1113 |     _smelt_tmp_10 = (&mut *debounced.borrow_mut())();
     |                     ^^^^^^^^^^^^^^^^^^^^^^^^^^^^^^-- argument #1 of type `Vec<SmeltUnknown>` is missing
     |
help: provide the argument
     |
1113 |     _smelt_tmp_10 = (&mut *debounced.borrow_mut())(/* Vec<SmeltUnknown> */);
     |                                                    +++++++++++++++++++++++

error[E0057]: this function takes 1 argument but 0 arguments were supplied
    --> src/funnel_lodash_debounce_test.rs:1134:21
     |
1134 |     _smelt_tmp_10 = (&mut *debounced.borrow_mut())();
     |                     ^^^^^^^^^^^^^^^^^^^^^^^^^^^^^^-- argument #1 of type `Vec<SmeltUnknown>` is missing
     |
help: provide the argument
     |
1134 |     _smelt_tmp_10 = (&mut *debounced.borrow_mut())(/* Vec<SmeltUnknown> */);
     |                                                    +++++++++++++++++++++++

error[E0057]: this function takes 1 argument but 0 arguments were supplied
    --> src/funnel_lodash_debounce_test.rs:1155:21
     |
1155 |     _smelt_tmp_10 = (&mut *debounced.borrow_mut())();
     |                     ^^^^^^^^^^^^^^^^^^^^^^^^^^^^^^-- argument #1 of type `Vec<SmeltUnknown>` is missing
     |
help: provide the argument
     |
1155 |     _smelt_tmp_10 = (&mut *debounced.borrow_mut())(/* Vec<SmeltUnknown> */);
     |                                                    +++++++++++++++++++++++

error[E0057]: this function takes 1 argument but 0 arguments were supplied
    --> src/funnel_lodash_debounce_test.rs:1176:21
     |
1176 |     _smelt_tmp_10 = (&mut *debounced.borrow_mut())();
     |                     ^^^^^^^^^^^^^^^^^^^^^^^^^^^^^^-- argument #1 of type `Vec<SmeltUnknown>` is missing
     |
help: provide the argument
     |
1176 |     _smelt_tmp_10 = (&mut *debounced.borrow_mut())(/* Vec<SmeltUnknown> */);
     |                                                    +++++++++++++++++++++++

error[E0057]: this function takes 1 argument but 0 arguments were supplied
    --> src/funnel_lodash_debounce_test.rs:1197:21
     |
1197 |     _smelt_tmp_10 = (&mut *debounced.borrow_mut())();
     |                     ^^^^^^^^^^^^^^^^^^^^^^^^^^^^^^-- argument #1 of type `Vec<SmeltUnknown>` is missing
     |
help: provide the argument
     |
1197 |     _smelt_tmp_10 = (&mut *debounced.borrow_mut())(/* Vec<SmeltUnknown> */);
     |                                                    +++++++++++++++++++++++

error[E0057]: this function takes 1 argument but 0 arguments were supplied
    --> src/funnel_lodash_debounce_test.rs:1218:21
     |
1218 |     _smelt_tmp_10 = (&mut *debounced.borrow_mut())();
     |                     ^^^^^^^^^^^^^^^^^^^^^^^^^^^^^^-- argument #1 of type `Vec<SmeltUnknown>` is missing
     |
help: provide the argument
     |
1218 |     _smelt_tmp_10 = (&mut *debounced.borrow_mut())(/* Vec<SmeltUnknown> */);
     |                                                    +++++++++++++++++++++++

error[E0057]: this function takes 1 argument but 0 arguments were supplied
    --> src/funnel_lodash_debounce_test.rs:1239:21
     |
1239 |     _smelt_tmp_10 = (&mut *debounced.borrow_mut())();
     |                     ^^^^^^^^^^^^^^^^^^^^^^^^^^^^^^-- argument #1 of type `Vec<SmeltUnknown>` is missing
     |
help: provide the argument
     |
1239 |     _smelt_tmp_10 = (&mut *debounced.borrow_mut())(/* Vec<SmeltUnknown> */);
     |                                                    +++++++++++++++++++++++

error[E0057]: this function takes 1 argument but 0 arguments were supplied
    --> src/funnel_lodash_debounce_test.rs:1260:21
     |
1260 |     _smelt_tmp_10 = (&mut *debounced.borrow_mut())();
     |                     ^^^^^^^^^^^^^^^^^^^^^^^^^^^^^^-- argument #1 of type `Vec<SmeltUnknown>` is missing
     |
help: provide the argument
     |
1260 |     _smelt_tmp_10 = (&mut *debounced.borrow_mut())(/* Vec<SmeltUnknown> */);
     |                                                    +++++++++++++++++++++++

error[E0057]: this function takes 1 argument but 0 arguments were supplied
    --> src/funnel_lodash_debounce_test.rs:1281:21
     |
1281 |     _smelt_tmp_10 = (&mut *debounced.borrow_mut())();
     |                     ^^^^^^^^^^^^^^^^^^^^^^^^^^^^^^-- argument #1 of type `Vec<SmeltUnknown>` is missing
     |
help: provide the argument
     |
1281 |     _smelt_tmp_10 = (&mut *debounced.borrow_mut())(/* Vec<SmeltUnknown> */);
     |                                                    +++++++++++++++++++++++

error[E0057]: this function takes 1 argument but 0 arguments were supplied
    --> src/funnel_lodash_debounce_test.rs:1302:21
     |
1302 |     _smelt_tmp_10 = (&mut *debounced.borrow_mut())();
     |                     ^^^^^^^^^^^^^^^^^^^^^^^^^^^^^^-- argument #1 of type `Vec<SmeltUnknown>` is missing
     |
help: provide the argument
     |
1302 |     _smelt_tmp_10 = (&mut *debounced.borrow_mut())(/* Vec<SmeltUnknown> */);
     |                                                    +++++++++++++++++++++++

error[E0057]: this function takes 1 argument but 0 arguments were supplied
    --> src/funnel_lodash_debounce_test.rs:1323:21
     |
1323 |     _smelt_tmp_10 = (&mut *debounced.borrow_mut())();
     |                     ^^^^^^^^^^^^^^^^^^^^^^^^^^^^^^-- argument #1 of type `Vec<SmeltUnknown>` is missing
     |
help: provide the argument
     |
1323 |     _smelt_tmp_10 = (&mut *debounced.borrow_mut())(/* Vec<SmeltUnknown> */);
     |                                                    +++++++++++++++++++++++

error[E0057]: this function takes 1 argument but 0 arguments were supplied
    --> src/funnel_lodash_debounce_test.rs:1344:21
     |
1344 |     _smelt_tmp_10 = (&mut *debounced.borrow_mut())();
     |                     ^^^^^^^^^^^^^^^^^^^^^^^^^^^^^^-- argument #1 of type `Vec<SmeltUnknown>` is missing
     |
help: provide the argument
     |
1344 |     _smelt_tmp_10 = (&mut *debounced.borrow_mut())(/* Vec<SmeltUnknown> */);
     |                                                    +++++++++++++++++++++++

error[E0057]: this function takes 1 argument but 0 arguments were supplied
    --> src/funnel_lodash_debounce_test.rs:1365:21
     |
1365 |     _smelt_tmp_10 = (&mut *debounced.borrow_mut())();
     |                     ^^^^^^^^^^^^^^^^^^^^^^^^^^^^^^-- argument #1 of type `Vec<SmeltUnknown>` is missing
     |
help: provide the argument
     |
1365 |     _smelt_tmp_10 = (&mut *debounced.borrow_mut())(/* Vec<SmeltUnknown> */);
     |                                                    +++++++++++++++++++++++

error[E0057]: this function takes 1 argument but 0 arguments were supplied
    --> src/funnel_lodash_debounce_test.rs:1386:21
     |
1386 |     _smelt_tmp_10 = (&mut *debounced.borrow_mut())();
     |                     ^^^^^^^^^^^^^^^^^^^^^^^^^^^^^^-- argument #1 of type `Vec<SmeltUnknown>` is missing
     |
help: provide the argument
     |
1386 |     _smelt_tmp_10 = (&mut *debounced.borrow_mut())(/* Vec<SmeltUnknown> */);
     |                                                    +++++++++++++++++++++++

error[E0057]: this function takes 1 argument but 0 arguments were supplied
    --> src/funnel_lodash_debounce_test.rs:1407:21
     |
1407 |     _smelt_tmp_10 = (&mut *debounced.borrow_mut())();
     |                     ^^^^^^^^^^^^^^^^^^^^^^^^^^^^^^-- argument #1 of type `Vec<SmeltUnknown>` is missing
     |
help: provide the argument
     |
1407 |     _smelt_tmp_10 = (&mut *debounced.borrow_mut())(/* Vec<SmeltUnknown> */);
     |                                                    +++++++++++++++++++++++

error[E0057]: this function takes 1 argument but 0 arguments were supplied
    --> src/funnel_lodash_debounce_test.rs:1428:21
     |
1428 |     _smelt_tmp_10 = (&mut *debounced.borrow_mut())();
     |                     ^^^^^^^^^^^^^^^^^^^^^^^^^^^^^^-- argument #1 of type `Vec<SmeltUnknown>` is missing
     |
help: provide the argument
     |
1428 |     _smelt_tmp_10 = (&mut *debounced.borrow_mut())(/* Vec<SmeltUnknown> */);
     |                                                    +++++++++++++++++++++++

error[E0057]: this function takes 1 argument but 0 arguments were supplied
    --> src/funnel_lodash_debounce_test.rs:1449:21
     |
1449 |     _smelt_tmp_10 = (&mut *debounced.borrow_mut())();
     |                     ^^^^^^^^^^^^^^^^^^^^^^^^^^^^^^-- argument #1 of type `Vec<SmeltUnknown>` is missing
     |
help: provide the argument
     |
1449 |     _smelt_tmp_10 = (&mut *debounced.borrow_mut())(/* Vec<SmeltUnknown> */);
     |                                                    +++++++++++++++++++++++

error[E0057]: this function takes 1 argument but 0 arguments were supplied
    --> src/funnel_lodash_debounce_test.rs:1470:21
     |
1470 |     _smelt_tmp_10 = (&mut *debounced.borrow_mut())();
     |                     ^^^^^^^^^^^^^^^^^^^^^^^^^^^^^^-- argument #1 of type `Vec<SmeltUnknown>` is missing
     |
help: provide the argument
     |
1470 |     _smelt_tmp_10 = (&mut *debounced.borrow_mut())(/* Vec<SmeltUnknown> */);
     |                                                    +++++++++++++++++++++++

error[E0057]: this function takes 1 argument but 0 arguments were supplied
    --> src/funnel_lodash_debounce_test.rs:1491:21
     |
1491 |     _smelt_tmp_10 = (&mut *debounced.borrow_mut())();
     |                     ^^^^^^^^^^^^^^^^^^^^^^^^^^^^^^-- argument #1 of type `Vec<SmeltUnknown>` is missing
     |
help: provide the argument
     |
1491 |     _smelt_tmp_10 = (&mut *debounced.borrow_mut())(/* Vec<SmeltUnknown> */);
     |                                                    +++++++++++++++++++++++

error[E0057]: this function takes 1 argument but 0 arguments were supplied
    --> src/funnel_lodash_debounce_test.rs:1512:21
     |
1512 |     _smelt_tmp_10 = (&mut *debounced.borrow_mut())();
     |                     ^^^^^^^^^^^^^^^^^^^^^^^^^^^^^^-- argument #1 of type `Vec<SmeltUnknown>` is missing
     |
help: provide the argument
     |
1512 |     _smelt_tmp_10 = (&mut *debounced.borrow_mut())(/* Vec<SmeltUnknown> */);
     |                                                    +++++++++++++++++++++++

error[E0057]: this function takes 1 argument but 0 arguments were supplied
    --> src/funnel_lodash_debounce_test.rs:1533:21
     |
1533 |     _smelt_tmp_10 = (&mut *debounced.borrow_mut())();
     |                     ^^^^^^^^^^^^^^^^^^^^^^^^^^^^^^-- argument #1 of type `Vec<SmeltUnknown>` is missing
     |
help: provide the argument
     |
1533 |     _smelt_tmp_10 = (&mut *debounced.borrow_mut())(/* Vec<SmeltUnknown> */);
     |                                                    +++++++++++++++++++++++

error[E0057]: this function takes 1 argument but 0 arguments were supplied
    --> src/funnel_lodash_debounce_test.rs:1559:20
     |
1559 |     _smelt_tmp_3 = (&mut *debounced.borrow_mut())();
     |                    ^^^^^^^^^^^^^^^^^^^^^^^^^^^^^^-- argument #1 of type `Vec<SmeltUnknown>` is missing
     |
help: provide the argument
     |
1559 |     _smelt_tmp_3 = (&mut *debounced.borrow_mut())(/* Vec<SmeltUnknown> */);
     |                                                   +++++++++++++++++++++++

error[E0057]: this function takes 1 argument but 0 arguments were supplied
    --> src/funnel_lodash_debounce_test.rs:1562:20
     |
1562 |     _smelt_tmp_6 = (&mut *debounced.borrow_mut())();
     |                    ^^^^^^^^^^^^^^^^^^^^^^^^^^^^^^-- argument #1 of type `Vec<SmeltUnknown>` is missing
     |
help: provide the argument
     |
1562 |     _smelt_tmp_6 = (&mut *debounced.borrow_mut())(/* Vec<SmeltUnknown> */);
     |                                                   +++++++++++++++++++++++

error[E0057]: this function takes 1 argument but 0 arguments were supplied
    --> src/funnel_lodash_debounce_test.rs:1645:20
     |
1645 |     _smelt_tmp_4 = (&mut *debounced.borrow_mut())();
     |                    ^^^^^^^^^^^^^^^^^^^^^^^^^^^^^^-- argument #1 of type `Vec<SmeltUnknown>` is missing
     |
help: provide the argument
     |
1645 |     _smelt_tmp_4 = (&mut *debounced.borrow_mut())(/* Vec<SmeltUnknown> */);
     |                                                   +++++++++++++++++++++++

error[E0057]: this function takes 1 argument but 0 arguments were supplied
    --> src/funnel_lodash_debounce_test.rs:1687:20
     |
1687 |     _smelt_tmp_4 = (&mut *debounced.borrow_mut())();
     |                    ^^^^^^^^^^^^^^^^^^^^^^^^^^^^^^-- argument #1 of type `Vec<SmeltUnknown>` is missing
     |
help: provide the argument
     |
1687 |     _smelt_tmp_4 = (&mut *debounced.borrow_mut())(/* Vec<SmeltUnknown> */);
     |                                                   +++++++++++++++++++++++

error[E0057]: this function takes 1 argument but 0 arguments were supplied
    --> src/funnel_lodash_debounce_test.rs:1695:21
     |
1695 |     _smelt_tmp_12 = (&mut *debounced.borrow_mut())();
     |                     ^^^^^^^^^^^^^^^^^^^^^^^^^^^^^^-- argument #1 of type `Vec<SmeltUnknown>` is missing
     |
help: provide the argument
     |
1695 |     _smelt_tmp_12 = (&mut *debounced.borrow_mut())(/* Vec<SmeltUnknown> */);
     |                                                    +++++++++++++++++++++++

error[E0057]: this function takes 1 argument but 0 arguments were supplied
    --> src/funnel_lodash_debounce_test.rs:1701:21
     |
1701 |     _smelt_tmp_18 = (&mut *debounced.borrow_mut())();
     |                     ^^^^^^^^^^^^^^^^^^^^^^^^^^^^^^-- argument #1 of type `Vec<SmeltUnknown>` is missing
     |
help: provide the argument
     |
1701 |     _smelt_tmp_18 = (&mut *debounced.borrow_mut())(/* Vec<SmeltUnknown> */);
     |                                                    +++++++++++++++++++++++

error[E0057]: this function takes 1 argument but 0 arguments were supplied
    --> src/funnel_lodash_debounce_test.rs:1734:20
     |
1734 |     _smelt_tmp_4 = (&mut *debounced.borrow_mut())();
     |                    ^^^^^^^^^^^^^^^^^^^^^^^^^^^^^^-- argument #1 of type `Vec<SmeltUnknown>` is missing
     |
help: provide the argument
     |
1734 |     _smelt_tmp_4 = (&mut *debounced.borrow_mut())(/* Vec<SmeltUnknown> */);
     |                                                   +++++++++++++++++++++++

error[E0057]: this function takes 1 argument but 0 arguments were supplied
   --> src/funnel_lodash_debounce_with_cached_value_test.rs:350:20
    |
350 |     _smelt_tmp_7 = (&mut *debounced.borrow_mut())();
    |                    ^^^^^^^^^^^^^^^^^^^^^^^^^^^^^^-- argument #1 of type `Vec<SmeltUnknown>` is missing
    |
help: provide the argument
    |
350 |     _smelt_tmp_7 = (&mut *debounced.borrow_mut())(/* Vec<SmeltUnknown> */);
    |                                                   +++++++++++++++++++++++

error[E0057]: this function takes 1 argument but 0 arguments were supplied
   --> src/funnel_lodash_debounce_with_cached_value_test.rs:369:20
    |
369 |     _smelt_tmp_7 = (&mut *debounced.borrow_mut())();
    |                    ^^^^^^^^^^^^^^^^^^^^^^^^^^^^^^-- argument #1 of type `Vec<SmeltUnknown>` is missing
    |
help: provide the argument
    |
369 |     _smelt_tmp_7 = (&mut *debounced.borrow_mut())(/* Vec<SmeltUnknown> */);
    |                                                   +++++++++++++++++++++++

error[E0057]: this function takes 1 argument but 0 arguments were supplied
   --> src/funnel_lodash_debounce_with_cached_value_test.rs:388:20
    |
388 |     _smelt_tmp_7 = (&mut *debounced.borrow_mut())();
    |                    ^^^^^^^^^^^^^^^^^^^^^^^^^^^^^^-- argument #1 of type `Vec<SmeltUnknown>` is missing
    |
help: provide the argument
    |
388 |     _smelt_tmp_7 = (&mut *debounced.borrow_mut())(/* Vec<SmeltUnknown> */);
    |                                                   +++++++++++++++++++++++

error[E0057]: this function takes 1 argument but 0 arguments were supplied
   --> src/funnel_lodash_debounce_with_cached_value_test.rs:407:20
    |
407 |     _smelt_tmp_7 = (&mut *debounced.borrow_mut())();
    |                    ^^^^^^^^^^^^^^^^^^^^^^^^^^^^^^-- argument #1 of type `Vec<SmeltUnknown>` is missing
    |
help: provide the argument
    |
407 |     _smelt_tmp_7 = (&mut *debounced.borrow_mut())(/* Vec<SmeltUnknown> */);
    |                                                   +++++++++++++++++++++++

error[E0057]: this function takes 1 argument but 0 arguments were supplied
   --> src/funnel_lodash_debounce_with_cached_value_test.rs:426:20
    |
426 |     _smelt_tmp_7 = (&mut *debounced.borrow_mut())();
    |                    ^^^^^^^^^^^^^^^^^^^^^^^^^^^^^^-- argument #1 of type `Vec<SmeltUnknown>` is missing
    |
help: provide the argument
    |
426 |     _smelt_tmp_7 = (&mut *debounced.borrow_mut())(/* Vec<SmeltUnknown> */);
    |                                                   +++++++++++++++++++++++

error[E0057]: this function takes 1 argument but 0 arguments were supplied
   --> src/funnel_lodash_debounce_with_cached_value_test.rs:445:20
    |
445 |     _smelt_tmp_7 = (&mut *debounced.borrow_mut())();
    |                    ^^^^^^^^^^^^^^^^^^^^^^^^^^^^^^-- argument #1 of type `Vec<SmeltUnknown>` is missing
    |
help: provide the argument
    |
445 |     _smelt_tmp_7 = (&mut *debounced.borrow_mut())(/* Vec<SmeltUnknown> */);
    |                                                   +++++++++++++++++++++++

error[E0057]: this function takes 1 argument but 0 arguments were supplied
   --> src/funnel_lodash_debounce_with_cached_value_test.rs:464:20
    |
464 |     _smelt_tmp_7 = (&mut *debounced.borrow_mut())();
    |                    ^^^^^^^^^^^^^^^^^^^^^^^^^^^^^^-- argument #1 of type `Vec<SmeltUnknown>` is missing
    |
help: provide the argument
    |
464 |     _smelt_tmp_7 = (&mut *debounced.borrow_mut())(/* Vec<SmeltUnknown> */);
    |                                                   +++++++++++++++++++++++

error[E0057]: this function takes 1 argument but 0 arguments were supplied
   --> src/funnel_lodash_debounce_with_cached_value_test.rs:483:20
    |
483 |     _smelt_tmp_7 = (&mut *debounced.borrow_mut())();
    |                    ^^^^^^^^^^^^^^^^^^^^^^^^^^^^^^-- argument #1 of type `Vec<SmeltUnknown>` is missing
    |
help: provide the argument
    |
483 |     _smelt_tmp_7 = (&mut *debounced.borrow_mut())(/* Vec<SmeltUnknown> */);
    |                                                   +++++++++++++++++++++++

error[E0057]: this function takes 1 argument but 0 arguments were supplied
   --> src/funnel_lodash_debounce_with_cached_value_test.rs:502:20
    |
502 |     _smelt_tmp_7 = (&mut *debounced.borrow_mut())();
    |                    ^^^^^^^^^^^^^^^^^^^^^^^^^^^^^^-- argument #1 of type `Vec<SmeltUnknown>` is missing
    |
help: provide the argument
    |
502 |     _smelt_tmp_7 = (&mut *debounced.borrow_mut())(/* Vec<SmeltUnknown> */);
    |                                                   +++++++++++++++++++++++

error[E0057]: this function takes 1 argument but 0 arguments were supplied
   --> src/funnel_lodash_debounce_with_cached_value_test.rs:521:20
    |
521 |     _smelt_tmp_7 = (&mut *debounced.borrow_mut())();
    |                    ^^^^^^^^^^^^^^^^^^^^^^^^^^^^^^-- argument #1 of type `Vec<SmeltUnknown>` is missing
    |
help: provide the argument
    |
521 |     _smelt_tmp_7 = (&mut *debounced.borrow_mut())(/* Vec<SmeltUnknown> */);
    |                                                   +++++++++++++++++++++++

error[E0057]: this function takes 1 argument but 0 arguments were supplied
   --> src/funnel_lodash_debounce_with_cached_value_test.rs:540:20
    |
540 |     _smelt_tmp_7 = (&mut *debounced.borrow_mut())();
    |                    ^^^^^^^^^^^^^^^^^^^^^^^^^^^^^^-- argument #1 of type `Vec<SmeltUnknown>` is missing
    |
help: provide the argument
    |
540 |     _smelt_tmp_7 = (&mut *debounced.borrow_mut())(/* Vec<SmeltUnknown> */);
    |                                                   +++++++++++++++++++++++

error[E0057]: this function takes 1 argument but 0 arguments were supplied
   --> src/funnel_lodash_debounce_with_cached_value_test.rs:559:20
    |
559 |     _smelt_tmp_7 = (&mut *debounced.borrow_mut())();
    |                    ^^^^^^^^^^^^^^^^^^^^^^^^^^^^^^-- argument #1 of type `Vec<SmeltUnknown>` is missing
    |
help: provide the argument
    |
559 |     _smelt_tmp_7 = (&mut *debounced.borrow_mut())(/* Vec<SmeltUnknown> */);
    |                                                   +++++++++++++++++++++++

error[E0057]: this function takes 1 argument but 0 arguments were supplied
   --> src/funnel_lodash_debounce_with_cached_value_test.rs:578:20
    |
578 |     _smelt_tmp_7 = (&mut *debounced.borrow_mut())();
    |                    ^^^^^^^^^^^^^^^^^^^^^^^^^^^^^^-- argument #1 of type `Vec<SmeltUnknown>` is missing
    |
help: provide the argument
    |
578 |     _smelt_tmp_7 = (&mut *debounced.borrow_mut())(/* Vec<SmeltUnknown> */);
    |                                                   +++++++++++++++++++++++

error[E0057]: this function takes 1 argument but 0 arguments were supplied
   --> src/funnel_lodash_debounce_with_cached_value_test.rs:597:20
    |
597 |     _smelt_tmp_7 = (&mut *debounced.borrow_mut())();
    |                    ^^^^^^^^^^^^^^^^^^^^^^^^^^^^^^-- argument #1 of type `Vec<SmeltUnknown>` is missing
    |
help: provide the argument
    |
597 |     _smelt_tmp_7 = (&mut *debounced.borrow_mut())(/* Vec<SmeltUnknown> */);
    |                                                   +++++++++++++++++++++++

error[E0057]: this function takes 1 argument but 0 arguments were supplied
   --> src/funnel_lodash_debounce_with_cached_value_test.rs:616:20
    |
616 |     _smelt_tmp_7 = (&mut *debounced.borrow_mut())();
    |                    ^^^^^^^^^^^^^^^^^^^^^^^^^^^^^^-- argument #1 of type `Vec<SmeltUnknown>` is missing
    |
help: provide the argument
    |
616 |     _smelt_tmp_7 = (&mut *debounced.borrow_mut())(/* Vec<SmeltUnknown> */);
    |                                                   +++++++++++++++++++++++

error[E0057]: this function takes 1 argument but 0 arguments were supplied
   --> src/funnel_lodash_debounce_with_cached_value_test.rs:635:20
    |
635 |     _smelt_tmp_7 = (&mut *debounced.borrow_mut())();
    |                    ^^^^^^^^^^^^^^^^^^^^^^^^^^^^^^-- argument #1 of type `Vec<SmeltUnknown>` is missing
    |
help: provide the argument
    |
635 |     _smelt_tmp_7 = (&mut *debounced.borrow_mut())(/* Vec<SmeltUnknown> */);
    |                                                   +++++++++++++++++++++++

error[E0057]: this function takes 1 argument but 0 arguments were supplied
   --> src/funnel_lodash_debounce_with_cached_value_test.rs:654:20
    |
654 |     _smelt_tmp_7 = (&mut *debounced.borrow_mut())();
    |                    ^^^^^^^^^^^^^^^^^^^^^^^^^^^^^^-- argument #1 of type `Vec<SmeltUnknown>` is missing
    |
help: provide the argument
    |
654 |     _smelt_tmp_7 = (&mut *debounced.borrow_mut())(/* Vec<SmeltUnknown> */);
    |                                                   +++++++++++++++++++++++

error[E0057]: this function takes 1 argument but 0 arguments were supplied
   --> src/funnel_lodash_debounce_with_cached_value_test.rs:673:20
    |
673 |     _smelt_tmp_7 = (&mut *debounced.borrow_mut())();
    |                    ^^^^^^^^^^^^^^^^^^^^^^^^^^^^^^-- argument #1 of type `Vec<SmeltUnknown>` is missing
    |
help: provide the argument
    |
673 |     _smelt_tmp_7 = (&mut *debounced.borrow_mut())(/* Vec<SmeltUnknown> */);
    |                                                   +++++++++++++++++++++++

error[E0057]: this function takes 1 argument but 0 arguments were supplied
   --> src/funnel_lodash_debounce_with_cached_value_test.rs:692:20
    |
692 |     _smelt_tmp_7 = (&mut *debounced.borrow_mut())();
    |                    ^^^^^^^^^^^^^^^^^^^^^^^^^^^^^^-- argument #1 of type `Vec<SmeltUnknown>` is missing
    |
help: provide the argument
    |
692 |     _smelt_tmp_7 = (&mut *debounced.borrow_mut())(/* Vec<SmeltUnknown> */);
    |                                                   +++++++++++++++++++++++

error[E0057]: this function takes 1 argument but 0 arguments were supplied
   --> src/funnel_lodash_debounce_with_cached_value_test.rs:711:20
    |
711 |     _smelt_tmp_7 = (&mut *debounced.borrow_mut())();
    |                    ^^^^^^^^^^^^^^^^^^^^^^^^^^^^^^-- argument #1 of type `Vec<SmeltUnknown>` is missing
    |
help: provide the argument
    |
711 |     _smelt_tmp_7 = (&mut *debounced.borrow_mut())(/* Vec<SmeltUnknown> */);
    |                                                   +++++++++++++++++++++++

error[E0057]: this function takes 1 argument but 0 arguments were supplied
   --> src/funnel_lodash_debounce_with_cached_value_test.rs:730:20
    |
730 |     _smelt_tmp_7 = (&mut *debounced.borrow_mut())();
    |                    ^^^^^^^^^^^^^^^^^^^^^^^^^^^^^^-- argument #1 of type `Vec<SmeltUnknown>` is missing
    |
help: provide the argument
    |
730 |     _smelt_tmp_7 = (&mut *debounced.borrow_mut())(/* Vec<SmeltUnknown> */);
    |                                                   +++++++++++++++++++++++

error[E0057]: this function takes 1 argument but 0 arguments were supplied
   --> src/funnel_lodash_debounce_with_cached_value_test.rs:749:20
    |
749 |     _smelt_tmp_7 = (&mut *debounced.borrow_mut())();
    |                    ^^^^^^^^^^^^^^^^^^^^^^^^^^^^^^-- argument #1 of type `Vec<SmeltUnknown>` is missing
    |
help: provide the argument
    |
749 |     _smelt_tmp_7 = (&mut *debounced.borrow_mut())(/* Vec<SmeltUnknown> */);
    |                                                   +++++++++++++++++++++++

error[E0057]: this function takes 1 argument but 0 arguments were supplied
   --> src/funnel_lodash_debounce_with_cached_value_test.rs:768:20
    |
768 |     _smelt_tmp_7 = (&mut *debounced.borrow_mut())();
    |                    ^^^^^^^^^^^^^^^^^^^^^^^^^^^^^^-- argument #1 of type `Vec<SmeltUnknown>` is missing
    |
help: provide the argument
    |
768 |     _smelt_tmp_7 = (&mut *debounced.borrow_mut())(/* Vec<SmeltUnknown> */);
    |                                                   +++++++++++++++++++++++

error[E0057]: this function takes 1 argument but 0 arguments were supplied
   --> src/funnel_lodash_debounce_with_cached_value_test.rs:787:20
    |
787 |     _smelt_tmp_7 = (&mut *debounced.borrow_mut())();
    |                    ^^^^^^^^^^^^^^^^^^^^^^^^^^^^^^-- argument #1 of type `Vec<SmeltUnknown>` is missing
    |
help: provide the argument
    |
787 |     _smelt_tmp_7 = (&mut *debounced.borrow_mut())(/* Vec<SmeltUnknown> */);
    |                                                   +++++++++++++++++++++++

error[E0057]: this function takes 1 argument but 0 arguments were supplied
   --> src/funnel_lodash_debounce_with_cached_value_test.rs:806:20
    |
806 |     _smelt_tmp_7 = (&mut *debounced.borrow_mut())();
    |                    ^^^^^^^^^^^^^^^^^^^^^^^^^^^^^^-- argument #1 of type `Vec<SmeltUnknown>` is missing
    |
help: provide the argument
    |
806 |     _smelt_tmp_7 = (&mut *debounced.borrow_mut())(/* Vec<SmeltUnknown> */);
    |                                                   +++++++++++++++++++++++

error[E0057]: this function takes 1 argument but 0 arguments were supplied
   --> src/funnel_lodash_debounce_with_cached_value_test.rs:825:20
    |
825 |     _smelt_tmp_7 = (&mut *debounced.borrow_mut())();
    |                    ^^^^^^^^^^^^^^^^^^^^^^^^^^^^^^-- argument #1 of type `Vec<SmeltUnknown>` is missing
    |
help: provide the argument
    |
825 |     _smelt_tmp_7 = (&mut *debounced.borrow_mut())(/* Vec<SmeltUnknown> */);
    |                                                   +++++++++++++++++++++++

error[E0057]: this function takes 1 argument but 0 arguments were supplied
   --> src/funnel_lodash_debounce_with_cached_value_test.rs:844:20
    |
844 |     _smelt_tmp_7 = (&mut *debounced.borrow_mut())();
    |                    ^^^^^^^^^^^^^^^^^^^^^^^^^^^^^^-- argument #1 of type `Vec<SmeltUnknown>` is missing
    |
help: provide the argument
    |
844 |     _smelt_tmp_7 = (&mut *debounced.borrow_mut())(/* Vec<SmeltUnknown> */);
    |                                                   +++++++++++++++++++++++

error[E0057]: this function takes 1 argument but 0 arguments were supplied
   --> src/funnel_lodash_debounce_with_cached_value_test.rs:863:20
    |
863 |     _smelt_tmp_7 = (&mut *debounced.borrow_mut())();
    |                    ^^^^^^^^^^^^^^^^^^^^^^^^^^^^^^-- argument #1 of type `Vec<SmeltUnknown>` is missing
    |
help: provide the argument
    |
863 |     _smelt_tmp_7 = (&mut *debounced.borrow_mut())(/* Vec<SmeltUnknown> */);
    |                                                   +++++++++++++++++++++++

error[E0057]: this function takes 1 argument but 0 arguments were supplied
   --> src/funnel_lodash_debounce_with_cached_value_test.rs:882:20
    |
882 |     _smelt_tmp_7 = (&mut *debounced.borrow_mut())();
    |                    ^^^^^^^^^^^^^^^^^^^^^^^^^^^^^^-- argument #1 of type `Vec<SmeltUnknown>` is missing
    |
help: provide the argument
    |
882 |     _smelt_tmp_7 = (&mut *debounced.borrow_mut())(/* Vec<SmeltUnknown> */);
    |                                                   +++++++++++++++++++++++

error[E0057]: this function takes 1 argument but 0 arguments were supplied
   --> src/funnel_lodash_debounce_with_cached_value_test.rs:901:20
    |
901 |     _smelt_tmp_7 = (&mut *debounced.borrow_mut())();
    |                    ^^^^^^^^^^^^^^^^^^^^^^^^^^^^^^-- argument #1 of type `Vec<SmeltUnknown>` is missing
    |
help: provide the argument
    |
901 |     _smelt_tmp_7 = (&mut *debounced.borrow_mut())(/* Vec<SmeltUnknown> */);
    |                                                   +++++++++++++++++++++++

error[E0057]: this function takes 1 argument but 0 arguments were supplied
   --> src/funnel_lodash_debounce_with_cached_value_test.rs:920:20
    |
920 |     _smelt_tmp_7 = (&mut *debounced.borrow_mut())();
    |                    ^^^^^^^^^^^^^^^^^^^^^^^^^^^^^^-- argument #1 of type `Vec<SmeltUnknown>` is missing
    |
help: provide the argument
    |
920 |     _smelt_tmp_7 = (&mut *debounced.borrow_mut())(/* Vec<SmeltUnknown> */);
    |                                                   +++++++++++++++++++++++

error[E0057]: this function takes 1 argument but 0 arguments were supplied
   --> src/funnel_lodash_debounce_with_cached_value_test.rs:939:20
    |
939 |     _smelt_tmp_7 = (&mut *debounced.borrow_mut())();
    |                    ^^^^^^^^^^^^^^^^^^^^^^^^^^^^^^-- argument #1 of type `Vec<SmeltUnknown>` is missing
    |
help: provide the argument
    |
939 |     _smelt_tmp_7 = (&mut *debounced.borrow_mut())(/* Vec<SmeltUnknown> */);
    |                                                   +++++++++++++++++++++++

error[E0057]: this function takes 1 argument but 0 arguments were supplied
   --> src/funnel_lodash_debounce_with_cached_value_test.rs:958:20
    |
958 |     _smelt_tmp_7 = (&mut *debounced.borrow_mut())();
    |                    ^^^^^^^^^^^^^^^^^^^^^^^^^^^^^^-- argument #1 of type `Vec<SmeltUnknown>` is missing
    |
help: provide the argument
    |
958 |     _smelt_tmp_7 = (&mut *debounced.borrow_mut())(/* Vec<SmeltUnknown> */);
    |                                                   +++++++++++++++++++++++

error[E0057]: this function takes 1 argument but 0 arguments were supplied
   --> src/funnel_lodash_debounce_with_cached_value_test.rs:977:20
    |
977 |     _smelt_tmp_7 = (&mut *debounced.borrow_mut())();
    |                    ^^^^^^^^^^^^^^^^^^^^^^^^^^^^^^-- argument #1 of type `Vec<SmeltUnknown>` is missing
    |
help: provide the argument
    |
977 |     _smelt_tmp_7 = (&mut *debounced.borrow_mut())(/* Vec<SmeltUnknown> */);
    |                                                   +++++++++++++++++++++++

error[E0057]: this function takes 1 argument but 0 arguments were supplied
   --> src/funnel_lodash_debounce_with_cached_value_test.rs:996:20
    |
996 |     _smelt_tmp_7 = (&mut *debounced.borrow_mut())();
    |                    ^^^^^^^^^^^^^^^^^^^^^^^^^^^^^^-- argument #1 of type `Vec<SmeltUnknown>` is missing
    |
help: provide the argument
    |
996 |     _smelt_tmp_7 = (&mut *debounced.borrow_mut())(/* Vec<SmeltUnknown> */);
    |                                                   +++++++++++++++++++++++

error[E0057]: this function takes 1 argument but 0 arguments were supplied
    --> src/funnel_lodash_debounce_with_cached_value_test.rs:1015:20
     |
1015 |     _smelt_tmp_7 = (&mut *debounced.borrow_mut())();
     |                    ^^^^^^^^^^^^^^^^^^^^^^^^^^^^^^-- argument #1 of type `Vec<SmeltUnknown>` is missing
     |
help: provide the argument
     |
1015 |     _smelt_tmp_7 = (&mut *debounced.borrow_mut())(/* Vec<SmeltUnknown> */);
     |                                                   +++++++++++++++++++++++

error[E0057]: this function takes 1 argument but 0 arguments were supplied
    --> src/funnel_lodash_debounce_with_cached_value_test.rs:1034:20
     |
1034 |     _smelt_tmp_7 = (&mut *debounced.borrow_mut())();
     |                    ^^^^^^^^^^^^^^^^^^^^^^^^^^^^^^-- argument #1 of type `Vec<SmeltUnknown>` is missing
     |
help: provide the argument
     |
1034 |     _smelt_tmp_7 = (&mut *debounced.borrow_mut())(/* Vec<SmeltUnknown> */);
     |                                                   +++++++++++++++++++++++

error[E0057]: this function takes 1 argument but 0 arguments were supplied
    --> src/funnel_lodash_debounce_with_cached_value_test.rs:1053:20
     |
1053 |     _smelt_tmp_7 = (&mut *debounced.borrow_mut())();
     |                    ^^^^^^^^^^^^^^^^^^^^^^^^^^^^^^-- argument #1 of type `Vec<SmeltUnknown>` is missing
     |
help: provide the argument
     |
1053 |     _smelt_tmp_7 = (&mut *debounced.borrow_mut())(/* Vec<SmeltUnknown> */);
     |                                                   +++++++++++++++++++++++

error[E0057]: this function takes 1 argument but 0 arguments were supplied
    --> src/funnel_lodash_debounce_with_cached_value_test.rs:1072:20
     |
1072 |     _smelt_tmp_7 = (&mut *debounced.borrow_mut())();
     |                    ^^^^^^^^^^^^^^^^^^^^^^^^^^^^^^-- argument #1 of type `Vec<SmeltUnknown>` is missing
     |
help: provide the argument
     |
1072 |     _smelt_tmp_7 = (&mut *debounced.borrow_mut())(/* Vec<SmeltUnknown> */);
     |                                                   +++++++++++++++++++++++

error[E0057]: this function takes 1 argument but 0 arguments were supplied
    --> src/funnel_lodash_debounce_with_cached_value_test.rs:1091:20
     |
1091 |     _smelt_tmp_7 = (&mut *debounced.borrow_mut())();
     |                    ^^^^^^^^^^^^^^^^^^^^^^^^^^^^^^-- argument #1 of type `Vec<SmeltUnknown>` is missing
     |
help: provide the argument
     |
1091 |     _smelt_tmp_7 = (&mut *debounced.borrow_mut())(/* Vec<SmeltUnknown> */);
     |                                                   +++++++++++++++++++++++

error[E0057]: this function takes 1 argument but 0 arguments were supplied
    --> src/funnel_lodash_debounce_with_cached_value_test.rs:1110:20
     |
1110 |     _smelt_tmp_7 = (&mut *debounced.borrow_mut())();
     |                    ^^^^^^^^^^^^^^^^^^^^^^^^^^^^^^-- argument #1 of type `Vec<SmeltUnknown>` is missing
     |
help: provide the argument
     |
1110 |     _smelt_tmp_7 = (&mut *debounced.borrow_mut())(/* Vec<SmeltUnknown> */);
     |                                                   +++++++++++++++++++++++

error[E0057]: this function takes 1 argument but 0 arguments were supplied
    --> src/funnel_lodash_debounce_with_cached_value_test.rs:1129:20
     |
1129 |     _smelt_tmp_7 = (&mut *debounced.borrow_mut())();
     |                    ^^^^^^^^^^^^^^^^^^^^^^^^^^^^^^-- argument #1 of type `Vec<SmeltUnknown>` is missing
     |
help: provide the argument
     |
1129 |     _smelt_tmp_7 = (&mut *debounced.borrow_mut())(/* Vec<SmeltUnknown> */);
     |                                                   +++++++++++++++++++++++

error[E0057]: this function takes 1 argument but 0 arguments were supplied
    --> src/funnel_lodash_debounce_with_cached_value_test.rs:1148:20
     |
1148 |     _smelt_tmp_7 = (&mut *debounced.borrow_mut())();
     |                    ^^^^^^^^^^^^^^^^^^^^^^^^^^^^^^-- argument #1 of type `Vec<SmeltUnknown>` is missing
     |
help: provide the argument
     |
1148 |     _smelt_tmp_7 = (&mut *debounced.borrow_mut())(/* Vec<SmeltUnknown> */);
     |                                                   +++++++++++++++++++++++

error[E0057]: this function takes 1 argument but 0 arguments were supplied
    --> src/funnel_lodash_debounce_with_cached_value_test.rs:1179:20
     |
1179 |     _smelt_tmp_5 = (&mut *debounced.borrow_mut())();
     |                    ^^^^^^^^^^^^^^^^^^^^^^^^^^^^^^-- argument #1 of type `Vec<SmeltUnknown>` is missing
     |
help: provide the argument
     |
1179 |     _smelt_tmp_5 = (&mut *debounced.borrow_mut())(/* Vec<SmeltUnknown> */);
     |                                                   +++++++++++++++++++++++

error[E0057]: this function takes 1 argument but 0 arguments were supplied
    --> src/funnel_lodash_debounce_with_cached_value_test.rs:1187:21
     |
1187 |     _smelt_tmp_10 = (&mut *debounced.borrow_mut())();
     |                     ^^^^^^^^^^^^^^^^^^^^^^^^^^^^^^-- argument #1 of type `Vec<SmeltUnknown>` is missing
     |
help: provide the argument
     |
1187 |     _smelt_tmp_10 = (&mut *debounced.borrow_mut())(/* Vec<SmeltUnknown> */);
     |                                                    +++++++++++++++++++++++

error[E0057]: this function takes 1 argument but 0 arguments were supplied
    --> src/funnel_lodash_debounce_with_cached_value_test.rs:1193:21
     |
1193 |     _smelt_tmp_13 = (&mut *debounced.borrow_mut())();
     |                     ^^^^^^^^^^^^^^^^^^^^^^^^^^^^^^-- argument #1 of type `Vec<SmeltUnknown>` is missing
     |
help: provide the argument
     |
1193 |     _smelt_tmp_13 = (&mut *debounced.borrow_mut())(/* Vec<SmeltUnknown> */);
     |                                                    +++++++++++++++++++++++

error[E0057]: this function takes 1 argument but 0 arguments were supplied
    --> src/funnel_lodash_debounce_with_cached_value_test.rs:1226:20
     |
1226 |     _smelt_tmp_5 = (&mut *debounced.borrow_mut())();
     |                    ^^^^^^^^^^^^^^^^^^^^^^^^^^^^^^-- argument #1 of type `Vec<SmeltUnknown>` is missing
     |
help: provide the argument
     |
1226 |     _smelt_tmp_5 = (&mut *debounced.borrow_mut())(/* Vec<SmeltUnknown> */);
     |                                                   +++++++++++++++++++++++

error[E0057]: this function takes 1 argument but 0 arguments were supplied
   --> src/funnel_lodash_throttle_test.rs:109:20
    |
109 |     _smelt_tmp_4 = (&mut *throttled.borrow_mut())();
    |                    ^^^^^^^^^^^^^^^^^^^^^^^^^^^^^^-- argument #1 of type `Vec<SmeltUnknown>` is missing
    |
help: provide the argument
    |
109 |     _smelt_tmp_4 = (&mut *throttled.borrow_mut())(/* Vec<SmeltUnknown> */);
    |                                                   +++++++++++++++++++++++

error[E0057]: this function takes 1 argument but 0 arguments were supplied
   --> src/funnel_lodash_throttle_test.rs:110:20
    |
110 |     _smelt_tmp_5 = (&mut *throttled.borrow_mut())();
    |                    ^^^^^^^^^^^^^^^^^^^^^^^^^^^^^^-- argument #1 of type `Vec<SmeltUnknown>` is missing
    |
help: provide the argument
    |
110 |     _smelt_tmp_5 = (&mut *throttled.borrow_mut())(/* Vec<SmeltUnknown> */);
    |                                                   +++++++++++++++++++++++

error[E0057]: this function takes 1 argument but 0 arguments were supplied
   --> src/funnel_lodash_throttle_test.rs:111:20
    |
111 |     _smelt_tmp_6 = (&mut *throttled.borrow_mut())();
    |                    ^^^^^^^^^^^^^^^^^^^^^^^^^^^^^^-- argument #1 of type `Vec<SmeltUnknown>` is missing
    |
help: provide the argument
    |
111 |     _smelt_tmp_6 = (&mut *throttled.borrow_mut())(/* Vec<SmeltUnknown> */);
    |                                                   +++++++++++++++++++++++

error[E0057]: this function takes 1 argument but 0 arguments were supplied
   --> src/funnel_lodash_throttle_test.rs:152:20
    |
152 |     _smelt_tmp_3 = (&mut *throttled.borrow_mut())();
    |                    ^^^^^^^^^^^^^^^^^^^^^^^^^^^^^^-- argument #1 of type `Vec<SmeltUnknown>` is missing
    |
help: provide the argument
    |
152 |     _smelt_tmp_3 = (&mut *throttled.borrow_mut())(/* Vec<SmeltUnknown> */);
    |                                                   +++++++++++++++++++++++

error[E0057]: this function takes 1 argument but 0 arguments were supplied
   --> src/funnel_lodash_throttle_test.rs:161:21
    |
161 |     _smelt_tmp_12 = (&mut *throttled.borrow_mut())();
    |                     ^^^^^^^^^^^^^^^^^^^^^^^^^^^^^^-- argument #1 of type `Vec<SmeltUnknown>` is missing
    |
help: provide the argument
    |
161 |     _smelt_tmp_12 = (&mut *throttled.borrow_mut())(/* Vec<SmeltUnknown> */);
    |                                                    +++++++++++++++++++++++

error[E0057]: this function takes 1 argument but 0 arguments were supplied
   --> src/funnel_lodash_throttle_test.rs:188:20
    |
188 |     _smelt_tmp_3 = (&mut *throttled.borrow_mut())();
    |                    ^^^^^^^^^^^^^^^^^^^^^^^^^^^^^^-- argument #1 of type `Vec<SmeltUnknown>` is missing
    |
help: provide the argument
    |
188 |     _smelt_tmp_3 = (&mut *throttled.borrow_mut())(/* Vec<SmeltUnknown> */);
    |                                                   +++++++++++++++++++++++

error[E0057]: this function takes 1 argument but 0 arguments were supplied
   --> src/funnel_lodash_throttle_test.rs:230:20
    |
230 |     _smelt_tmp_9 = (&mut *throttled.borrow_mut())();
    |                    ^^^^^^^^^^^^^^^^^^^^^^^^^^^^^^-- argument #1 of type `Vec<SmeltUnknown>` is missing
    |
help: provide the argument
    |
230 |     _smelt_tmp_9 = (&mut *throttled.borrow_mut())(/* Vec<SmeltUnknown> */);
    |                                                   +++++++++++++++++++++++

error[E0057]: this function takes 1 argument but 0 arguments were supplied
   --> src/funnel_lodash_throttle_test.rs:267:21
    |
267 |     _smelt_tmp_10 = (&mut *throttled.borrow_mut())();
    |                     ^^^^^^^^^^^^^^^^^^^^^^^^^^^^^^-- argument #1 of type `Vec<SmeltUnknown>` is missing
    |
help: provide the argument
    |
267 |     _smelt_tmp_10 = (&mut *throttled.borrow_mut())(/* Vec<SmeltUnknown> */);
    |                                                    +++++++++++++++++++++++

error[E0057]: this function takes 1 argument but 0 arguments were supplied
   --> src/funnel_lodash_throttle_test.rs:309:20
    |
309 |     _smelt_tmp_5 = (&mut *throttled.borrow_mut())();
    |                    ^^^^^^^^^^^^^^^^^^^^^^^^^^^^^^-- argument #1 of type `Vec<SmeltUnknown>` is missing
    |
help: provide the argument
    |
309 |     _smelt_tmp_5 = (&mut *throttled.borrow_mut())(/* Vec<SmeltUnknown> */);
    |                                                   +++++++++++++++++++++++

error[E0057]: this function takes 1 argument but 0 arguments were supplied
   --> src/funnel_lodash_throttle_test.rs:318:21
    |
318 |     _smelt_tmp_14 = (&mut *throttled.borrow_mut())();
    |                     ^^^^^^^^^^^^^^^^^^^^^^^^^^^^^^-- argument #1 of type `Vec<SmeltUnknown>` is missing
    |
help: provide the argument
    |
318 |     _smelt_tmp_14 = (&mut *throttled.borrow_mut())(/* Vec<SmeltUnknown> */);
    |                                                    +++++++++++++++++++++++

error[E0057]: this function takes 1 argument but 0 arguments were supplied
   --> src/funnel_lodash_throttle_test.rs:358:20
    |
358 |     _smelt_tmp_4 = (&mut *throttled.borrow_mut())();
    |                    ^^^^^^^^^^^^^^^^^^^^^^^^^^^^^^-- argument #1 of type `Vec<SmeltUnknown>` is missing
    |
help: provide the argument
    |
358 |     _smelt_tmp_4 = (&mut *throttled.borrow_mut())(/* Vec<SmeltUnknown> */);
    |                                                   +++++++++++++++++++++++

error[E0057]: this function takes 1 argument but 0 arguments were supplied
   --> src/funnel_lodash_throttle_test.rs:359:20
    |
359 |     _smelt_tmp_5 = (&mut *throttled.borrow_mut())();
    |                    ^^^^^^^^^^^^^^^^^^^^^^^^^^^^^^-- argument #1 of type `Vec<SmeltUnknown>` is missing
    |
help: provide the argument
    |
359 |     _smelt_tmp_5 = (&mut *throttled.borrow_mut())(/* Vec<SmeltUnknown> */);
    |                                                   +++++++++++++++++++++++

error[E0057]: this function takes 1 argument but 0 arguments were supplied
   --> src/funnel_lodash_throttle_test.rs:400:20
    |
400 |     _smelt_tmp_8 = (&mut *with_leading.borrow_mut())();
    |                    ^^^^^^^^^^^^^^^^^^^^^^^^^^^^^^^^^-- argument #1 of type `Vec<SmeltUnknown>` is missing
    |
help: provide the argument
    |
400 |     _smelt_tmp_8 = (&mut *with_leading.borrow_mut())(/* Vec<SmeltUnknown> */);
    |                                                      +++++++++++++++++++++++

error[E0057]: this function takes 1 argument but 0 arguments were supplied
   --> src/funnel_lodash_throttle_test.rs:401:20
    |
401 |     _smelt_tmp_9 = (&mut *without_leading.borrow_mut())();
    |                    ^^^^^^^^^^^^^^^^^^^^^^^^^^^^^^^^^^^^-- argument #1 of type `Vec<SmeltUnknown>` is missing
    |
help: provide the argument
    |
401 |     _smelt_tmp_9 = (&mut *without_leading.borrow_mut())(/* Vec<SmeltUnknown> */);
    |                                                         +++++++++++++++++++++++

error[E0057]: this function takes 1 argument but 0 arguments were supplied
   --> src/funnel_lodash_throttle_test.rs:505:20
    |
505 |     _smelt_tmp_4 = (&mut *throttled.borrow_mut())();
    |                    ^^^^^^^^^^^^^^^^^^^^^^^^^^^^^^-- argument #1 of type `Vec<SmeltUnknown>` is missing
    |
help: provide the argument
    |
505 |     _smelt_tmp_4 = (&mut *throttled.borrow_mut())(/* Vec<SmeltUnknown> */);
    |                                                   +++++++++++++++++++++++

error[E0057]: this function takes 1 argument but 0 arguments were supplied
   --> src/funnel_lodash_throttle_test.rs:506:20
    |
506 |     _smelt_tmp_5 = (&mut *throttled.borrow_mut())();
    |                    ^^^^^^^^^^^^^^^^^^^^^^^^^^^^^^-- argument #1 of type `Vec<SmeltUnknown>` is missing
    |
help: provide the argument
    |
506 |     _smelt_tmp_5 = (&mut *throttled.borrow_mut())(/* Vec<SmeltUnknown> */);
    |                                                   +++++++++++++++++++++++

error[E0057]: this function takes 1 argument but 0 arguments were supplied
   --> src/funnel_lodash_throttle_test.rs:510:20
    |
510 |     _smelt_tmp_9 = (&mut *throttled.borrow_mut())();
    |                    ^^^^^^^^^^^^^^^^^^^^^^^^^^^^^^-- argument #1 of type `Vec<SmeltUnknown>` is missing
    |
help: provide the argument
    |
510 |     _smelt_tmp_9 = (&mut *throttled.borrow_mut())(/* Vec<SmeltUnknown> */);
    |                                                   +++++++++++++++++++++++

error[E0057]: this function takes 1 argument but 0 arguments were supplied
   --> src/funnel_lodash_throttle_test.rs:511:21
    |
511 |     _smelt_tmp_10 = (&mut *throttled.borrow_mut())();
    |                     ^^^^^^^^^^^^^^^^^^^^^^^^^^^^^^-- argument #1 of type `Vec<SmeltUnknown>` is missing
    |
help: provide the argument
    |
511 |     _smelt_tmp_10 = (&mut *throttled.borrow_mut())(/* Vec<SmeltUnknown> */);
    |                                                    +++++++++++++++++++++++

error[E0057]: this function takes 1 argument but 0 arguments were supplied
   --> src/funnel_lodash_throttle_test.rs:536:20
    |
536 |     _smelt_tmp_3 = (&mut *throttled.borrow_mut())();
    |                    ^^^^^^^^^^^^^^^^^^^^^^^^^^^^^^-- argument #1 of type `Vec<SmeltUnknown>` is missing
    |
help: provide the argument
    |
536 |     _smelt_tmp_3 = (&mut *throttled.borrow_mut())(/* Vec<SmeltUnknown> */);
    |                                                   +++++++++++++++++++++++

error[E0057]: this function takes 1 argument but 0 arguments were supplied
   --> src/funnel_lodash_throttle_test.rs:539:20
    |
539 |     _smelt_tmp_6 = (&mut *throttled.borrow_mut())();
    |                    ^^^^^^^^^^^^^^^^^^^^^^^^^^^^^^-- argument #1 of type `Vec<SmeltUnknown>` is missing
    |
help: provide the argument
    |
539 |     _smelt_tmp_6 = (&mut *throttled.borrow_mut())(/* Vec<SmeltUnknown> */);
    |                                                   +++++++++++++++++++++++

error[E0057]: this function takes 1 argument but 0 arguments were supplied
   --> src/funnel_lodash_throttle_test.rs:622:20
    |
622 |     _smelt_tmp_4 = (&mut *throttled.borrow_mut())();
    |                    ^^^^^^^^^^^^^^^^^^^^^^^^^^^^^^-- argument #1 of type `Vec<SmeltUnknown>` is missing
    |
help: provide the argument
    |
622 |     _smelt_tmp_4 = (&mut *throttled.borrow_mut())(/* Vec<SmeltUnknown> */);
    |                                                   +++++++++++++++++++++++

error[E0057]: this function takes 1 argument but 0 arguments were supplied
   --> src/funnel_lodash_throttle_test.rs:664:20
    |
664 |     _smelt_tmp_4 = (&mut *throttled.borrow_mut())();
    |                    ^^^^^^^^^^^^^^^^^^^^^^^^^^^^^^-- argument #1 of type `Vec<SmeltUnknown>` is missing
    |
help: provide the argument
    |
664 |     _smelt_tmp_4 = (&mut *throttled.borrow_mut())(/* Vec<SmeltUnknown> */);
    |                                                   +++++++++++++++++++++++

error[E0057]: this function takes 1 argument but 0 arguments were supplied
   --> src/funnel_lodash_throttle_test.rs:672:21
    |
672 |     _smelt_tmp_12 = (&mut *throttled.borrow_mut())();
    |                     ^^^^^^^^^^^^^^^^^^^^^^^^^^^^^^-- argument #1 of type `Vec<SmeltUnknown>` is missing
    |
help: provide the argument
    |
672 |     _smelt_tmp_12 = (&mut *throttled.borrow_mut())(/* Vec<SmeltUnknown> */);
    |                                                    +++++++++++++++++++++++

error[E0057]: this function takes 1 argument but 0 arguments were supplied
   --> src/funnel_lodash_throttle_test.rs:678:21
    |
678 |     _smelt_tmp_18 = (&mut *throttled.borrow_mut())();
    |                     ^^^^^^^^^^^^^^^^^^^^^^^^^^^^^^-- argument #1 of type `Vec<SmeltUnknown>` is missing
    |
help: provide the argument
    |
678 |     _smelt_tmp_18 = (&mut *throttled.borrow_mut())(/* Vec<SmeltUnknown> */);
    |                                                    +++++++++++++++++++++++

error[E0057]: this function takes 1 argument but 0 arguments were supplied
   --> src/funnel_lodash_throttle_test.rs:711:20
    |
711 |     _smelt_tmp_4 = (&mut *throttled.borrow_mut())();
    |                    ^^^^^^^^^^^^^^^^^^^^^^^^^^^^^^-- argument #1 of type `Vec<SmeltUnknown>` is missing
    |
help: provide the argument
    |
711 |     _smelt_tmp_4 = (&mut *throttled.borrow_mut())(/* Vec<SmeltUnknown> */);
    |                                                   +++++++++++++++++++++++

error[E0057]: this function takes 1 argument but 0 arguments were supplied
   --> src/funnel_lodash_throttle_test.rs:792:20
    |
792 |     _smelt_tmp_4 = (&mut *throttled.borrow_mut())();
    |                    ^^^^^^^^^^^^^^^^^^^^^^^^^^^^^^-- argument #1 of type `Vec<SmeltUnknown>` is missing
    |
help: provide the argument
    |
792 |     _smelt_tmp_4 = (&mut *throttled.borrow_mut())(/* Vec<SmeltUnknown> */);
    |                                                   +++++++++++++++++++++++

error[E0057]: this function takes 1 argument but 0 arguments were supplied
   --> src/funnel_lodash_throttle_test.rs:793:20
    |
793 |     _smelt_tmp_5 = (&mut *throttled.borrow_mut())();
    |                    ^^^^^^^^^^^^^^^^^^^^^^^^^^^^^^-- argument #1 of type `Vec<SmeltUnknown>` is missing
    |
help: provide the argument
    |
793 |     _smelt_tmp_5 = (&mut *throttled.borrow_mut())(/* Vec<SmeltUnknown> */);
    |                                                   +++++++++++++++++++++++

error[E0057]: this function takes 1 argument but 0 arguments were supplied
   --> src/funnel_lodash_throttle_test.rs:794:20
    |
794 |     _smelt_tmp_6 = (&mut *throttled.borrow_mut())();
    |                    ^^^^^^^^^^^^^^^^^^^^^^^^^^^^^^-- argument #1 of type `Vec<SmeltUnknown>` is missing
    |
help: provide the argument
    |
794 |     _smelt_tmp_6 = (&mut *throttled.borrow_mut())(/* Vec<SmeltUnknown> */);
    |                                                   +++++++++++++++++++++++

error[E0057]: this function takes 1 argument but 0 arguments were supplied
   --> src/funnel_lodash_throttle_with_cached_value_test.rs:317:20
    |
317 |     _smelt_tmp_5 = (&mut *throttled.borrow_mut())();
    |                    ^^^^^^^^^^^^^^^^^^^^^^^^^^^^^^-- argument #1 of type `Vec<SmeltUnknown>` is missing
    |
help: provide the argument
    |
317 |     _smelt_tmp_5 = (&mut *throttled.borrow_mut())(/* Vec<SmeltUnknown> */);
    |                                                   +++++++++++++++++++++++

error[E0057]: this function takes 1 argument but 0 arguments were supplied
   --> src/funnel_lodash_throttle_with_cached_value_test.rs:325:21
    |
325 |     _smelt_tmp_10 = (&mut *throttled.borrow_mut())();
    |                     ^^^^^^^^^^^^^^^^^^^^^^^^^^^^^^-- argument #1 of type `Vec<SmeltUnknown>` is missing
    |
help: provide the argument
    |
325 |     _smelt_tmp_10 = (&mut *throttled.borrow_mut())(/* Vec<SmeltUnknown> */);
    |                                                    +++++++++++++++++++++++

error[E0057]: this function takes 1 argument but 0 arguments were supplied
   --> src/funnel_lodash_throttle_with_cached_value_test.rs:331:21
    |
331 |     _smelt_tmp_13 = (&mut *throttled.borrow_mut())();
    |                     ^^^^^^^^^^^^^^^^^^^^^^^^^^^^^^-- argument #1 of type `Vec<SmeltUnknown>` is missing
    |
help: provide the argument
    |
331 |     _smelt_tmp_13 = (&mut *throttled.borrow_mut())(/* Vec<SmeltUnknown> */);
    |                                                    +++++++++++++++++++++++

error[E0057]: this function takes 1 argument but 0 arguments were supplied
   --> src/funnel_lodash_throttle_with_cached_value_test.rs:364:20
    |
364 |     _smelt_tmp_5 = (&mut *throttled.borrow_mut())();
    |                    ^^^^^^^^^^^^^^^^^^^^^^^^^^^^^^-- argument #1 of type `Vec<SmeltUnknown>` is missing
    |
help: provide the argument
    |
364 |     _smelt_tmp_5 = (&mut *throttled.borrow_mut())(/* Vec<SmeltUnknown> */);
    |                                                   +++++++++++++++++++++++

error[E0599]: no method named `flush` found for enum `SmeltUnknown` in the current scope
   --> src/funnel_remeda_debounce_test.rs:101:67
    |
101 |     move || -> Option<SmeltUnknown> { { debouncing_funnel.clone().flush(); cached_value.clone() } }
    |                                                                   ^^^^^ method not found in `SmeltUnknown`
    |
   ::: src/main.rs:786:1
    |
786 | pub enum SmeltUnknown {
    | --------------------- method `flush` not found for this enum
    |
    = help: items from traits can only be used if the trait is implemented and in scope
    = note: the following trait defines an item `flush`, perhaps you need to implement it:
            candidate #1: `std::io::Write`

error[E0599]: no method named `flush` found for enum `SmeltUnknown` in the current scope
   --> src/funnel_remeda_debounce_test.rs:135:67
    |
135 |     move || -> Option<SmeltUnknown> { { debouncing_funnel.clone().flush(); cached_value.clone() } }
    |                                                                   ^^^^^ method not found in `SmeltUnknown`
    |
   ::: src/main.rs:786:1
    |
786 | pub enum SmeltUnknown {
    | --------------------- method `flush` not found for this enum
    |
    = help: items from traits can only be used if the trait is implemented and in scope
    = note: the following trait defines an item `flush`, perhaps you need to implement it:
            candidate #1: `std::io::Write`

error[E0057]: this function takes 0 arguments but 1 argument was supplied
  --> src/once.rs:13:67
   |
13 | ... !(called.clone()) { { { ret = (&mut *fn_.borrow_mut())(Vec::new()); ret.clone() }; { called = true; called.clone() }; () } } else { (...
   |                                   ^^^^^^^^^^^^^^^^^^^^^^^^ ---------- unexpected argument of type `Vec<_>`
   |
help: remove the extra argument
   |
13 -     move || -> SmeltUnknown { ({ if !(called.clone()) { { { ret = (&mut *fn_.borrow_mut())(Vec::new()); ret.clone() }; { called = true; called.clone() }; () } } else { () }; ret.clone() }).into_smelt_unknown() }
13 +     move || -> SmeltUnknown { ({ if !(called.clone()) { { { ret = (&mut *fn_.borrow_mut())(); ret.clone() }; { called = true; called.clone() }; () } } else { () }; ret.clone() }).into_smelt_unknown() }
   |

error[E0057]: this function takes 1 argument but 0 arguments were supplied
  --> src/uniqueBy.rs:24:42
   |
24 |     let mut _smelt_tmp_6: SmeltUnknown = (&mut *branded_key_function.borrow_mut())();
   |                                          ^^^^^^^^^^^^^^^^^^^^^^^^^^^^^^^^^^^^^^^^^-- argument #1 of type `Vec<SmeltUnknown>` is missing
   |
note: closure defined here
  --> src/uniqueBy.rs:14:77
   |
14 |     let branded_key_function = ::std::rc::Rc::new(::std::cell::RefCell::new(move |smelt_args: Vec<SmeltUnknown>| (&mut *_smelt_tmp_3.borr...
   |                                                                             ^^^^^^^^^^^^^^^^^^^^^^^^^^^^^^^^^^^^
help: provide the argument
   |
24 |     let mut _smelt_tmp_6: SmeltUnknown = (&mut *branded_key_function.borrow_mut())(/* Vec<SmeltUnknown> */);
   |                                                                                    +++++++++++++++++++++++

Some errors have detailed explanations: E0057, E0599.
For more information about an error, try `rustc --explain E0057`.
error: could not compile `remeda_smelt_probe` (bin "remeda_smelt_probe" test) due to 162 previous errors
