   Compiling smelt-codegen-rust v0.1.0 (/home/lollo/Playground/smelt/crates/smelt-codegen-rust)
   Compiling smelt-cli v0.1.0 (/home/lollo/Playground/smelt/crates/smelt-cli)
    Finished `dev` profile [unoptimized + debuginfo] target(s) in 3.28s
     Running `target/debug/smelt --manifest-path third_party/remeda/Smelt.toml build`
signature to_camel_case id=FuncId(879) source=to_camel_case test=false origin=Body(BodyId(1778)) priority=2 params=[TypeId(2425), TypeId(2426)]
signature to_camel_case_implementation id=FuncId(880) source=to_camel_case_implementation test=false origin=Body(BodyId(1776)) priority=2 params=[TypeId(5), TypeId(2417)]
signature test_data_first_on_camel_case_1942 id=FuncId(1942) source=test_data_first_on_camel_case test=true origin=Body(BodyId(3537)) priority=0 params=[]
signature test_data_last_on_camel_case_1950 id=FuncId(1950) source=test_data_last_on_camel_case test=true origin=Body(BodyId(3545)) priority=0 params=[]
signature test_data_first_on_camel_case_1989 id=FuncId(1989) source=test_data_first_on_camel_case test=true origin=Body(BodyId(3586)) priority=0 params=[]
signature test_data_last_on_camel_case_1997 id=FuncId(1997) source=test_data_last_on_camel_case test=true origin=Body(BodyId(3594)) priority=0 params=[]
signature test_camelcase id=FuncId(2022) source=test_camelcase test=true origin=Body(BodyId(3620)) priority=0 params=[]
signature to_camel_case id=FuncId(879) source=to_camel_case test=false origin=Body(BodyId(1778)) priority=2 params=[TypeId(2425), TypeId(2426)]
signature to_camel_case_implementation id=FuncId(880) source=to_camel_case_implementation test=false origin=Body(BodyId(1776)) priority=2 params=[TypeId(5), TypeId(2417)]
signature test_data_first_on_camel_case_1942 id=FuncId(1942) source=test_data_first_on_camel_case test=true origin=Body(BodyId(3537)) priority=0 params=[]
signature test_data_last_on_camel_case_1950 id=FuncId(1950) source=test_data_last_on_camel_case test=true origin=Body(BodyId(3545)) priority=0 params=[]
signature test_data_first_on_camel_case_1989 id=FuncId(1989) source=test_data_first_on_camel_case test=true origin=Body(BodyId(3586)) priority=0 params=[]
signature test_data_last_on_camel_case_1997 id=FuncId(1997) source=test_data_last_on_camel_case test=true origin=Body(BodyId(3594)) priority=0 params=[]
signature test_camelcase id=FuncId(2022) source=test_camelcase test=true origin=Body(BodyId(3620)) priority=0 params=[]
signature to_camel_case id=FuncId(879) source=to_camel_case test=false origin=Body(BodyId(1778)) priority=2 params=[TypeId(2425), TypeId(2426)]
signature to_camel_case_implementation id=FuncId(880) source=to_camel_case_implementation test=false origin=Body(BodyId(1776)) priority=2 params=[TypeId(5), TypeId(2417)]
signature test_data_first_on_camel_case_1942 id=FuncId(1942) source=test_data_first_on_camel_case test=true origin=Body(BodyId(3537)) priority=0 params=[]
signature test_data_last_on_camel_case_1950 id=FuncId(1950) source=test_data_last_on_camel_case test=true origin=Body(BodyId(3545)) priority=0 params=[]
signature test_data_first_on_camel_case_1989 id=FuncId(1989) source=test_data_first_on_camel_case test=true origin=Body(BodyId(3586)) priority=0 params=[]
signature test_data_last_on_camel_case_1997 id=FuncId(1997) source=test_data_last_on_camel_case test=true origin=Body(BodyId(3594)) priority=0 params=[]
signature test_camelcase id=FuncId(2022) source=test_camelcase test=true origin=Body(BodyId(3620)) priority=0 params=[]
signature to_camel_case id=FuncId(879) source=to_camel_case test=false origin=Body(BodyId(1778)) priority=2 params=[TypeId(2425), TypeId(2426)]
signature to_camel_case_implementation id=FuncId(880) source=to_camel_case_implementation test=false origin=Body(BodyId(1776)) priority=2 params=[TypeId(5), TypeId(2417)]
signature test_data_first_on_camel_case_1942 id=FuncId(1942) source=test_data_first_on_camel_case test=true origin=Body(BodyId(3537)) priority=0 params=[]
signature test_data_last_on_camel_case_1950 id=FuncId(1950) source=test_data_last_on_camel_case test=true origin=Body(BodyId(3545)) priority=0 params=[]
signature test_data_first_on_camel_case_1989 id=FuncId(1989) source=test_data_first_on_camel_case test=true origin=Body(BodyId(3586)) priority=0 params=[]
signature test_data_last_on_camel_case_1997 id=FuncId(1997) source=test_data_last_on_camel_case test=true origin=Body(BodyId(3594)) priority=0 params=[]
signature test_camelcase id=FuncId(2022) source=test_camelcase test=true origin=Body(BodyId(3620)) priority=0 params=[]
signature to_camel_case id=FuncId(879) source=to_camel_case test=false origin=Body(BodyId(1778)) priority=2 params=[TypeId(2425), TypeId(2426)]
signature to_camel_case_implementation id=FuncId(880) source=to_camel_case_implementation test=false origin=Body(BodyId(1776)) priority=2 params=[TypeId(5), TypeId(2417)]
signature test_data_first_on_camel_case_1942 id=FuncId(1942) source=test_data_first_on_camel_case test=true origin=Body(BodyId(3537)) priority=0 params=[]
signature test_data_last_on_camel_case_1950 id=FuncId(1950) source=test_data_last_on_camel_case test=true origin=Body(BodyId(3545)) priority=0 params=[]
signature test_data_first_on_camel_case_1989 id=FuncId(1989) source=test_data_first_on_camel_case test=true origin=Body(BodyId(3586)) priority=0 params=[]
signature test_data_last_on_camel_case_1997 id=FuncId(1997) source=test_data_last_on_camel_case test=true origin=Body(BodyId(3594)) priority=0 params=[]
signature test_camelcase id=FuncId(2022) source=test_camelcase test=true origin=Body(BodyId(3620)) priority=0 params=[]
signature to_camel_case id=FuncId(879) source=to_camel_case test=false origin=Body(BodyId(1778)) priority=2 params=[TypeId(2425), TypeId(2426)]
signature to_camel_case_implementation id=FuncId(880) source=to_camel_case_implementation test=false origin=Body(BodyId(1776)) priority=2 params=[TypeId(5), TypeId(2417)]
signature test_data_first_on_camel_case_1942 id=FuncId(1942) source=test_data_first_on_camel_case test=true origin=Body(BodyId(3537)) priority=0 params=[]
signature test_data_last_on_camel_case_1950 id=FuncId(1950) source=test_data_last_on_camel_case test=true origin=Body(BodyId(3545)) priority=0 params=[]
signature test_data_first_on_camel_case_1989 id=FuncId(1989) source=test_data_first_on_camel_case test=true origin=Body(BodyId(3586)) priority=0 params=[]
signature test_data_last_on_camel_case_1997 id=FuncId(1997) source=test_data_last_on_camel_case test=true origin=Body(BodyId(3594)) priority=0 params=[]
signature test_camelcase id=FuncId(2022) source=test_camelcase test=true origin=Body(BodyId(3620)) priority=0 params=[]
signature to_camel_case id=FuncId(879) source=to_camel_case test=false origin=Body(BodyId(1778)) priority=2 params=[TypeId(2425), TypeId(2426)]
signature to_camel_case_implementation id=FuncId(880) source=to_camel_case_implementation test=false origin=Body(BodyId(1776)) priority=2 params=[TypeId(5), TypeId(2417)]
signature test_data_first_on_camel_case_1942 id=FuncId(1942) source=test_data_first_on_camel_case test=true origin=Body(BodyId(3537)) priority=0 params=[]
signature test_data_last_on_camel_case_1950 id=FuncId(1950) source=test_data_last_on_camel_case test=true origin=Body(BodyId(3545)) priority=0 params=[]
signature test_data_first_on_camel_case_1989 id=FuncId(1989) source=test_data_first_on_camel_case test=true origin=Body(BodyId(3586)) priority=0 params=[]
signature test_data_last_on_camel_case_1997 id=FuncId(1997) source=test_data_last_on_camel_case test=true origin=Body(BodyId(3594)) priority=0 params=[]
signature test_camelcase id=FuncId(2022) source=test_camelcase test=true origin=Body(BodyId(3620)) priority=0 params=[]
signature to_camel_case id=FuncId(879) source=to_camel_case test=false origin=Body(BodyId(1778)) priority=2 params=[TypeId(2425), TypeId(2426)]
signature to_camel_case_implementation id=FuncId(880) source=to_camel_case_implementation test=false origin=Body(BodyId(1776)) priority=2 params=[TypeId(5), TypeId(2417)]
signature test_data_first_on_camel_case_1942 id=FuncId(1942) source=test_data_first_on_camel_case test=true origin=Body(BodyId(3537)) priority=0 params=[]
signature test_data_last_on_camel_case_1950 id=FuncId(1950) source=test_data_last_on_camel_case test=true origin=Body(BodyId(3545)) priority=0 params=[]
signature test_data_first_on_camel_case_1989 id=FuncId(1989) source=test_data_first_on_camel_case test=true origin=Body(BodyId(3586)) priority=0 params=[]
signature test_data_last_on_camel_case_1997 id=FuncId(1997) source=test_data_last_on_camel_case test=true origin=Body(BodyId(3594)) priority=0 params=[]
signature test_camelcase id=FuncId(2022) source=test_camelcase test=true origin=Body(BodyId(3620)) priority=0 params=[]
signature to_camel_case id=FuncId(879) source=to_camel_case test=false origin=Body(BodyId(1778)) priority=2 params=[TypeId(2425), TypeId(2426)]
signature to_camel_case_implementation id=FuncId(880) source=to_camel_case_implementation test=false origin=Body(BodyId(1776)) priority=2 params=[TypeId(5), TypeId(2417)]
signature test_data_first_on_camel_case_1942 id=FuncId(1942) source=test_data_first_on_camel_case test=true origin=Body(BodyId(3537)) priority=0 params=[]
signature test_data_last_on_camel_case_1950 id=FuncId(1950) source=test_data_last_on_camel_case test=true origin=Body(BodyId(3545)) priority=0 params=[]
signature test_data_first_on_camel_case_1989 id=FuncId(1989) source=test_data_first_on_camel_case test=true origin=Body(BodyId(3586)) priority=0 params=[]
signature test_data_last_on_camel_case_1997 id=FuncId(1997) source=test_data_last_on_camel_case test=true origin=Body(BodyId(3594)) priority=0 params=[]
signature test_camelcase id=FuncId(2022) source=test_camelcase test=true origin=Body(BodyId(3620)) priority=0 params=[]
