   Compiling remeda_smelt_probe v0.1.0 (/home/lollo/Playground/smelt/third_party/remeda/dist-smelt)
    Finished `test` profile [unoptimized + debuginfo] target(s) in 25.45s
     Running unittests src/main.rs (third_party/remeda/dist-smelt/target/debug/deps/remeda_smelt_probe-784e7d9ef6f36779)

running 9 tests
Error: Custom { kind: Other, error: "expect(...).toStrictEqual(...) failed" }
Error: Custom { kind: Other, error: "expect(...).toStrictEqual(...) failed" }

thread 'zipWith_test::test_data_second_with_initial_arg_should_truncate_to_shorter_second' (288308) panicked at src/main.rs:1120:211:
negative index out of bounds: TryFromIntError(())
note: run with `RUST_BACKTRACE=1` environment variable to display a backtrace
Error: Custom { 
thread 'zipWith_test::test_data_second_with_initial_arg_should_truncate_to_shorter_first' (288307) panicked at src/main.rs:1120:211:
negative index out of bounds: TryFromIntError(())
kind: Other, test zipWith_test::test_data_second_should_truncate_to_shorter_second ... errorFAILED: 
"expect(...).toStrictEqual(...) failed" }
Error: Custom { kind: Other, error: "expect(...).toStrictEqual(...) failed" }test zipWith_test::test_data_second_should_truncate_to_shorter_first ... 
FAILED
test zipWith_test::test_data_first_should_truncate_to_shorter_first ... FAILEDError: 
Custom { kind: Other, error: "test zipWith_test::test_data_first_should_truncate_to_shorter_second ... expect(...).toStrictEqual(...) failedFAILED"
 }
thread 'zipWith_test::test_data_second_with_initial_arg_should_zip_with_predicate' (288309) panicked at src/main.rs:1120:211:
negative index out of bounds: TryFromIntError(())

test zipWith_test::test_data_second_should_zip_with_predicate ... FAILED
test zipWith_test::test_data_second_with_initial_arg_should_zip_with_predicate ... FAILED
test zipWith_test::test_data_second_with_initial_arg_should_truncate_to_shorter_first ... FAILED
test zipWith_test::test_data_second_with_initial_arg_should_truncate_to_shorter_second ... FAILED
Error: Custom { kind: Other, error: "expect(...).toStrictEqual(...) failed" }
test zipWith_test::test_data_first_should_zip_with_predicate ... FAILED

failures:

failures:
    zipWith_test::test_data_first_should_truncate_to_shorter_first
    zipWith_test::test_data_first_should_truncate_to_shorter_second
    zipWith_test::test_data_first_should_zip_with_predicate
    zipWith_test::test_data_second_should_truncate_to_shorter_first
    zipWith_test::test_data_second_should_truncate_to_shorter_second
    zipWith_test::test_data_second_should_zip_with_predicate
    zipWith_test::test_data_second_with_initial_arg_should_truncate_to_shorter_first
    zipWith_test::test_data_second_with_initial_arg_should_truncate_to_shorter_second
    zipWith_test::test_data_second_with_initial_arg_should_zip_with_predicate

test result: FAILED. 0 passed; 9 failed; 0 ignored; 0 measured; 1780 filtered out; finished in 0.00s

error: test failed, to rerun pass `--bin remeda_smelt_probe`
