
running 13 tests

thread '__smelt_module_difference_test::test_lazy' (1411519) panicked at src/difference_test.rs:256:1202:
unknown is not array
note: run with `RUST_BACKTRACE=1` environment variable to display a backtrace
.Error: Custom { kind: Other, error: "expect(...).toStrictEqual(...) failed" }
Error: Custom { kind: Other, error: "expect(...).toStrictEqual(...) failed" }
Error: Custom { kind: Other, error: "expect(...).toStrictEqual(...) failed" }
Error: Custom { kind: Other, error: "expect(...).toStrictEqual(...) failed" }
Error: Custom { kind: Other, error: "expect(...).toStrictEqual(...) failed" }
Error: Custom { kind: Other, error: "expect(...).toStrictEqual(...) failed" }
 1/13
__smelt_module_difference_test::test_compares_objects_by_reference --- FAILED
__smelt_module_difference_test::test_preserves_the_original_order_in_source_array_231 --- FAILED
__smelt_module_difference_test::test_removes_nothing_on_empty_other_array --- FAILED
__smelt_module_difference_test::test_maintains_multi_set_semantics_removes_only_one_copy --- FAILED
__smelt_module_difference_test::test_doesn_t_remove_items_that_are_not_in_the_other_array --- FAILED
__smelt_module_difference_test::test_accounts_and_removes_multiple_copies --- FAILED
Error: Custom { kind: Other, error: "expect(...).toStrictEqual(...) failed" }
__smelt_module_difference_test::test_returns_a_shallow_clone_when_nothing_is_removed --- FAILED
.Error: Custom { kind: Other, error: "expect(...).toStrictEqual(...) failed" }
 9/13
__smelt_module_difference_test::test_works_with_objects --- FAILED
.Error: Custom { kind: Other, error: "expect(...).toStrictEqual(...) failed" }
 11/13
__smelt_module_difference_test::test_works_with_strings --- FAILED
__smelt_module_difference_test::test_lazy --- FAILED

failures:

failures:
    __smelt_module_difference_test::test_accounts_and_removes_multiple_copies
    __smelt_module_difference_test::test_compares_objects_by_reference
    __smelt_module_difference_test::test_doesn_t_remove_items_that_are_not_in_the_other_array
    __smelt_module_difference_test::test_lazy
    __smelt_module_difference_test::test_maintains_multi_set_semantics_removes_only_one_copy
    __smelt_module_difference_test::test_preserves_the_original_order_in_source_array_231
    __smelt_module_difference_test::test_removes_nothing_on_empty_other_array
    __smelt_module_difference_test::test_returns_a_shallow_clone_when_nothing_is_removed
    __smelt_module_difference_test::test_works_with_objects
    __smelt_module_difference_test::test_works_with_strings

test result: FAILED. 3 passed; 10 failed; 0 ignored; 0 measured; 1776 filtered out; finished in 0.03s

error: test failed, to rerun pass `--bin remeda_smelt_probe`
