   Compiling remeda_smelt_probe v0.1.0 (/home/lollo/Playground/smelt/third_party/remeda/dist-smelt)
    Finished `test` profile [unoptimized + debuginfo] target(s) in 1m 14s
     Running unittests src/main.rs (third_party/remeda/dist-smelt/target/debug/deps/remeda_smelt_probe-784e7d9ef6f36779)

running 9 tests
Error: Custom { kind: Other, error: "expect(...).toStrictEqual(...) failed" }
test zipWith_test::test_data_first_should_zip_with_predicate ... Error: FAILEDCustom
 { kind: Other, error: "expect(...).toStrictEqual(...) failed" }
test zipWith_test::test_data_second_should_truncate_to_shorter_first ... FAILED
Error: Custom { kind: Other, error: "expect(...).toStrictEqual(...) failed" }
Error: Custom { kind: Other, error: "expect(...).toStrictEqual(...) failed" }

thread 'zipWith_test::test_data_second_with_initial_arg_should_zip_with_predicate' (268080) panicked at src/main.rs:1120:211:
negative index out of bounds: TryFromIntError(())
note: run with `RUST_BACKTRACE=1` environment variable to display a backtrace
Error: Custom { kind: Other, error: "expect(...).toStrictEqual(...) failed" }
test zipWith_test::test_data_first_should_truncate_to_shorter_second ... FAILED
test zipWith_test::test_data_second_should_zip_with_predicate ... FAILED
test zipWith_test::test_data_first_should_truncate_to_shorter_first ... FAILED
Error: Custom { kind: Other, error: "expect(...).toStrictEqual(...) failed" }
test zipWith_test::test_data_second_should_truncate_to_shorter_second ... FAILED
test zipWith_test::test_data_second_with_initial_arg_should_zip_with_predicate ... FAILED

thread 'zipWith_test::test_data_second_with_initial_arg_should_truncate_to_shorter_first' (268078) panicked at src/main.rs:1120:211:
negative index out of bounds: TryFromIntError(())

thread 'zipWith_test::test_data_second_with_initial_arg_should_truncate_to_shorter_second' (268079) panicked at src/main.rs:1120:211:
negative index out of bounds: TryFromIntError(())
test zipWith_test::test_data_second_with_initial_arg_should_truncate_to_shorter_first ... FAILED
test zipWith_test::test_data_second_with_initial_arg_should_truncate_to_shorter_second ... FAILED

failures:

failures:
    zipWith_test::test_data_first_should_truncate_to_shorter_first
    zipWith_test::test_data_first_should_truncate_to_shorter_second
    zipWith_test::test_data_first_should_zip_with_predicate
    zipWith_test::test_data_second_should_truncate_to_shorter_first
    zipWith_test::test_data_second_should_truncate_to_shorter_second
    zipWith_test::test_data_second_should_zip_with_predicate
    zipWith_test::test_data_second_with_initial_arg_should_truncate_to_shorter_first
    zipWith_test::test_data_second_with_initial_arg_should_truncate_to_shorter_second
    zipWith_test::test_data_second_with_initial_arg_should_zip_with_predicate

test result: FAILED. 0 passed; 9 failed; 0 ignored; 0 measured; 1780 filtered out; finished in 0.01s

error: test failed, to rerun pass `--bin remeda_smelt_probe`
