0|0|0
0|0|0
1|1|1
-1|-1|-1
0.5|0.5|0.5
100|100|100
1000000|1000000|1000000
100000000000000000000|100000000000000000000|100000000000000000000
1e+21|1e+21|1e+21
1e+22|1e+22|1e+22
5e-324|5e-324|5e-324
0.000001|0.000001|0.000001
1e-7|1e-7|1e-7
1.7976931348623157e+308|1.7976931348623157e+308|1.7976931348623157e+308
0.1|0.1|0.1
0.6666666666666666|0.6666666666666666|0.6666666666666666
255|255|255
-1e+21|-1e+21|-1e+21
1e-323|1e-323|1e-323
0 -0 1e+21 1e-7
0 0
NaN Infinity -Infinity
NaN Infinity -Infinity
0 0 1 -1 0.5 100 1000000 100000000000000000000 1e+21 1e+22 5e-324 0.000001 1e-7 1.7976931348623157e+308 0.1 0.6666666666666666 255 -1e+21 1e-323
1e+21
{"big":1e+21,"small":1e-7}
